Archive member included because of file (symbol)

/usr/bin/../lib/gcc/arm-none-eabi/4.9.3/../../../../arm-none-eabi/lib/armv6-m/libstdc++_nano.a(del_op.o)
                              ./src/dht22.o (operator delete(void*))
/usr/bin/../lib/gcc/arm-none-eabi/4.9.3/../../../../arm-none-eabi/lib/armv6-m/libm.a(lib_a-sf_trunc.o)
                              ./src/dtostrf.o (truncf)
/usr/bin/../lib/gcc/arm-none-eabi/4.9.3/armv6-m/libgcc.a(_thumb1_case_uqi.o)
                              ./system/src/stm32f0-stdperiph/stm32f0xx_rcc.o (__gnu_thumb1_case_uqi)
/usr/bin/../lib/gcc/arm-none-eabi/4.9.3/armv6-m/libgcc.a(_udivsi3.o)
                              ./system/src/stm32f0-stdperiph/stm32f0xx_rcc.o (__aeabi_uidiv)
/usr/bin/../lib/gcc/arm-none-eabi/4.9.3/armv6-m/libgcc.a(_divsi3.o)
                              ./src/Timer.o (__aeabi_idiv)
/usr/bin/../lib/gcc/arm-none-eabi/4.9.3/armv6-m/libgcc.a(_dvmd_tls.o)
                              /usr/bin/../lib/gcc/arm-none-eabi/4.9.3/armv6-m/libgcc.a(_udivsi3.o) (__aeabi_idiv0)
/usr/bin/../lib/gcc/arm-none-eabi/4.9.3/armv6-m/libgcc.a(_arm_cmpsf2.o)
                              ./src/dtostrf.o (__aeabi_fcmplt)
/usr/bin/../lib/gcc/arm-none-eabi/4.9.3/armv6-m/libgcc.a(_aeabi_uldivmod.o)
                              ./src/dtostrf.o (__aeabi_uldivmod)
/usr/bin/../lib/gcc/arm-none-eabi/4.9.3/armv6-m/libgcc.a(_muldi3.o)
                              ./src/dht22.o (__aeabi_lmul)
/usr/bin/../lib/gcc/arm-none-eabi/4.9.3/armv6-m/libgcc.a(_fixunssfsi.o)
                              ./src/dtostrf.o (__aeabi_f2uiz)
/usr/bin/../lib/gcc/arm-none-eabi/4.9.3/armv6-m/libgcc.a(bpabi.o)
                              /usr/bin/../lib/gcc/arm-none-eabi/4.9.3/armv6-m/libgcc.a(_aeabi_uldivmod.o) (__gnu_uldivmod_helper)
/usr/bin/../lib/gcc/arm-none-eabi/4.9.3/armv6-m/libgcc.a(eqsf2.o)
                              /usr/bin/../lib/gcc/arm-none-eabi/4.9.3/armv6-m/libgcc.a(_arm_cmpsf2.o) (__eqsf2)
/usr/bin/../lib/gcc/arm-none-eabi/4.9.3/armv6-m/libgcc.a(gesf2.o)
                              /usr/bin/../lib/gcc/arm-none-eabi/4.9.3/armv6-m/libgcc.a(_arm_cmpsf2.o) (__gesf2)
/usr/bin/../lib/gcc/arm-none-eabi/4.9.3/armv6-m/libgcc.a(lesf2.o)
                              /usr/bin/../lib/gcc/arm-none-eabi/4.9.3/armv6-m/libgcc.a(_arm_cmpsf2.o) (__lesf2)
/usr/bin/../lib/gcc/arm-none-eabi/4.9.3/armv6-m/libgcc.a(mulsf3.o)
                              ./src/dtostrf.o (__aeabi_fmul)
/usr/bin/../lib/gcc/arm-none-eabi/4.9.3/armv6-m/libgcc.a(subsf3.o)
                              ./src/dtostrf.o (__aeabi_fsub)
/usr/bin/../lib/gcc/arm-none-eabi/4.9.3/armv6-m/libgcc.a(fixsfsi.o)
                              ./src/dtostrf.o (__aeabi_f2iz)
/usr/bin/../lib/gcc/arm-none-eabi/4.9.3/armv6-m/libgcc.a(floatunsisf.o)
                              ./src/dtostrf.o (__aeabi_ui2f)
/usr/bin/../lib/gcc/arm-none-eabi/4.9.3/armv6-m/libgcc.a(_clzsi2.o)
                              /usr/bin/../lib/gcc/arm-none-eabi/4.9.3/armv6-m/libgcc.a(mulsf3.o) (__clzsi2)
/usr/bin/../lib/gcc/arm-none-eabi/4.9.3/armv6-m/libgcc.a(_divdi3.o)
                              /usr/bin/../lib/gcc/arm-none-eabi/4.9.3/armv6-m/libgcc.a(bpabi.o) (__divdi3)
/usr/bin/../lib/gcc/arm-none-eabi/4.9.3/armv6-m/libgcc.a(_udivdi3.o)
                              /usr/bin/../lib/gcc/arm-none-eabi/4.9.3/armv6-m/libgcc.a(bpabi.o) (__udivdi3)
/usr/bin/../lib/gcc/arm-none-eabi/4.9.3/armv6-m/libgcc.a(_clzdi2.o)
                              /usr/bin/../lib/gcc/arm-none-eabi/4.9.3/armv6-m/libgcc.a(_divdi3.o) (__clzdi2)
/usr/bin/../lib/gcc/arm-none-eabi/4.9.3/../../../../arm-none-eabi/lib/armv6-m/libg_nano.a(lib_a-errno.o)
                              ./system/src/newlib/_sbrk.o (__errno)
/usr/bin/../lib/gcc/arm-none-eabi/4.9.3/../../../../arm-none-eabi/lib/armv6-m/libg_nano.a(lib_a-impure.o)
                              /usr/bin/../lib/gcc/arm-none-eabi/4.9.3/../../../../arm-none-eabi/lib/armv6-m/libg_nano.a(lib_a-errno.o) (_impure_ptr)
/usr/bin/../lib/gcc/arm-none-eabi/4.9.3/../../../../arm-none-eabi/lib/armv6-m/libg_nano.a(lib_a-malloc.o)
                              /usr/bin/../lib/gcc/arm-none-eabi/4.9.3/../../../../arm-none-eabi/lib/armv6-m/libstdc++_nano.a(del_op.o) (free)
/usr/bin/../lib/gcc/arm-none-eabi/4.9.3/../../../../arm-none-eabi/lib/armv6-m/libg_nano.a(lib_a-memcpy.o)
                              ./src/buffer.o (memcpy)
/usr/bin/../lib/gcc/arm-none-eabi/4.9.3/../../../../arm-none-eabi/lib/armv6-m/libg_nano.a(lib_a-nano-freer.o)
                              /usr/bin/../lib/gcc/arm-none-eabi/4.9.3/../../../../arm-none-eabi/lib/armv6-m/libg_nano.a(lib_a-malloc.o) (_free_r)
/usr/bin/../lib/gcc/arm-none-eabi/4.9.3/../../../../arm-none-eabi/lib/armv6-m/libg_nano.a(lib_a-nano-mallocr.o)
                              /usr/bin/../lib/gcc/arm-none-eabi/4.9.3/../../../../arm-none-eabi/lib/armv6-m/libg_nano.a(lib_a-malloc.o) (_malloc_r)
/usr/bin/../lib/gcc/arm-none-eabi/4.9.3/../../../../arm-none-eabi/lib/armv6-m/libg_nano.a(lib_a-sbrkr.o)
[...]
Memory Configuration

Name             Origin             Length             Attributes
RAM              0x0000000020000000 0x0000000000001000 xrw
CCMRAM           0x0000000000000000 0x0000000000000000 xrw
FLASH            0x0000000008000000 0x0000000000004000 xr
FLASHB1          0x0000000000000000 0x0000000000000000 xr
EXTMEMB0         0x0000000000000000 0x0000000000000000 xr
EXTMEMB1         0x0000000000000000 0x0000000000000000 xr
EXTMEMB2         0x0000000000000000 0x0000000000000000 xr
EXTMEMB3         0x0000000000000000 0x0000000000000000 xr
MEMORY_ARRAY     0x0000000000000000 0x0000000000000000 xrw
*default*        0x0000000000000000 0xffffffffffffffff

Linker script and memory map

LOAD ./system/src/stm32f0-stdperiph/stm32f0xx_adc.o
LOAD ./system/src/stm32f0-stdperiph/stm32f0xx_can.o
LOAD ./system/src/stm32f0-stdperiph/stm32f0xx_cec.o
LOAD ./system/src/stm32f0-stdperiph/stm32f0xx_comp.o
LOAD ./system/src/stm32f0-stdperiph/stm32f0xx_crc.o
LOAD ./system/src/stm32f0-stdperiph/stm32f0xx_crs.o
LOAD ./system/src/stm32f0-stdperiph/stm32f0xx_dac.o
LOAD ./system/src/stm32f0-stdperiph/stm32f0xx_dbgmcu.o
LOAD ./system/src/stm32f0-stdperiph/stm32f0xx_dma.o
LOAD ./system/src/stm32f0-stdperiph/stm32f0xx_exti.o
LOAD ./system/src/stm32f0-stdperiph/stm32f0xx_flash.o
LOAD ./system/src/stm32f0-stdperiph/stm32f0xx_gpio.o
LOAD ./system/src/stm32f0-stdperiph/stm32f0xx_i2c.o
LOAD ./system/src/stm32f0-stdperiph/stm32f0xx_iwdg.o
LOAD ./system/src/stm32f0-stdperiph/stm32f0xx_misc.o
LOAD ./system/src/stm32f0-stdperiph/stm32f0xx_pwr.o
LOAD ./system/src/stm32f0-stdperiph/stm32f0xx_rcc.o
LOAD ./system/src/stm32f0-stdperiph/stm32f0xx_rtc.o
LOAD ./system/src/stm32f0-stdperiph/stm32f0xx_spi.o
LOAD ./system/src/stm32f0-stdperiph/stm32f0xx_syscfg.o
LOAD ./system/src/stm32f0-stdperiph/stm32f0xx_tim.o
LOAD ./system/src/stm32f0-stdperiph/stm32f0xx_usart.o
LOAD ./system/src/stm32f0-stdperiph/stm32f0xx_wwdg.o
LOAD ./system/src/newlib/_cxx.o
LOAD ./system/src/newlib/_exit.o
LOAD ./system/src/newlib/_sbrk.o
LOAD ./system/src/newlib/_startup.o
LOAD ./system/src/newlib/_syscalls.o
LOAD ./system/src/newlib/assert.o
LOAD ./system/src/diag/Trace.o
LOAD ./system/src/diag/trace_impl.o
LOAD ./system/src/cortexm/_initialize_hardware.o
LOAD ./system/src/cortexm/_reset_hardware.o
LOAD ./system/src/cortexm/exception_handlers.o
LOAD ./system/src/cmsis/system_stm32f0xx.o
LOAD ./system/src/cmsis/vectors_stm32f0xx.o
LOAD ./src/Timer.o
LOAD ./src/_write.o
LOAD ./src/bbuffer.o
LOAD ./src/buffer.o
LOAD ./src/conditions.o
LOAD ./src/dht22.o
LOAD ./src/dmachan.o
LOAD ./src/dtostrf.o
LOAD ./src/flood.o
LOAD ./src/hcsr04.o
LOAD ./src/intchain.o
LOAD ./src/main.o
LOAD ./src/rtos.o
LOAD ./src/serial.o
LOAD /usr/bin/../lib/gcc/arm-none-eabi/4.9.3/../../../../arm-none-eabi/lib/armv6-m/libstdc++_nano.a
LOAD /usr/bin/../lib/gcc/arm-none-eabi/4.9.3/../../../../arm-none-eabi/lib/armv6-m/libm.a
START GROUP
LOAD /usr/bin/../lib/gcc/arm-none-eabi/4.9.3/armv6-m/libgcc.a
LOAD /usr/bin/../lib/gcc/arm-none-eabi/4.9.3/../../../../arm-none-eabi/lib/armv6-m/libg_nano.a
LOAD /usr/bin/../lib/gcc/arm-none-eabi/4.9.3/../../../../arm-none-eabi/lib/armv6-m/libc_nano.a
END GROUP
START GROUP
LOAD /usr/bin/../lib/gcc/arm-none-eabi/4.9.3/armv6-m/libgcc.a
LOAD /usr/bin/../lib/gcc/arm-none-eabi/4.9.3/../../../../arm-none-eabi/lib/armv6-m/libc_nano.a
END GROUP
                0x0000000020001000                __stack = (ORIGIN (RAM) + 0x1000)
                0x0000000020001000                _estack = __stack
                0x0000000000000400                __Main_Stack_Size = 0x400
                0x0000000000000400                PROVIDE (_Main_Stack_Size, __Main_Stack_Size)
                0x0000000020000c00                __Main_Stack_Limit = (__stack - __Main_Stack_Size)
                0x0000000020000c00                PROVIDE (_Main_Stack_Limit, __Main_Stack_Limit)
                0x0000000000000100                _Minimum_Stack_Size = 0x100
                0x0000000020000660                PROVIDE (_Heap_Begin, _end_noinit)
                0x0000000020000c00                PROVIDE (_Heap_Limit, (__stack - __Main_Stack_Size))

.isr_vector     0x0000000008000000      0x1b6
 FILL mask 0xff
                0x0000000008000000                __vectors_start = ABSOLUTE (.)
                0x0000000008000000                __vectors_start__ = ABSOLUTE (.)
 *(.isr_vector)
 .isr_vector    0x0000000008000000       0xc4 ./system/src/cmsis/vectors_stm32f0xx.o
                0x0000000008000000                g_pfnVectors
 *(.cfmconfig)
 *(.after_vectors .after_vectors.*)
 .after_vectors
                0x00000000080000c4       0xc0 ./system/src/newlib/_startup.o
                0x00000000080000c4                _start
 .after_vectors
                0x0000000008000184       0x30 ./system/src/cortexm/exception_handlers.o
                0x0000000008000184                Reset_Handler
                0x0000000008000188                NMI_Handler
                0x000000000800018a                HardFault_Handler
                0x00000000080001a2                HardFault_Handler_C
                0x00000000080001a4                SVC_Handler
                0x00000000080001a6                PendSV_Handler
 .after_vectors
                0x00000000080001b4        0x2 ./system/src/cmsis/vectors_stm32f0xx.o
                0x00000000080001b4                TIM1_CC_IRQHandler
                0x00000000080001b4                TSC_IRQHandler
                0x00000000080001b4                ADC1_COMP_IRQHandler
                0x00000000080001b4                PVD_IRQHandler
                0x00000000080001b4                I2C1_IRQHandler
                0x00000000080001b4                RCC_CRS_IRQHandler
                0x00000000080001b4                SPI1_IRQHandler
                0x00000000080001b4                TIM6_DAC_IRQHandler
                0x00000000080001b4                USART3_4_IRQHandler
                0x00000000080001b4                ADC1_IRQHandler
                0x00000000080001b4                I2C2_IRQHandler
                0x00000000080001b4                TIM17_IRQHandler
                0x00000000080001b4                CEC_CAN_IRQHandler
                0x00000000080001b4                RTC_IRQHandler
                0x00000000080001b4                PVD_VDDIO2_IRQHandler
                0x00000000080001b4                DMA1_Channel4_5_6_7_IRQHandler
                0x00000000080001b4                TIM16_IRQHandler
                0x00000000080001b4                TIM3_IRQHandler
                0x00000000080001b4                RCC_IRQHandler
                0x00000000080001b4                Default_Handler
                0x00000000080001b4                CEC_IRQHandler
                0x00000000080001b4                TIM14_IRQHandler
                0x00000000080001b4                TIM7_IRQHandler
                0x00000000080001b4                TIM15_IRQHandler
                0x00000000080001b4                USB_IRQHandler
                0x00000000080001b4                SPI2_IRQHandler
                0x00000000080001b4                TS_IRQHandler
                0x00000000080001b4                WWDG_IRQHandler
                0x00000000080001b4                TIM2_IRQHandler
                0x00000000080001b4                USART2_IRQHandler
                0x00000000080001b4                FLASH_IRQHandler
                0x00000000080001b4                TIM1_BRK_UP_TRG_COM_IRQHandler

.inits          0x00000000080001b8       0x34
                0x00000000080001b8                __data_regions_array_start = .
                0x00000000080001b8        0x4 LONG 0x80023d0 LOADADDR (.data)
                0x00000000080001bc        0x4 LONG 0x20000000 ADDR (.data)
                0x00000000080001c0        0x4 LONG 0x20000094 (ADDR (.data) + SIZEOF (.data))
                0x00000000080001c4        0x4 LONG 0x80023d0 LOADADDR (.data_CCMRAM)
                0x00000000080001c8        0x4 LONG 0x0 ADDR (.data_CCMRAM)
                0x00000000080001cc        0x4 LONG 0x0 (ADDR (.data_CCMRAM) + SIZEOF (.data_CCMRAM))
                0x00000000080001d0                __data_regions_array_end = .
                0x00000000080001d0                __bss_regions_array_start = .
                0x00000000080001d0        0x4 LONG 0x20000098 ADDR (.bss)
                0x00000000080001d4        0x4 LONG 0x20000660 (ADDR (.bss) + SIZEOF (.bss))
                0x00000000080001d8        0x4 LONG 0x0 ADDR (.bss_CCMRAM)
                0x00000000080001dc        0x4 LONG 0x0 (ADDR (.bss_CCMRAM) + SIZEOF (.bss_CCMRAM))
                0x00000000080001e0                __bss_regions_array_end = .
 *(.init)
 *(.fini)
                0x00000000080001e0                . = ALIGN (0x4)
                0x00000000080001e0                PROVIDE (__preinit_array_start, .)
 *(.preinit_array_sysinit .preinit_array_sysinit.*)
 *(.preinit_array_platform .preinit_array_platform.*)
 *(.preinit_array .preinit_array.*)
                0x00000000080001e0                PROVIDE (__preinit_array_end, .)
                0x00000000080001e0                . = ALIGN (0x4)
                0x00000000080001e0                PROVIDE (__init_array_start, .)
 *(SORT(.init_array.*))
 *(.init_array)
 .init_array    0x00000000080001e0        0x4 ./src/dmachan.o
 .init_array    0x00000000080001e4        0x4 ./src/main.o
                0x00000000080001e8                PROVIDE (__init_array_end, .)
                0x00000000080001e8                . = ALIGN (0x4)
                0x00000000080001e8                PROVIDE (__fini_array_start, .)
 *(SORT(.fini_array.*))
 *(.fini_array)
 .fini_array    0x00000000080001e8        0x4 ./src/main.o
                0x00000000080001ec                PROVIDE (__fini_array_end, .)

.flashtext
 *(.flashtext .flashtext.*)

.text           0x00000000080001f0     0x21d7
 *(.text .text.*)
 .text.DMA_DeInit
                0x00000000080001f0       0xa8 ./system/src/stm32f0-stdperiph/stm32f0xx_dma.o
                0x00000000080001f0                DMA_DeInit
 .text.DMA_GetFlagStatus
                0x0000000008000298       0x14 ./system/src/stm32f0-stdperiph/stm32f0xx_dma.o
                0x0000000008000298                DMA_GetFlagStatus
 .text.DMA_ClearFlag
                0x00000000080002ac        0xc ./system/src/stm32f0-stdperiph/stm32f0xx_dma.o
                0x00000000080002ac                DMA_ClearFlag
 .text.EXTI_Init
                0x00000000080002b8       0x64 ./system/src/stm32f0-stdperiph/stm32f0xx_exti.o
                0x00000000080002b8                EXTI_Init
 .text.EXTI_GetFlagStatus
                0x000000000800031c       0x14 ./system/src/stm32f0-stdperiph/stm32f0xx_exti.o
                0x000000000800031c                EXTI_GetFlagStatus
 .text.EXTI_ClearFlag
                0x0000000008000330        0xc ./system/src/stm32f0-stdperiph/stm32f0xx_exti.o
                0x0000000008000330                EXTI_ClearFlag
 .text.GPIO_Init
                0x000000000800033c       0x78 ./system/src/stm32f0-stdperiph/stm32f0xx_gpio.o
                0x000000000800033c                GPIO_Init
 .text.GPIO_ReadInputData
                0x00000000080003b4        0x6 ./system/src/stm32f0-stdperiph/stm32f0xx_gpio.o
                0x00000000080003b4                GPIO_ReadInputData
 .text.GPIO_SetBits
                0x00000000080003ba        0x4 ./system/src/stm32f0-stdperiph/stm32f0xx_gpio.o
                0x00000000080003ba                GPIO_SetBits
 .text.GPIO_ResetBits
                0x00000000080003be        0x4 ./system/src/stm32f0-stdperiph/stm32f0xx_gpio.o
                0x00000000080003be                GPIO_ResetBits
 .text.GPIO_WriteBit
                0x00000000080003c2        0xc ./system/src/stm32f0-stdperiph/stm32f0xx_gpio.o
                0x00000000080003c2                GPIO_WriteBit
 .text.GPIO_PinAFConfig
                0x00000000080003ce       0x24 ./system/src/stm32f0-stdperiph/stm32f0xx_gpio.o
                0x00000000080003ce                GPIO_PinAFConfig
 *fill*         0x00000000080003f2        0x2 
 .text.NVIC_Init
                0x00000000080003f4       0x60 ./system/src/stm32f0-stdperiph/stm32f0xx_misc.o
                0x00000000080003f4                NVIC_Init
 .text.RCC_GetClocksFreq
                0x0000000008000454      0x148 ./system/src/stm32f0-stdperiph/stm32f0xx_rcc.o
                0x0000000008000454                RCC_GetClocksFreq
 .text.RCC_AHBPeriphClockCmd
                0x000000000800059c       0x18 ./system/src/stm32f0-stdperiph/stm32f0xx_rcc.o
                0x000000000800059c                RCC_AHBPeriphClockCmd
 .text.RCC_APB2PeriphClockCmd
                0x00000000080005b4       0x18 ./system/src/stm32f0-stdperiph/stm32f0xx_rcc.o
                0x00000000080005b4                RCC_APB2PeriphClockCmd
 .text.RCC_APB2PeriphResetCmd
                0x00000000080005cc       0x18 ./system/src/stm32f0-stdperiph/stm32f0xx_rcc.o
                0x00000000080005cc                RCC_APB2PeriphResetCmd
 .text.RCC_APB1PeriphResetCmd
                0x00000000080005e4       0x18 ./system/src/stm32f0-stdperiph/stm32f0xx_rcc.o
                0x00000000080005e4                RCC_APB1PeriphResetCmd
 .text.SYSCFG_EXTILineConfig
                0x00000000080005fc       0x2c ./system/src/stm32f0-stdperiph/stm32f0xx_syscfg.o
                0x00000000080005fc                SYSCFG_EXTILineConfig
 .text.USART_DeInit
                0x0000000008000628       0x78 ./system/src/stm32f0-stdperiph/stm32f0xx_usart.o
                0x0000000008000628                USART_DeInit
 .text.USART_Init
                0x00000000080006a0       0xac ./system/src/stm32f0-stdperiph/stm32f0xx_usart.o
                0x00000000080006a0                USART_Init
 .text.USART_Cmd
                0x000000000800074c       0x12 ./system/src/stm32f0-stdperiph/stm32f0xx_usart.o
                0x000000000800074c                USART_Cmd
 .text.USART_SendData
                0x000000000800075e        0x8 ./system/src/stm32f0-stdperiph/stm32f0xx_usart.o
                0x000000000800075e                USART_SendData
 .text.USART_ReceiveData
                0x0000000008000766        0x8 ./system/src/stm32f0-stdperiph/stm32f0xx_usart.o
                0x0000000008000766                USART_ReceiveData
 .text.USART_ITConfig
                0x000000000800076e       0x2e ./system/src/stm32f0-stdperiph/stm32f0xx_usart.o
                0x000000000800076e                USART_ITConfig
 .text.USART_GetFlagStatus
                0x000000000800079c        0xc ./system/src/stm32f0-stdperiph/stm32f0xx_usart.o
                0x000000000800079c                USART_GetFlagStatus
 .text._exit    0x00000000080007a8        0x6 ./system/src/newlib/_exit.o
                0x00000000080007a8                _exit
 .text.abort    0x00000000080007ae        0x8 ./system/src/newlib/_exit.o
                0x00000000080007ae                abort
 *fill*         0x00000000080007b6        0x2 
 .text.__initialize_args
                0x00000000080007b8       0x10 ./system/src/newlib/_syscalls.o
                0x00000000080007b8                __initialize_args
 .text.__assert_func
                0x00000000080007c8        0x6 ./system/src/newlib/assert.o
                0x00000000080007c8                __assert_func
 .text.__initialize_hardware_early
                0x00000000080007ce        0x8 ./system/src/cortexm/_initialize_hardware.o
                0x00000000080007ce                __initialize_hardware_early
 .text.__initialize_hardware
                0x00000000080007d6        0x8 ./system/src/cortexm/_initialize_hardware.o
                0x00000000080007d6                __initialize_hardware
 *fill*         0x00000000080007de        0x2 
 .text.__reset_hardware
                0x00000000080007e0       0x18 ./system/src/cortexm/_reset_hardware.o
                0x00000000080007e0                __reset_hardware
 .text.SystemInit
                0x00000000080007f8       0xf4 ./system/src/cmsis/system_stm32f0xx.o
                0x00000000080007f8                SystemInit
 .text.SystemCoreClockUpdate
                0x00000000080008ec       0x68 ./system/src/cmsis/system_stm32f0xx.o
                0x00000000080008ec                SystemCoreClockUpdate
 .text._ZN5Timer10systemTickEv
                0x0000000008000954       0x1c ./src/Timer.o
                0x0000000008000954                Timer::systemTick()
 .text._ZN5Timer5setupEv
                0x0000000008000970       0x78 ./src/Timer.o
                0x0000000008000970                Timer::setup()
 .text._ZN5Timer6msleepEm
                0x00000000080009e8       0x24 ./src/Timer.o
                0x00000000080009e8                Timer::msleep(unsigned long)
 .text._ZN5Timer11msleepUntilEy
                0x0000000008000a0c       0x18 ./src/Timer.o
                0x0000000008000a0c                Timer::msleepUntil(unsigned long long)
 .text._ZN5Timer6usleepEm
                0x0000000008000a24       0x90 ./src/Timer.o
                0x0000000008000a24                Timer::usleep(unsigned long)
 .text.SysTick_Handler
                0x0000000008000ab4       0x10 ./src/Timer.o
                0x0000000008000ab4                SysTick_Handler
 .text._ZN14bounded_bufferC2ER6buffer
                0x0000000008000ac4       0x10 ./src/bbuffer.o
                0x0000000008000ac4                bounded_buffer::bounded_buffer(buffer&)
                0x0000000008000ac4                bounded_buffer::bounded_buffer(buffer&)
 .text._ZN14bounded_buffer19insertFromInterruptEh
                0x0000000008000ad4       0x44 ./src/bbuffer.o
                0x0000000008000ad4                bounded_buffer::insertFromInterrupt(unsigned char)
 .text._ZN9Semaphore16incFromInterruptEm
                0x0000000008000b18        0xc ./src/conditions.o
                0x0000000008000b18                Semaphore::incFromInterrupt(unsigned long)
 .text._ZN5DHT22D2Ev
                0x0000000008000b24        0x2 ./src/dht22.o
                0x0000000008000b24                DHT22::~DHT22()
                0x0000000008000b24                DHT22::~DHT22()
 *fill*         0x0000000008000b26        0x2 
 .text._ZN5DHT225onIRQEv
                0x0000000008000b28       0xdc ./src/dht22.o
                0x0000000008000b28                DHT22::onIRQ()
 .text._ZN5DHT22D0Ev
                0x0000000008000c04        0xc ./src/dht22.o
                0x0000000008000c04                DHT22::~DHT22()
 .text._ZN5DHT22C2EP12GPIO_TypeDefhhPP8IntChain
                0x0000000008000c10       0x3c ./src/dht22.o
                0x0000000008000c10                DHT22::DHT22(GPIO_TypeDef*, unsigned char, unsigned char, IntChain**)
                0x0000000008000c10                DHT22::DHT22(GPIO_TypeDef*, unsigned char, unsigned char, IntChain**)
 .text._ZN5DHT225setupEv
                0x0000000008000c4c       0x98 ./src/dht22.o
                0x0000000008000c4c                DHT22::setup()
 .text._ZN5DHT229startReadEv
                0x0000000008000ce4       0x38 ./src/dht22.o
                0x0000000008000ce4                DHT22::startRead()
 .text._ZN5DHT2211readSuccessEv
                0x0000000008000d1c       0x2e ./src/dht22.o
                0x0000000008000d1c                DHT22::readSuccess()
 .text._ZN5DHT2214getTemperatureEv
                0x0000000008000d4a       0x1c ./src/dht22.o
                0x0000000008000d4a                DHT22::getTemperature()
 .text._ZN5DHT2211getHumidityEv
                0x0000000008000d66       0x10 ./src/dht22.o
                0x0000000008000d66                DHT22::getHumidity()
 .text._ZN10DMAChannelC2EP19DMA_Channel_TypeDefmh
                0x0000000008000d76       0x32 ./src/dmachan.o
                0x0000000008000d76                DMAChannel::DMAChannel(DMA_Channel_TypeDef*, unsigned long, unsigned char)
                0x0000000008000d76                DMAChannel::DMAChannel(DMA_Channel_TypeDef*, unsigned long, unsigned char)
 .text._ZN10DMAChannel5onIRQEv
                0x0000000008000da8       0x2a ./src/dmachan.o
                0x0000000008000da8                DMAChannel::onIRQ()
 *fill*         0x0000000008000dd2        0x2 
 .text.DMA1_Channel1_IRQHandler
                0x0000000008000dd4       0x10 ./src/dmachan.o
                0x0000000008000dd4                DMA1_Channel1_IRQHandler
 .text.DMA1_Channel2_3_IRQHandler
                0x0000000008000de4       0x18 ./src/dmachan.o
                0x0000000008000de4                DMA1_Channel2_3_IRQHandler
 .text.DMA1_Channel4_5_IRQHandler
                0x0000000008000dfc       0x18 ./src/dmachan.o
                0x0000000008000dfc                DMA1_Channel4_5_IRQHandler
 .text.startup._GLOBAL__sub_I__ZN11SemDelegate5onIRQEv
                0x0000000008000e14       0x70 ./src/dmachan.o
 .text._Z6itostrljjcPc
                0x0000000008000e84       0xb0 ./src/dtostrf.o
                0x0000000008000e84                itostr(long, unsigned int, unsigned int, char, char*)
 .text._Z6utostrmjjcPc
                0x0000000008000f34       0x98 ./src/dtostrf.o
                0x0000000008000f34                utostr(unsigned long, unsigned int, unsigned int, char, char*)
 .text._Z7dtostrxljjjjcPc
                0x0000000008000fcc       0xd4 ./src/dtostrf.o
                0x0000000008000fcc                dtostrx(long, unsigned int, unsigned int, unsigned int, unsigned int, char, char*)
 .text._ZN11FloodSensorC2Ev
                0x00000000080010a0       0x8c ./src/flood.o
                0x00000000080010a0                FloodSensor::FloodSensor()
                0x00000000080010a0                FloodSensor::FloodSensor()
 .text._ZN11FloodSensor14setSensorPowerEb
                0x000000000800112c       0x1c ./src/flood.o
                0x000000000800112c                FloodSensor::setSensorPower(bool)
 .text._ZN11FloodSensor10setPiPowerEb
                0x0000000008001148       0x1c ./src/flood.o
                0x0000000008001148                FloodSensor::setPiPower(bool)
 .text._ZN11FloodSensor5setupEv
                0x0000000008001164       0x58 ./src/flood.o
                0x0000000008001164                FloodSensor::setup()
 .text._ZN11FloodSensor7observeEv
                0x00000000080011bc      0x174 ./src/flood.o
                0x00000000080011bc                FloodSensor::observe()
 .text._ZN11FloodSensor4dumpEv
                0x0000000008001330       0xec ./src/flood.o
                0x0000000008001330                FloodSensor::dump()
 .text._ZN6HCSR04D2Ev
                0x000000000800141c        0x2 ./src/hcsr04.o
                0x000000000800141c                HCSR04::~HCSR04()
                0x000000000800141c                HCSR04::~HCSR04()
 *fill*         0x000000000800141e        0x2 
 .text._ZN6HCSR045onIRQEv
                0x0000000008001420       0x90 ./src/hcsr04.o
                0x0000000008001420                HCSR04::onIRQ()
 .text._ZN6HCSR04D0Ev
                0x00000000080014b0        0xc ./src/hcsr04.o
                0x00000000080014b0                HCSR04::~HCSR04()
 .text._ZN6HCSR04C2EP12GPIO_TypeDefhhhPP8IntChain
                0x00000000080014bc       0x38 ./src/hcsr04.o
                0x00000000080014bc                HCSR04::HCSR04(GPIO_TypeDef*, unsigned char, unsigned char, unsigned char, IntChain**)
                0x00000000080014bc                HCSR04::HCSR04(GPIO_TypeDef*, unsigned char, unsigned char, unsigned char, IntChain**)
 .text._ZN6HCSR045setupEv
                0x00000000080014f4       0xb8 ./src/hcsr04.o
                0x00000000080014f4                HCSR04::setup()
 .text._ZN6HCSR049startReadEv
                0x00000000080015ac       0x30 ./src/hcsr04.o
                0x00000000080015ac                HCSR04::startRead()
 .text._ZN6HCSR048getRangeEv
                0x00000000080015dc       0x14 ./src/hcsr04.o
                0x00000000080015dc                HCSR04::getRange()
 .text._ZN8IntChain7executeEPS_
                0x00000000080015f0       0x16 ./src/intchain.o
                0x00000000080015f0                IntChain::execute(IntChain*)
 .text._ZN8IntChain7installEPPS_
                0x0000000008001606        0x8 ./src/intchain.o
                0x0000000008001606                IntChain::install(IntChain**)
 *fill*         0x000000000800160e        0x2 
 .text.EXTI0_1_IRQHandler
                0x0000000008001610       0x10 ./src/intchain.o
                0x0000000008001610                EXTI0_1_IRQHandler
 .text.EXTI2_3_IRQHandler
                0x0000000008001620       0x10 ./src/intchain.o
                0x0000000008001620                EXTI2_3_IRQHandler
 .text.EXTI4_15_IRQHandler
                0x0000000008001630       0x10 ./src/intchain.o
                0x0000000008001630                EXTI4_15_IRQHandler
 .text.startup.main
                0x0000000008001640       0x74 ./src/main.o
                0x0000000008001640                main
 .text.startup._GLOBAL__sub_I_txtbuf
                0x00000000080016b4       0x10 ./src/main.o
 .text.exit._GLOBAL__sub_D_txtbuf
                0x00000000080016c4       0x18 ./src/main.o
 .text._ZN6Serial8transmitEmPKh.part.2
                0x00000000080016dc       0x32 ./src/serial.o
 *fill*         0x000000000800170e        0x2 
 .text._ZN6SerialC2EP13USART_TypeDefP14bounded_buffer
                0x0000000008001710       0x38 ./src/serial.o
                0x0000000008001710                Serial::Serial(USART_TypeDef*, bounded_buffer*)
                0x0000000008001710                Serial::Serial(USART_TypeDef*, bounded_buffer*)
 .text._ZN6SerialD2Ev
                0x0000000008001748       0x20 ./src/serial.o
                0x0000000008001748                Serial::~Serial()
                0x0000000008001748                Serial::~Serial()
 .text._ZN6Serial5setupEP17USART_InitTypeDef
                0x0000000008001768       0xcc ./src/serial.o
                0x0000000008001768                Serial::setup(USART_InitTypeDef*)
 .text._ZN6Serial5setupEm
                0x0000000008001834       0x1c ./src/serial.o
                0x0000000008001834                Serial::setup(unsigned long)
 .text._ZN6Serial8transmitEmPKh
                0x0000000008001850        0xc ./src/serial.o
                0x0000000008001850                Serial::transmit(unsigned long, unsigned char const*)
 .text._ZN6Serial5printEPKc
                0x000000000800185c       0x18 ./src/serial.o
                0x000000000800185c                Serial::print(char const*)
 .text._ZN6Serial7printlnEPKc
                0x0000000008001874       0x18 ./src/serial.o
                0x0000000008001874                Serial::println(char const*)
 .text._ZN6Serial11onInterruptEv
                0x000000000800188c       0x2a ./src/serial.o
                0x000000000800188c                Serial::onInterrupt()
 *fill*         0x00000000080018b6        0x2 
 .text.USART1_IRQHandler
                0x00000000080018b8       0x14 ./src/serial.o
                0x00000000080018b8                USART1_IRQHandler
 .text._ZdlPv   0x00000000080018cc        0x8 /usr/bin/../lib/gcc/arm-none-eabi/4.9.3/../../../../arm-none-eabi/lib/armv6-m/libstdc++_nano.a(del_op.o)
                0x00000000080018cc                operator delete(void*)
 .text          0x00000000080018d4       0x14 /usr/bin/../lib/gcc/arm-none-eabi/4.9.3/armv6-m/libgcc.a(_thumb1_case_uqi.o)
                0x00000000080018d4                __gnu_thumb1_case_uqi
 .text          0x00000000080018e8      0x120 /usr/bin/../lib/gcc/arm-none-eabi/4.9.3/armv6-m/libgcc.a(_udivsi3.o)
                0x00000000080018e8                __udivsi3
                0x00000000080018e8                __aeabi_uidiv
                0x00000000080019f4                __aeabi_uidivmod
 .text          0x0000000008001a08      0x1e0 /usr/bin/../lib/gcc/arm-none-eabi/4.9.3/armv6-m/libgcc.a(_divsi3.o)
                0x0000000008001a08                __aeabi_idiv
                0x0000000008001a08                __divsi3
                0x0000000008001bd4                __aeabi_idivmod
 .text          0x0000000008001be8        0x4 /usr/bin/../lib/gcc/arm-none-eabi/4.9.3/armv6-m/libgcc.a(_dvmd_tls.o)
                0x0000000008001be8                __aeabi_ldiv0
                0x0000000008001be8                __aeabi_idiv0
 .text          0x0000000008001bec       0x40 /usr/bin/../lib/gcc/arm-none-eabi/4.9.3/armv6-m/libgcc.a(_aeabi_uldivmod.o)
                0x0000000008001bec                __aeabi_uldivmod
 .text          0x0000000008001c2c       0x54 /usr/bin/../lib/gcc/arm-none-eabi/4.9.3/armv6-m/libgcc.a(_muldi3.o)
                0x0000000008001c2c                __aeabi_lmul
                0x0000000008001c2c                __muldi3
 .text          0x0000000008001c80       0x6c /usr/bin/../lib/gcc/arm-none-eabi/4.9.3/armv6-m/libgcc.a(bpabi.o)
                0x0000000008001c80                __gnu_ldivmod_helper
                0x0000000008001cb8                __gnu_uldivmod_helper
 .text          0x0000000008001cec       0x3c /usr/bin/../lib/gcc/arm-none-eabi/4.9.3/armv6-m/libgcc.a(_clzsi2.o)
                0x0000000008001cec                __clzsi2
 .text          0x0000000008001d28      0x1f0 /usr/bin/../lib/gcc/arm-none-eabi/4.9.3/armv6-m/libgcc.a(_divdi3.o)
                0x0000000008001d28                __divdi3
 .text          0x0000000008001f18      0x158 /usr/bin/../lib/gcc/arm-none-eabi/4.9.3/armv6-m/libgcc.a(_udivdi3.o)
                0x0000000008001f18                __udivdi3
 .text          0x0000000008002070       0x18 /usr/bin/../lib/gcc/arm-none-eabi/4.9.3/armv6-m/libgcc.a(_clzdi2.o)
                0x0000000008002070                __clzdi2
 .text.free     0x0000000008002088       0x14 /usr/bin/../lib/gcc/arm-none-eabi/4.9.3/../../../../arm-none-eabi/lib/armv6-m/libg_nano.a(lib_a-malloc.o)
                0x0000000008002088                free
 .text._free_r  0x000000000800209c       0x8c /usr/bin/../lib/gcc/arm-none-eabi/4.9.3/../../../../arm-none-eabi/lib/armv6-m/libg_nano.a(lib_a-nano-freer.o)
                0x000000000800209c                _free_r
 .text.strlen   0x0000000008002128        0xe /usr/bin/../lib/gcc/arm-none-eabi/4.9.3/../../../../arm-none-eabi/lib/armv6-m/libg_nano.a(lib_a-strlen.o)
                0x0000000008002128                strlen
 *(.rodata .rodata.* .constdata .constdata.*)
 *fill*         0x0000000008002136        0x2 
 .rodata._ZTV5DHT22
                0x0000000008002138       0x14 ./src/dht22.o
                0x0000000008002138                vtable for DHT22
 .rodata.str1.1
                0x000000000800214c       0xe4 ./src/dtostrf.o
 .rodata._ZZ6utostrmjjcPcE19__PRETTY_FUNCTION__
                0x0000000008002230       0x40 ./src/dtostrf.o
 .rodata._ZZ6itostrljjcPcE19__PRETTY_FUNCTION__
                0x0000000008002270       0x3f ./src/dtostrf.o
 .rodata._ZZ7dtostrxljjjjcPcE19__PRETTY_FUNCTION__
                0x00000000080022af       0x5c ./src/dtostrf.o
 .rodata.str1.1
                0x000000000800230b       0x18 ./src/flood.o
                                         0x1a (size before relaxing)
 *fill*         0x0000000008002323        0x5 
 .rodata._ZTV6HCSR04
                0x0000000008002328       0x14 ./src/hcsr04.o
                0x0000000008002328                vtable for HCSR04
 .rodata.str1.1
                0x000000000800233c        0x2 ./src/main.o
                                          0x3 (size before relaxing)
 .rodata._ZZN6Serial5setupEP17USART_InitTypeDefE19__PRETTY_FUNCTION__
                0x000000000800233e       0x27 ./src/serial.o
 .rodata.str1.1
                0x0000000008002365       0x30 ./src/serial.o
 .rodata._ZZN6SerialC4EP13USART_TypeDefP14bounded_bufferE19__PRETTY_FUNCTION__
                0x0000000008002395       0x30 ./src/serial.o
 .rodata.str1.1
                0x00000000080023c5        0x2 /usr/bin/../lib/gcc/arm-none-eabi/4.9.3/../../../../arm-none-eabi/lib/armv6-m/libg_nano.a(lib_a-impure.o)
 *(vtable)
 *(.eh_frame*)
 *(.glue_7)
 .glue_7        0x0000000000000000        0x0 linker stubs
 *(.glue_7t)
 .glue_7t       0x0000000000000000        0x0 linker stubs

.vfp11_veneer   0x00000000080023c8        0x0
 .vfp11_veneer  0x0000000000000000        0x0 linker stubs

.v4_bx          0x00000000080023c8        0x0
 .v4_bx         0x0000000000000000        0x0 linker stubs

.iplt           0x00000000080023c8        0x0
 .iplt          0x0000000000000000        0x0 ./system/src/stm32f0-stdperiph/stm32f0xx_adc.o

.ARM.extab
 *(.ARM.extab* .gnu.linkonce.armextab.*)
                0x00000000080023c8                . = ALIGN (0x4)
                0x00000000080023c8                __exidx_start = .

.ARM.exidx      0x00000000080023c8        0x8
 *(.ARM.exidx* .gnu.linkonce.armexidx.*)
 .ARM.exidx     0x00000000080023c8        0x8 /usr/bin/../lib/gcc/arm-none-eabi/4.9.3/armv6-m/libgcc.a(_divdi3.o)
 .ARM.exidx     0x00000000080023d0        0x0 /usr/bin/../lib/gcc/arm-none-eabi/4.9.3/armv6-m/libgcc.a(_udivdi3.o)
                                          0x8 (size before relaxing)
                0x00000000080023d0                __exidx_end = .

.rel.dyn        0x00000000080023d0        0x0
 .rel.iplt      0x0000000000000000        0x0 ./system/src/stm32f0-stdperiph/stm32f0xx_adc.o
                0x00000000080023d0                . = ALIGN (0x4)
                0x00000000080023d0                _etext = .
                0x00000000080023d0                __etext = .

.data_CCMRAM    0x0000000000000000        0x0 load address 0x00000000080023d0
 FILL mask 0xff
 *(.data.CCMRAM .data.CCMRAM.*)
                0x0000000000000000                . = ALIGN (0x4)
                0x00000000080023d0                _sidata = LOADADDR (.data)

.data           0x0000000020000000       0x94 load address 0x00000000080023d0
 FILL mask 0xff
                0x0000000020000000                _sdata = .
                0x0000000020000000                __data_start__ = .
 *(.data_begin .data_begin.*)
 *(.data .data.*)
 .data.APBAHBPrescTable
                0x0000000020000000       0x10 ./system/src/stm32f0-stdperiph/stm32f0xx_rcc.o
 .data.argv.4157
                0x0000000020000010        0x8 ./system/src/newlib/_syscalls.o
 .data.AHBPrescTable
                0x0000000020000018       0x10 ./system/src/cmsis/system_stm32f0xx.o
                0x0000000020000018                AHBPrescTable
 .data.SystemCoreClock
                0x0000000020000028        0x4 ./system/src/cmsis/system_stm32f0xx.o
                0x0000000020000028                SystemCoreClock
 .data._ZN5Timer8tickfuncE
                0x000000002000002c        0x4 ./src/Timer.o
                0x000000002000002c                Timer::tickfunc
 .data.impure_data
                0x0000000020000030       0x60 /usr/bin/../lib/gcc/arm-none-eabi/4.9.3/../../../../arm-none-eabi/lib/armv6-m/libg_nano.a(lib_a-impure.o)
 .data._impure_ptr
                0x0000000020000090        0x4 /usr/bin/../lib/gcc/arm-none-eabi/4.9.3/../../../../arm-none-eabi/lib/armv6-m/libg_nano.a(lib_a-impure.o)
                0x0000000020000090                _impure_ptr
 *(.data_end .data_end.*)
                0x0000000020000094                . = ALIGN (0x4)
                0x0000000020000094                _edata = .
                0x0000000020000094                __data_end__ = .

.igot.plt       0x0000000020000094        0x0 load address 0x0000000008002464
 .igot.plt      0x0000000000000000        0x0 ./system/src/stm32f0-stdperiph/stm32f0xx_adc.o

.bss_CCMRAM     0x0000000000000000        0x0
 *(.bss.CCMRAM .bss.CCMRAM.*)

.bss            0x0000000020000098      0x5c8
                0x0000000020000098                __bss_start__ = .
                0x0000000020000098                _sbss = .
 *(.bss_begin .bss_begin.*)
 *(.bss .bss.*)
 .bss.name.4156
                0x0000000020000098        0x1 ./system/src/newlib/_syscalls.o
 *fill*         0x0000000020000099        0x3 
 .bss._ZN5Timer12TICKS_PER_MSE
                0x000000002000009c        0x4 ./src/Timer.o
                0x000000002000009c                Timer::TICKS_PER_MS
 .bss._ZN5Timer10ms_elapsedE
                0x00000000200000a0        0x8 ./src/Timer.o
                0x00000000200000a0                Timer::ms_elapsed
 .bss._ZN5Timer12TICKS_PER_USE
                0x00000000200000a8        0x4 ./src/Timer.o
                0x00000000200000a8                Timer::TICKS_PER_US
 .bss._ZN6buffer6canaryE
                0x00000000200000ac        0x1 ./src/buffer.o
                0x00000000200000ac                buffer::canary
 *fill*         0x00000000200000ad        0x3 
 .bss._ZN10DMAChannel13dma1_channel1E
                0x00000000200000b0       0x10 ./src/dmachan.o
                0x00000000200000b0                DMAChannel::dma1_channel1
 .bss._ZN10DMAChannel13dma1_channel2E
                0x00000000200000c0       0x10 ./src/dmachan.o
                0x00000000200000c0                DMAChannel::dma1_channel2
 .bss._ZN10DMAChannel13dma1_channel3E
                0x00000000200000d0       0x10 ./src/dmachan.o
                0x00000000200000d0                DMAChannel::dma1_channel3
 .bss._ZN10DMAChannel13dma1_channel4E
                0x00000000200000e0       0x10 ./src/dmachan.o
                0x00000000200000e0                DMAChannel::dma1_channel4
 .bss._ZN10DMAChannel13dma1_channel5E
                0x00000000200000f0       0x10 ./src/dmachan.o
                0x00000000200000f0                DMAChannel::dma1_channel5
 .bss.irqc_EXTI4_15
                0x0000000020000100        0x4 ./src/intchain.o
                0x0000000020000100                irqc_EXTI4_15
 .bss.irqc_EXTI2_3
                0x0000000020000104        0x4 ./src/intchain.o
                0x0000000020000104                irqc_EXTI2_3
 .bss.irqc_EXTI0_1
                0x0000000020000108        0x4 ./src/intchain.o
                0x0000000020000108                irqc_EXTI0_1
 *fill*         0x000000002000010c        0x4 
 .bss.flood     0x0000000020000110      0x548 ./src/main.o
                0x0000000020000110                flood
 .bss._ZN6Serial5uart1E
                0x0000000020000658        0x4 ./src/serial.o
                0x0000000020000658                Serial::uart1
 .bss.__malloc_free_list
                0x000000002000065c        0x4 /usr/bin/../lib/gcc/arm-none-eabi/4.9.3/../../../../arm-none-eabi/lib/armv6-m/libg_nano.a(lib_a-nano-mallocr.o)
                0x000000002000065c                __malloc_free_list
 *(COMMON)
 *(.bss_end .bss_end.*)
                0x0000000020000660                . = ALIGN (0x4)
                0x0000000020000660                __bss_end__ = .
                0x0000000020000660                _ebss = .

.noinit_CCMRAM
 *(.noinit.CCMRAM .noinit.CCMRAM.*)

.noinit         0x0000000020000660        0x0
                0x0000000020000660                _noinit = .
 *(.noinit .noinit.*)
                0x0000000020000660                . = ALIGN (0x4)
                0x0000000020000660                _end_noinit = .
                0x0000000020000660                PROVIDE (end, _end_noinit)
                0x0000000020000660                PROVIDE (_end, _end_noinit)
                0x0000000020000660                PROVIDE (__end, _end_noinit)
                0x0000000020000660                PROVIDE (__end__, _end_noinit)

._check_stack   0x0000000020000660      0x100
                0x0000000020000760                . = (. + _Minimum_Stack_Size)
 *fill*         0x0000000020000660      0x100 

.b1text
 *(.b1text)
 *(.b1rodata)
 *(.b1rodata.*)

.eb0text
 *(.eb0text)
 *(.eb0rodata)
 *(.eb0rodata.*)

.eb1text
 *(.eb1text)
 *(.eb1rodata)
 *(.eb1rodata.*)

.eb2text
 *(.eb2text)
 *(.eb2rodata)
 *(.eb2rodata.*)

.eb3text
 *(.eb3text)
 *(.eb3rodata)
 *(.eb3rodata.*)

.stab
 *(.stab)

.stabstr
 *(.stabstr)

.stab.excl
 *(.stab.excl)

.stab.exclstr
 *(.stab.exclstr)

.stab.index
 *(.stab.index)

.stab.indexstr
 *(.stab.indexstr)

.comment        0x0000000000000000       0x70
 *(.comment)
 .comment       0x0000000000000000       0x70 ./system/src/stm32f0-stdperiph/stm32f0xx_dma.o
                                         0x71 (size before relaxing)
 .comment       0x0000000000000000       0x71 ./system/src/stm32f0-stdperiph/stm32f0xx_exti.o
 .comment       0x0000000000000000       0x71 ./system/src/stm32f0-stdperiph/stm32f0xx_gpio.o
 .comment       0x0000000000000000       0x71 ./system/src/stm32f0-stdperiph/stm32f0xx_misc.o
 .comment       0x0000000000000000       0x71 ./system/src/stm32f0-stdperiph/stm32f0xx_rcc.o
 .comment       0x0000000000000000       0x71 ./system/src/stm32f0-stdperiph/stm32f0xx_syscfg.o
 .comment       0x0000000000000000       0x71 ./system/src/stm32f0-stdperiph/stm32f0xx_usart.o
 .comment       0x0000000000000000       0x71 ./system/src/newlib/_exit.o
 .comment       0x0000000000000000       0x71 ./system/src/newlib/_startup.o
 .comment       0x0000000000000000       0x71 ./system/src/newlib/_syscalls.o
 .comment       0x0000000000000000       0x71 ./system/src/newlib/assert.o
 .comment       0x0000000000000000       0x71 ./system/src/cortexm/_initialize_hardware.o
 .comment       0x0000000000000000       0x71 ./system/src/cortexm/_reset_hardware.o
 .comment       0x0000000000000000       0x71 ./system/src/cortexm/exception_handlers.o
 .comment       0x0000000000000000       0x71 ./system/src/cmsis/system_stm32f0xx.o
 .comment       0x0000000000000000       0x71 ./system/src/cmsis/vectors_stm32f0xx.o
 .comment       0x0000000000000000       0x71 ./src/Timer.o
 .comment       0x0000000000000000       0x71 ./src/bbuffer.o
 .comment       0x0000000000000000       0x71 ./src/buffer.o
 .comment       0x0000000000000000       0x71 ./src/conditions.o
 .comment       0x0000000000000000       0x71 ./src/dht22.o
 .comment       0x0000000000000000       0x71 ./src/dmachan.o
 .comment       0x0000000000000000       0x71 ./src/dtostrf.o
 .comment       0x0000000000000000       0x71 ./src/flood.o
 .comment       0x0000000000000000       0x71 ./src/hcsr04.o
 .comment       0x0000000000000000       0x71 ./src/intchain.o
 .comment       0x0000000000000000       0x71 ./src/main.o
 .comment       0x0000000000000000       0x71 ./src/serial.o

.ARM.attributes
                0x0000000000000000       0x31
 .ARM.attributes
                0x0000000000000000       0x31 ./system/src/stm32f0-stdperiph/stm32f0xx_dma.o
 .ARM.attributes
                0x0000000000000031       0x31 ./system/src/stm32f0-stdperiph/stm32f0xx_exti.o
 .ARM.attributes
                0x0000000000000062       0x31 ./system/src/stm32f0-stdperiph/stm32f0xx_gpio.o
 .ARM.attributes
                0x0000000000000093       0x31 ./system/src/stm32f0-stdperiph/stm32f0xx_misc.o
 .ARM.attributes
                0x00000000000000c4       0x31 ./system/src/stm32f0-stdperiph/stm32f0xx_rcc.o
 .ARM.attributes
                0x00000000000000f5       0x31 ./system/src/stm32f0-stdperiph/stm32f0xx_syscfg.o
 .ARM.attributes
                0x0000000000000126       0x31 ./system/src/stm32f0-stdperiph/stm32f0xx_usart.o
 .ARM.attributes
                0x0000000000000157       0x31 ./system/src/newlib/_exit.o
 .ARM.attributes
                0x0000000000000188       0x31 ./system/src/newlib/_startup.o
 .ARM.attributes
                0x00000000000001b9       0x31 ./system/src/newlib/_syscalls.o
 .ARM.attributes
                0x00000000000001ea       0x31 ./system/src/newlib/assert.o
 .ARM.attributes
                0x000000000000021b       0x31 ./system/src/cortexm/_initialize_hardware.o
 .ARM.attributes
                0x000000000000024c       0x31 ./system/src/cortexm/_reset_hardware.o
 .ARM.attributes
                0x000000000000027d       0x31 ./system/src/cortexm/exception_handlers.o
 .ARM.attributes
                0x00000000000002ae       0x31 ./system/src/cmsis/system_stm32f0xx.o
 .ARM.attributes
                0x00000000000002df       0x31 ./system/src/cmsis/vectors_stm32f0xx.o
 .ARM.attributes
                0x0000000000000310       0x31 ./src/Timer.o
 .ARM.attributes
                0x0000000000000341       0x31 ./src/bbuffer.o
 .ARM.attributes
                0x0000000000000372       0x31 ./src/buffer.o
 .ARM.attributes
                0x00000000000003a3       0x31 ./src/conditions.o
 .ARM.attributes
                0x00000000000003d4       0x31 ./src/dht22.o
 .ARM.attributes
                0x0000000000000405       0x31 ./src/dmachan.o
 .ARM.attributes
                0x0000000000000436       0x31 ./src/dtostrf.o
 .ARM.attributes
                0x0000000000000467       0x31 ./src/flood.o
 .ARM.attributes
                0x0000000000000498       0x31 ./src/hcsr04.o
 .ARM.attributes
                0x00000000000004c9       0x31 ./src/intchain.o
 .ARM.attributes
                0x00000000000004fa       0x31 ./src/main.o
 .ARM.attributes
                0x000000000000052b       0x31 ./src/serial.o
 .ARM.attributes
                0x000000000000055c       0x2c /usr/bin/../lib/gcc/arm-none-eabi/4.9.3/../../../../arm-none-eabi/lib/armv6-m/libstdc++_nano.a(del_op.o)
 .ARM.attributes
                0x0000000000000588       0x1e /usr/bin/../lib/gcc/arm-none-eabi/4.9.3/armv6-m/libgcc.a(_thumb1_case_uqi.o)
 .ARM.attributes
                0x00000000000005a6       0x1e /usr/bin/../lib/gcc/arm-none-eabi/4.9.3/armv6-m/libgcc.a(_udivsi3.o)
 .ARM.attributes
                0x00000000000005c4       0x1e /usr/bin/../lib/gcc/arm-none-eabi/4.9.3/armv6-m/libgcc.a(_divsi3.o)
 .ARM.attributes
                0x00000000000005e2       0x1e /usr/bin/../lib/gcc/arm-none-eabi/4.9.3/armv6-m/libgcc.a(_dvmd_tls.o)
 .ARM.attributes
                0x0000000000000600       0x1e /usr/bin/../lib/gcc/arm-none-eabi/4.9.3/armv6-m/libgcc.a(_aeabi_uldivmod.o)
 .ARM.attributes
                0x000000000000061e       0x2c /usr/bin/../lib/gcc/arm-none-eabi/4.9.3/armv6-m/libgcc.a(_muldi3.o)
 .ARM.attributes
                0x000000000000064a       0x2c /usr/bin/../lib/gcc/arm-none-eabi/4.9.3/armv6-m/libgcc.a(bpabi.o)
 .ARM.attributes
                0x0000000000000676       0x1e /usr/bin/../lib/gcc/arm-none-eabi/4.9.3/armv6-m/libgcc.a(_clzsi2.o)
 .ARM.attributes
                0x0000000000000694       0x2c /usr/bin/../lib/gcc/arm-none-eabi/4.9.3/armv6-m/libgcc.a(_divdi3.o)
 .ARM.attributes
                0x00000000000006c0       0x2c /usr/bin/../lib/gcc/arm-none-eabi/4.9.3/armv6-m/libgcc.a(_udivdi3.o)
 .ARM.attributes
                0x00000000000006ec       0x1e /usr/bin/../lib/gcc/arm-none-eabi/4.9.3/armv6-m/libgcc.a(_clzdi2.o)
 .ARM.attributes
                0x000000000000070a       0x2c /usr/bin/../lib/gcc/arm-none-eabi/4.9.3/../../../../arm-none-eabi/lib/armv6-m/libg_nano.a(lib_a-impure.o)
 .ARM.attributes
                0x0000000000000736       0x2c /usr/bin/../lib/gcc/arm-none-eabi/4.9.3/../../../../arm-none-eabi/lib/armv6-m/libg_nano.a(lib_a-malloc.o)
 .ARM.attributes
                0x0000000000000762       0x2c /usr/bin/../lib/gcc/arm-none-eabi/4.9.3/../../../../arm-none-eabi/lib/armv6-m/libg_nano.a(lib_a-nano-freer.o)
 .ARM.attributes
                0x000000000000078e       0x2c /usr/bin/../lib/gcc/arm-none-eabi/4.9.3/../../../../arm-none-eabi/lib/armv6-m/libg_nano.a(lib_a-nano-mallocr.o)
 .ARM.attributes
                0x00000000000007ba       0x2c /usr/bin/../lib/gcc/arm-none-eabi/4.9.3/../../../../arm-none-eabi/lib/armv6-m/libg_nano.a(lib_a-strlen.o)

.debug
 *(.debug)

.line
 *(.line)

.debug_srcinfo
 *(.debug_srcinfo)

.debug_sfnames
 *(.debug_sfnames)

.debug_aranges  0x0000000000000000      0xa00
 *(.debug_aranges)
 .debug_aranges
                0x0000000000000000       0x70 ./system/src/stm32f0-stdperiph/stm32f0xx_dma.o
 .debug_aranges
                0x0000000000000070       0x58 ./system/src/stm32f0-stdperiph/stm32f0xx_exti.o
 .debug_aranges
                0x00000000000000c8       0x80 ./system/src/stm32f0-stdperiph/stm32f0xx_gpio.o
 .debug_aranges
                0x0000000000000148       0x30 ./system/src/stm32f0-stdperiph/stm32f0xx_misc.o
 .debug_aranges
                0x0000000000000178      0x160 ./system/src/stm32f0-stdperiph/stm32f0xx_rcc.o
 .debug_aranges
                0x00000000000002d8       0x58 ./system/src/stm32f0-stdperiph/stm32f0xx_syscfg.o
 .debug_aranges
                0x0000000000000330      0x1a0 ./system/src/stm32f0-stdperiph/stm32f0xx_usart.o
 .debug_aranges
                0x00000000000004d0       0x28 ./system/src/newlib/_exit.o
 .debug_aranges
                0x00000000000004f8       0x40 ./system/src/newlib/_startup.o
 .debug_aranges
                0x0000000000000538       0x30 ./system/src/newlib/_syscalls.o
 .debug_aranges
                0x0000000000000568       0x20 ./system/src/newlib/assert.o
 .debug_aranges
                0x0000000000000588       0x28 ./system/src/cortexm/_initialize_hardware.o
 .debug_aranges
                0x00000000000005b0       0x20 ./system/src/cortexm/_reset_hardware.o
 .debug_aranges
                0x00000000000005d0       0x50 ./system/src/cortexm/exception_handlers.o
 .debug_aranges
                0x0000000000000620       0x28 ./system/src/cmsis/system_stm32f0xx.o
 .debug_aranges
                0x0000000000000648       0x20 ./system/src/cmsis/vectors_stm32f0xx.o
 .debug_aranges
                0x0000000000000668       0x50 ./src/Timer.o
 .debug_aranges
                0x00000000000006b8       0x40 ./src/bbuffer.o
 .debug_aranges
                0x00000000000006f8       0x38 ./src/buffer.o
 .debug_aranges
                0x0000000000000730       0x30 ./src/conditions.o
 .debug_aranges
                0x0000000000000760       0x60 ./src/dht22.o
 .debug_aranges
                0x00000000000007c0       0x78 ./src/dmachan.o
 .debug_aranges
                0x0000000000000838       0x48 ./src/dtostrf.o
 .debug_aranges
                0x0000000000000880       0x48 ./src/flood.o
 .debug_aranges
                0x00000000000008c8       0x50 ./src/hcsr04.o
 .debug_aranges
                0x0000000000000918       0x48 ./src/intchain.o
 .debug_aranges
                0x0000000000000960       0x30 ./src/main.o
 .debug_aranges
                0x0000000000000990       0x70 ./src/serial.o

.debug_pubnames
 *(.debug_pubnames)

.debug_info     0x0000000000000000     0xc4e6
 *(.debug_info .gnu.linkonce.wi.*)
 .debug_info    0x0000000000000000      0x413 ./system/src/stm32f0-stdperiph/stm32f0xx_dma.o
 .debug_info    0x0000000000000413      0x308 ./system/src/stm32f0-stdperiph/stm32f0xx_exti.o
 .debug_info    0x000000000000071b      0x687 ./system/src/stm32f0-stdperiph/stm32f0xx_gpio.o
 .debug_info    0x0000000000000da2      0x359 ./system/src/stm32f0-stdperiph/stm32f0xx_misc.o
 .debug_info    0x00000000000010fb      0xa5d ./system/src/stm32f0-stdperiph/stm32f0xx_rcc.o
 .debug_info    0x0000000000001b58      0x2a0 ./system/src/stm32f0-stdperiph/stm32f0xx_syscfg.o
 .debug_info    0x0000000000001df8      0xf02 ./system/src/stm32f0-stdperiph/stm32f0xx_usart.o
 .debug_info    0x0000000000002cfa      0x100 ./system/src/newlib/_exit.o
 .debug_info    0x0000000000002dfa      0x410 ./system/src/newlib/_startup.o
 .debug_info    0x000000000000320a      0x1a5 ./system/src/newlib/_syscalls.o
 .debug_info    0x00000000000033af      0x10b ./system/src/newlib/assert.o
 .debug_info    0x00000000000034ba       0xbf ./system/src/cortexm/_initialize_hardware.o
 .debug_info    0x0000000000003579      0x17c ./system/src/cortexm/_reset_hardware.o
 .debug_info    0x00000000000036f5      0x1a7 ./system/src/cortexm/exception_handlers.o
 .debug_info    0x000000000000389c      0x2f2 ./system/src/cmsis/system_stm32f0xx.o
 .debug_info    0x0000000000003b8e       0xcd ./system/src/cmsis/vectors_stm32f0xx.o
 .debug_info    0x0000000000003c5b      0x6ee ./src/Timer.o
 .debug_info    0x0000000000004349      0xa2d ./src/bbuffer.o
 .debug_info    0x0000000000004d76      0x59f ./src/buffer.o
 .debug_info    0x0000000000005315      0x20f ./src/conditions.o
 .debug_info    0x0000000000005524      0xe81 ./src/dht22.o
 .debug_info    0x00000000000063a5      0xb85 ./src/dmachan.o
 .debug_info    0x0000000000006f2a      0x7a5 ./src/dtostrf.o
 .debug_info    0x00000000000076cf     0x191c ./src/flood.o
 .debug_info    0x0000000000008feb      0xe0f ./src/hcsr04.o
 .debug_info    0x0000000000009dfa      0x321 ./src/intchain.o
 .debug_info    0x000000000000a11b     0x1073 ./src/main.o
 .debug_info    0x000000000000b18e     0x1358 ./src/serial.o

.debug_abbrev   0x0000000000000000     0x3e55
 *(.debug_abbrev)
 .debug_abbrev  0x0000000000000000      0x16d ./system/src/stm32f0-stdperiph/stm32f0xx_dma.o
 .debug_abbrev  0x000000000000016d      0x1b2 ./system/src/stm32f0-stdperiph/stm32f0xx_exti.o
 .debug_abbrev  0x000000000000031f      0x1d4 ./system/src/stm32f0-stdperiph/stm32f0xx_gpio.o
 .debug_abbrev  0x00000000000004f3      0x154 ./system/src/stm32f0-stdperiph/stm32f0xx_misc.o
 .debug_abbrev  0x0000000000000647      0x230 ./system/src/stm32f0-stdperiph/stm32f0xx_rcc.o
 .debug_abbrev  0x0000000000000877      0x158 ./system/src/stm32f0-stdperiph/stm32f0xx_syscfg.o
 .debug_abbrev  0x00000000000009cf      0x1cb ./system/src/stm32f0-stdperiph/stm32f0xx_usart.o
 .debug_abbrev  0x0000000000000b9a       0xb8 ./system/src/newlib/_exit.o
 .debug_abbrev  0x0000000000000c52      0x1db ./system/src/newlib/_startup.o
 .debug_abbrev  0x0000000000000e2d       0xe4 ./system/src/newlib/_syscalls.o
 .debug_abbrev  0x0000000000000f11       0xa6 ./system/src/newlib/assert.o
 .debug_abbrev  0x0000000000000fb7       0x60 ./system/src/cortexm/_initialize_hardware.o
 .debug_abbrev  0x0000000000001017       0xd4 ./system/src/cortexm/_reset_hardware.o
 .debug_abbrev  0x00000000000010eb       0xc4 ./system/src/cortexm/exception_handlers.o
 .debug_abbrev  0x00000000000011af      0x14e ./system/src/cmsis/system_stm32f0xx.o
 .debug_abbrev  0x00000000000012fd       0x9a ./system/src/cmsis/vectors_stm32f0xx.o
 .debug_abbrev  0x0000000000001397      0x301 ./src/Timer.o
 .debug_abbrev  0x0000000000001698      0x2ae ./src/bbuffer.o
 .debug_abbrev  0x0000000000001946      0x21b ./src/buffer.o
 .debug_abbrev  0x0000000000001b61      0x176 ./src/conditions.o
 .debug_abbrev  0x0000000000001cd7      0x4ee ./src/dht22.o
 .debug_abbrev  0x00000000000021c5      0x485 ./src/dmachan.o
 .debug_abbrev  0x000000000000264a      0x1df ./src/dtostrf.o
 .debug_abbrev  0x0000000000002829      0x5bd ./src/flood.o
 .debug_abbrev  0x0000000000002de6      0x4cd ./src/hcsr04.o
 .debug_abbrev  0x00000000000032b3      0x228 ./src/intchain.o
 .debug_abbrev  0x00000000000034db      0x4fb ./src/main.o
 .debug_abbrev  0x00000000000039d6      0x47f ./src/serial.o

.debug_line     0x0000000000000000     0x3306
 *(.debug_line)
 .debug_line    0x0000000000000000      0x208 ./system/src/stm32f0-stdperiph/stm32f0xx_dma.o
 .debug_line    0x0000000000000208      0x1ad ./system/src/stm32f0-stdperiph/stm32f0xx_exti.o
 .debug_line    0x00000000000003b5      0x244 ./system/src/stm32f0-stdperiph/stm32f0xx_gpio.o
 .debug_line    0x00000000000005f9      0x140 ./system/src/stm32f0-stdperiph/stm32f0xx_misc.o
 .debug_line    0x0000000000000739      0x501 ./system/src/stm32f0-stdperiph/stm32f0xx_rcc.o
 .debug_line    0x0000000000000c3a      0x178 ./system/src/stm32f0-stdperiph/stm32f0xx_syscfg.o
 .debug_line    0x0000000000000db2      0x597 ./system/src/stm32f0-stdperiph/stm32f0xx_usart.o
 .debug_line    0x0000000000001349       0xd1 ./system/src/newlib/_exit.o
 .debug_line    0x000000000000141a       0xfe ./system/src/newlib/_startup.o
 .debug_line    0x0000000000001518       0xd7 ./system/src/newlib/_syscalls.o
 .debug_line    0x00000000000015ef       0xa3 ./system/src/newlib/assert.o
 .debug_line    0x0000000000001692       0xa0 ./system/src/cortexm/_initialize_hardware.o
 .debug_line    0x0000000000001732       0xda ./system/src/cortexm/_reset_hardware.o
 .debug_line    0x000000000000180c      0x126 ./system/src/cortexm/exception_handlers.o
 .debug_line    0x0000000000001932      0x114 ./system/src/cmsis/system_stm32f0xx.o
 .debug_line    0x0000000000001a46       0x5d ./system/src/cmsis/vectors_stm32f0xx.o
 .debug_line    0x0000000000001aa3      0x1c2 ./src/Timer.o
 .debug_line    0x0000000000001c65      0x1c1 ./src/bbuffer.o
 .debug_line    0x0000000000001e26      0x131 ./src/buffer.o
 .debug_line    0x0000000000001f57       0xd2 ./src/conditions.o
 .debug_line    0x0000000000002029      0x2b4 ./src/dht22.o
 .debug_line    0x00000000000022dd      0x243 ./src/dmachan.o
 .debug_line    0x0000000000002520      0x302 ./src/dtostrf.o
 .debug_line    0x0000000000002822      0x2c9 ./src/flood.o
 .debug_line    0x0000000000002aeb      0x26e ./src/hcsr04.o
 .debug_line    0x0000000000002d59      0x130 ./src/intchain.o
 .debug_line    0x0000000000002e89      0x1d3 ./src/main.o
 .debug_line    0x000000000000305c      0x2aa ./src/serial.o

.debug_frame    0x0000000000000000     0x16ac
 *(.debug_frame)
 .debug_frame   0x0000000000000000       0xc8 ./system/src/stm32f0-stdperiph/stm32f0xx_dma.o
 .debug_frame   0x00000000000000c8       0x98 ./system/src/stm32f0-stdperiph/stm32f0xx_exti.o
 .debug_frame   0x0000000000000160      0x108 ./system/src/stm32f0-stdperiph/stm32f0xx_gpio.o
 .debug_frame   0x0000000000000268       0x4c ./system/src/stm32f0-stdperiph/stm32f0xx_misc.o
 .debug_frame   0x00000000000002b4      0x2c4 ./system/src/stm32f0-stdperiph/stm32f0xx_rcc.o
 .debug_frame   0x0000000000000578       0x98 ./system/src/stm32f0-stdperiph/stm32f0xx_syscfg.o
 .debug_frame   0x0000000000000610      0x350 ./system/src/stm32f0-stdperiph/stm32f0xx_usart.o
 .debug_frame   0x0000000000000960       0x40 ./system/src/newlib/_exit.o
 .debug_frame   0x00000000000009a0       0x88 ./system/src/newlib/_startup.o
 .debug_frame   0x0000000000000a28       0x50 ./system/src/newlib/_syscalls.o
 .debug_frame   0x0000000000000a78       0x28 ./system/src/newlib/assert.o
 .debug_frame   0x0000000000000aa0       0x40 ./system/src/cortexm/_initialize_hardware.o
 .debug_frame   0x0000000000000ae0       0x20 ./system/src/cortexm/_reset_hardware.o
 .debug_frame   0x0000000000000b00       0x80 ./system/src/cortexm/exception_handlers.o
 .debug_frame   0x0000000000000b80       0x40 ./system/src/cmsis/system_stm32f0xx.o
 .debug_frame   0x0000000000000bc0       0x20 ./system/src/cmsis/vectors_stm32f0xx.o
 .debug_frame   0x0000000000000be0       0xc0 ./src/Timer.o
 .debug_frame   0x0000000000000ca0       0x9c ./src/bbuffer.o
 .debug_frame   0x0000000000000d3c       0x78 ./src/buffer.o
 .debug_frame   0x0000000000000db4       0x40 ./src/conditions.o
 .debug_frame   0x0000000000000df4       0xe4 ./src/dht22.o
 .debug_frame   0x0000000000000ed8      0x134 ./src/dmachan.o
 .debug_frame   0x000000000000100c       0xd0 ./src/dtostrf.o
 .debug_frame   0x00000000000010dc       0xc8 ./src/flood.o
 .debug_frame   0x00000000000011a4       0xc8 ./src/hcsr04.o
 .debug_frame   0x000000000000126c       0x90 ./src/intchain.o
 .debug_frame   0x00000000000012fc       0x60 ./src/main.o
 .debug_frame   0x000000000000135c      0x134 ./src/serial.o
 .debug_frame   0x0000000000001490       0x28 /usr/bin/../lib/gcc/arm-none-eabi/4.9.3/../../../../arm-none-eabi/lib/armv6-m/libstdc++_nano.a(del_op.o)
 .debug_frame   0x00000000000014b8       0x20 /usr/bin/../lib/gcc/arm-none-eabi/4.9.3/armv6-m/libgcc.a(_udivsi3.o)
 .debug_frame   0x00000000000014d8       0x20 /usr/bin/../lib/gcc/arm-none-eabi/4.9.3/armv6-m/libgcc.a(_divsi3.o)
 .debug_frame   0x00000000000014f8       0x34 /usr/bin/../lib/gcc/arm-none-eabi/4.9.3/armv6-m/libgcc.a(_muldi3.o)
 .debug_frame   0x000000000000152c       0x50 /usr/bin/../lib/gcc/arm-none-eabi/4.9.3/armv6-m/libgcc.a(bpabi.o)
 .debug_frame   0x000000000000157c       0x3c /usr/bin/../lib/gcc/arm-none-eabi/4.9.3/armv6-m/libgcc.a(_divdi3.o)
 .debug_frame   0x00000000000015b8       0x3c /usr/bin/../lib/gcc/arm-none-eabi/4.9.3/armv6-m/libgcc.a(_udivdi3.o)
 .debug_frame   0x00000000000015f4       0x40 /usr/bin/../lib/gcc/arm-none-eabi/4.9.3/../../../../arm-none-eabi/lib/armv6-m/libg_nano.a(lib_a-malloc.o)
 .debug_frame   0x0000000000001634       0x2c /usr/bin/../lib/gcc/arm-none-eabi/4.9.3/../../../../arm-none-eabi/lib/armv6-m/libg_nano.a(lib_a-nano-freer.o)
 .debug_frame   0x0000000000001660       0x2c /usr/bin/../lib/gcc/arm-none-eabi/4.9.3/../../../../arm-none-eabi/lib/armv6-m/libg_nano.a(lib_a-nano-mallocr.o)
 .debug_frame   0x000000000000168c       0x20 /usr/bin/../lib/gcc/arm-none-eabi/4.9.3/../../../../arm-none-eabi/lib/armv6-m/libg_nano.a(lib_a-strlen.o)

.debug_str      0x0000000000000000     0x324f
 *(.debug_str)
 .debug_str     0x0000000000000000      0x360 ./system/src/stm32f0-stdperiph/stm32f0xx_dma.o
                                        0x3e4 (size before relaxing)
 .debug_str     0x0000000000000360      0x17e ./system/src/stm32f0-stdperiph/stm32f0xx_exti.o
                                        0x37d (size before relaxing)
 .debug_str     0x00000000000004de      0x2b7 ./system/src/stm32f0-stdperiph/stm32f0xx_gpio.o
                                        0x4eb (size before relaxing)
 .debug_str     0x0000000000000795      0x12b ./system/src/stm32f0-stdperiph/stm32f0xx_misc.o
                                        0x33a (size before relaxing)
 .debug_str     0x00000000000008c0      0x587 ./system/src/stm32f0-stdperiph/stm32f0xx_rcc.o
                                        0x7c4 (size before relaxing)
 .debug_str     0x0000000000000e47      0x188 ./system/src/stm32f0-stdperiph/stm32f0xx_syscfg.o
                                        0x35f (size before relaxing)
 .debug_str     0x0000000000000fcf      0x6c6 ./system/src/stm32f0-stdperiph/stm32f0xx_usart.o
                                        0x9f1 (size before relaxing)
 .debug_str     0x0000000000001695       0x56 ./system/src/newlib/_exit.o
                                        0x1d8 (size before relaxing)
 .debug_str     0x00000000000016eb      0x16d ./system/src/newlib/_startup.o
                                        0x31d (size before relaxing)
 .debug_str     0x0000000000001858       0x4d ./system/src/newlib/_syscalls.o
                                        0x1f8 (size before relaxing)
 .debug_str     0x00000000000018a5       0x55 ./system/src/newlib/assert.o
                                        0x1ee (size before relaxing)
 .debug_str     0x00000000000018fa       0x4e ./system/src/cortexm/_initialize_hardware.o
                                        0x1fd (size before relaxing)
 .debug_str     0x0000000000001948       0x3f ./system/src/cortexm/_reset_hardware.o
                                        0x20a (size before relaxing)
 .debug_str     0x0000000000001987       0xbb ./system/src/cortexm/exception_handlers.o
                                        0x252 (size before relaxing)
 .debug_str     0x0000000000001a42       0x5e ./system/src/cmsis/system_stm32f0xx.o
                                        0x2c4 (size before relaxing)
 .debug_str     0x0000000000001aa0       0x56 ./system/src/cmsis/vectors_stm32f0xx.o
                                        0x1d3 (size before relaxing)
 .debug_str     0x0000000000001af6      0x50c ./src/Timer.o
                                        0x6a0 (size before relaxing)
 .debug_str     0x0000000000002002      0x388 ./src/bbuffer.o
                                        0x5a9 (size before relaxing)
 .debug_str     0x000000000000238a       0x6e ./src/buffer.o
                                        0x417 (size before relaxing)
 .debug_str     0x00000000000023f8       0x16 ./src/conditions.o
                                        0x2ca (size before relaxing)
 .debug_str     0x000000000000240e      0x35e ./src/dht22.o
                                        0xaf5 (size before relaxing)
 .debug_str     0x000000000000276c      0x362 ./src/dmachan.o
                                        0x958 (size before relaxing)
 .debug_str     0x0000000000002ace      0x104 ./src/dtostrf.o
                                        0x33e (size before relaxing)
 .debug_str     0x0000000000002bd2      0x461 ./src/flood.o
                                       0x1026 (size before relaxing)
 .debug_str     0x0000000000003033       0x86 ./src/hcsr04.o
                                        0xb9c (size before relaxing)
 .debug_str     0x00000000000030b9       0x76 ./src/intchain.o
                                        0x3b0 (size before relaxing)
 .debug_str     0x000000000000312f       0x83 ./src/main.o
                                        0xcbe (size before relaxing)
 .debug_str     0x00000000000031b2       0x9d ./src/serial.o
                                        0xd40 (size before relaxing)

.debug_loc      0x0000000000000000     0x41e8
 *(.debug_loc)
 .debug_loc     0x0000000000000000      0x19e ./system/src/stm32f0-stdperiph/stm32f0xx_dma.o
 .debug_loc     0x000000000000019e      0x149 ./system/src/stm32f0-stdperiph/stm32f0xx_exti.o
 .debug_loc     0x00000000000002e7      0x32a ./system/src/stm32f0-stdperiph/stm32f0xx_gpio.o
 .debug_loc     0x0000000000000611       0xb9 ./system/src/stm32f0-stdperiph/stm32f0xx_misc.o
 .debug_loc     0x00000000000006ca      0x8a9 ./system/src/stm32f0-stdperiph/stm32f0xx_rcc.o
 .debug_loc     0x0000000000000f73      0x1b9 ./system/src/stm32f0-stdperiph/stm32f0xx_syscfg.o
 .debug_loc     0x000000000000112c      0x85a ./system/src/stm32f0-stdperiph/stm32f0xx_usart.o
 .debug_loc     0x0000000000001986       0x21 ./system/src/newlib/_exit.o
 .debug_loc     0x00000000000019a7      0x236 ./system/src/newlib/_startup.o
 .debug_loc     0x0000000000001bdd       0x63 ./system/src/newlib/_syscalls.o
 .debug_loc     0x0000000000001c40       0x84 ./system/src/newlib/assert.o
 .debug_loc     0x0000000000001cc4       0xe7 ./system/src/cmsis/system_stm32f0xx.o
 .debug_loc     0x0000000000001dab      0x164 ./src/Timer.o
 .debug_loc     0x0000000000001f0f      0x422 ./src/bbuffer.o
 .debug_loc     0x0000000000002331      0x24c ./src/buffer.o
 .debug_loc     0x000000000000257d       0xb6 ./src/conditions.o
 .debug_loc     0x0000000000002633      0x3a7 ./src/dht22.o
 .debug_loc     0x00000000000029da      0x191 ./src/dmachan.o
 .debug_loc     0x0000000000002b6b      0xba2 ./src/dtostrf.o
 .debug_loc     0x000000000000370d      0x384 ./src/flood.o
 .debug_loc     0x0000000000003a91      0x29f ./src/hcsr04.o
 .debug_loc     0x0000000000003d30       0x1e ./src/intchain.o
 .debug_loc     0x0000000000003d4e       0x61 ./src/main.o
 .debug_loc     0x0000000000003daf      0x439 ./src/serial.o

.debug_macinfo
 *(.debug_macinfo)

.debug_weaknames
 *(.debug_weaknames)

.debug_funcnames
 *(.debug_funcnames)

.debug_typenames
 *(.debug_typenames)

.debug_varnames
 *(.debug_varnames)
OUTPUT(micro.elf elf32-littlearm)

.debug_ranges   0x0000000000000000      0xd70
 .debug_ranges  0x0000000000000000       0x60 ./system/src/stm32f0-stdperiph/stm32f0xx_dma.o
 .debug_ranges  0x0000000000000060       0x48 ./system/src/stm32f0-stdperiph/stm32f0xx_exti.o
 .debug_ranges  0x00000000000000a8       0x70 ./system/src/stm32f0-stdperiph/stm32f0xx_gpio.o
 .debug_ranges  0x0000000000000118       0x20 ./system/src/stm32f0-stdperiph/stm32f0xx_misc.o
 .debug_ranges  0x0000000000000138      0x150 ./system/src/stm32f0-stdperiph/stm32f0xx_rcc.o
 .debug_ranges  0x0000000000000288       0x48 ./system/src/stm32f0-stdperiph/stm32f0xx_syscfg.o
 .debug_ranges  0x00000000000002d0      0x190 ./system/src/stm32f0-stdperiph/stm32f0xx_usart.o
 .debug_ranges  0x0000000000000460       0x18 ./system/src/newlib/_exit.o
 .debug_ranges  0x0000000000000478       0x48 ./system/src/newlib/_startup.o
 .debug_ranges  0x00000000000004c0       0x20 ./system/src/newlib/_syscalls.o
 .debug_ranges  0x00000000000004e0       0x10 ./system/src/newlib/assert.o
 .debug_ranges  0x00000000000004f0       0x18 ./system/src/cortexm/_initialize_hardware.o
 .debug_ranges  0x0000000000000508       0x10 ./system/src/cortexm/_reset_hardware.o
 .debug_ranges  0x0000000000000518       0x40 ./system/src/cortexm/exception_handlers.o
 .debug_ranges  0x0000000000000558       0x30 ./system/src/cmsis/system_stm32f0xx.o
 .debug_ranges  0x0000000000000588       0x10 ./system/src/cmsis/vectors_stm32f0xx.o
 .debug_ranges  0x0000000000000598       0xb8 ./src/Timer.o
 .debug_ranges  0x0000000000000650       0xe0 ./src/bbuffer.o
 .debug_ranges  0x0000000000000730       0x60 ./src/buffer.o
 .debug_ranges  0x0000000000000790       0x20 ./src/conditions.o
 .debug_ranges  0x00000000000007b0      0x138 ./src/dht22.o
 .debug_ranges  0x00000000000008e8       0xa0 ./src/dmachan.o
 .debug_ranges  0x0000000000000988       0xb0 ./src/dtostrf.o
 .debug_ranges  0x0000000000000a38      0x120 ./src/flood.o
 .debug_ranges  0x0000000000000b58       0xf8 ./src/hcsr04.o
 .debug_ranges  0x0000000000000c50       0x38 ./src/intchain.o
 .debug_ranges  0x0000000000000c88       0x50 ./src/main.o
 .debug_ranges  0x0000000000000cd8       0x98 ./src/serial.o
