Archive member included because of file (symbol)

/usr/bin/../lib/gcc/arm-none-eabi/4.9.3/../../../../arm-none-eabi/lib/armv6-m/libstdc++_nano.a(del_op.o)
                              ./src/dht22.o (operator delete(void*))
/usr/bin/../lib/gcc/arm-none-eabi/4.9.3/../../../../arm-none-eabi/lib/armv6-m/libm.a(lib_a-sf_trunc.o)
                              ./src/dtostrf.o (truncf)
/usr/bin/../lib/gcc/arm-none-eabi/4.9.3/armv6-m/libgcc.a(_udivsi3.o)
                              ./system/src/stm32f0-stdperiph/stm32f0xx_rcc.o (__aeabi_uidiv)
/usr/bin/../lib/gcc/arm-none-eabi/4.9.3/armv6-m/libgcc.a(_divsi3.o)
                              ./src/Timer.o (__aeabi_idiv)
/usr/bin/../lib/gcc/arm-none-eabi/4.9.3/armv6-m/libgcc.a(_dvmd_tls.o)
                              /usr/bin/../lib/gcc/arm-none-eabi/4.9.3/armv6-m/libgcc.a(_udivsi3.o) (__aeabi_idiv0)
/usr/bin/../lib/gcc/arm-none-eabi/4.9.3/armv6-m/libgcc.a(_arm_cmpsf2.o)
                              ./src/dtostrf.o (__aeabi_fcmplt)
/usr/bin/../lib/gcc/arm-none-eabi/4.9.3/armv6-m/libgcc.a(_aeabi_uldivmod.o)
                              ./src/dtostrf.o (__aeabi_uldivmod)
/usr/bin/../lib/gcc/arm-none-eabi/4.9.3/armv6-m/libgcc.a(_muldi3.o)
                              ./src/dht22.o (__aeabi_lmul)
/usr/bin/../lib/gcc/arm-none-eabi/4.9.3/armv6-m/libgcc.a(_fixunssfsi.o)
                              ./src/dtostrf.o (__aeabi_f2uiz)
/usr/bin/../lib/gcc/arm-none-eabi/4.9.3/armv6-m/libgcc.a(bpabi.o)
                              /usr/bin/../lib/gcc/arm-none-eabi/4.9.3/armv6-m/libgcc.a(_aeabi_uldivmod.o) (__gnu_uldivmod_helper)
/usr/bin/../lib/gcc/arm-none-eabi/4.9.3/armv6-m/libgcc.a(eqsf2.o)
                              /usr/bin/../lib/gcc/arm-none-eabi/4.9.3/armv6-m/libgcc.a(_arm_cmpsf2.o) (__eqsf2)
/usr/bin/../lib/gcc/arm-none-eabi/4.9.3/armv6-m/libgcc.a(gesf2.o)
                              /usr/bin/../lib/gcc/arm-none-eabi/4.9.3/armv6-m/libgcc.a(_arm_cmpsf2.o) (__gesf2)
/usr/bin/../lib/gcc/arm-none-eabi/4.9.3/armv6-m/libgcc.a(lesf2.o)
                              /usr/bin/../lib/gcc/arm-none-eabi/4.9.3/armv6-m/libgcc.a(_arm_cmpsf2.o) (__lesf2)
/usr/bin/../lib/gcc/arm-none-eabi/4.9.3/armv6-m/libgcc.a(mulsf3.o)
                              ./src/dtostrf.o (__aeabi_fmul)
/usr/bin/../lib/gcc/arm-none-eabi/4.9.3/armv6-m/libgcc.a(subsf3.o)
                              ./src/dtostrf.o (__aeabi_fsub)
/usr/bin/../lib/gcc/arm-none-eabi/4.9.3/armv6-m/libgcc.a(fixsfsi.o)
                              ./src/dtostrf.o (__aeabi_f2iz)
/usr/bin/../lib/gcc/arm-none-eabi/4.9.3/armv6-m/libgcc.a(floatunsisf.o)
                              ./src/dtostrf.o (__aeabi_ui2f)
/usr/bin/../lib/gcc/arm-none-eabi/4.9.3/armv6-m/libgcc.a(_clzsi2.o)
                              /usr/bin/../lib/gcc/arm-none-eabi/4.9.3/armv6-m/libgcc.a(mulsf3.o) (__clzsi2)
/usr/bin/../lib/gcc/arm-none-eabi/4.9.3/armv6-m/libgcc.a(_divdi3.o)
                              /usr/bin/../lib/gcc/arm-none-eabi/4.9.3/armv6-m/libgcc.a(bpabi.o) (__divdi3)
/usr/bin/../lib/gcc/arm-none-eabi/4.9.3/armv6-m/libgcc.a(_udivdi3.o)
                              /usr/bin/../lib/gcc/arm-none-eabi/4.9.3/armv6-m/libgcc.a(bpabi.o) (__udivdi3)
/usr/bin/../lib/gcc/arm-none-eabi/4.9.3/armv6-m/libgcc.a(_clzdi2.o)
                              /usr/bin/../lib/gcc/arm-none-eabi/4.9.3/armv6-m/libgcc.a(_divdi3.o) (__clzdi2)
/usr/bin/../lib/gcc/arm-none-eabi/4.9.3/../../../../arm-none-eabi/lib/armv6-m/libg_nano.a(lib_a-errno.o)
                              ./system/src/newlib/_sbrk.o (__errno)
/usr/bin/../lib/gcc/arm-none-eabi/4.9.3/../../../../arm-none-eabi/lib/armv6-m/libg_nano.a(lib_a-impure.o)
                              /usr/bin/../lib/gcc/arm-none-eabi/4.9.3/../../../../arm-none-eabi/lib/armv6-m/libg_nano.a(lib_a-errno.o) (_impure_ptr)
/usr/bin/../lib/gcc/arm-none-eabi/4.9.3/../../../../arm-none-eabi/lib/armv6-m/libg_nano.a(lib_a-malloc.o)
                              /usr/bin/../lib/gcc/arm-none-eabi/4.9.3/../../../../arm-none-eabi/lib/armv6-m/libstdc++_nano.a(del_op.o) (free)
/usr/bin/../lib/gcc/arm-none-eabi/4.9.3/../../../../arm-none-eabi/lib/armv6-m/libg_nano.a(lib_a-memcpy.o)
                              ./src/buffer.o (memcpy)
/usr/bin/../lib/gcc/arm-none-eabi/4.9.3/../../../../arm-none-eabi/lib/armv6-m/libg_nano.a(lib_a-nano-freer.o)
                              /usr/bin/../lib/gcc/arm-none-eabi/4.9.3/../../../../arm-none-eabi/lib/armv6-m/libg_nano.a(lib_a-malloc.o) (_free_r)
/usr/bin/../lib/gcc/arm-none-eabi/4.9.3/../../../../arm-none-eabi/lib/armv6-m/libg_nano.a(lib_a-nano-mallocr.o)
                              /usr/bin/../lib/gcc/arm-none-eabi/4.9.3/../../../../arm-none-eabi/lib/armv6-m/libg_nano.a(lib_a-malloc.o) (_malloc_r)
/usr/bin/../lib/gcc/arm-none-eabi/4.9.3/../../../../arm-none-eabi/lib/armv6-m/libg_nano.a(lib_a-sbrkr.o)
                              /usr/bin/../lib/gcc/arm-none-eabi/4.9.3/../../../../arm-none-eabi/lib/armv6-m/libg_nano.a(lib_a-nano-mallocr.o) (_sbrk_r)
[...]
Memory Configuration

Name             Origin             Length             Attributes
RAM              0x0000000020000000 0x0000000000001000 xrw
CCMRAM           0x0000000000000000 0x0000000000000000 xrw
FLASH            0x0000000008000000 0x0000000000004000 xr
FLASHB1          0x0000000000000000 0x0000000000000000 xr
EXTMEMB0         0x0000000000000000 0x0000000000000000 xr
EXTMEMB1         0x0000000000000000 0x0000000000000000 xr
EXTMEMB2         0x0000000000000000 0x0000000000000000 xr
EXTMEMB3         0x0000000000000000 0x0000000000000000 xr
MEMORY_ARRAY     0x0000000000000000 0x0000000000000000 xrw
*default*        0x0000000000000000 0xffffffffffffffff

Linker script and memory map

LOAD ./system/src/stm32f0-stdperiph/stm32f0xx_adc.o
LOAD ./system/src/stm32f0-stdperiph/stm32f0xx_can.o
LOAD ./system/src/stm32f0-stdperiph/stm32f0xx_cec.o
LOAD ./system/src/stm32f0-stdperiph/stm32f0xx_comp.o
LOAD ./system/src/stm32f0-stdperiph/stm32f0xx_crc.o
LOAD ./system/src/stm32f0-stdperiph/stm32f0xx_crs.o
LOAD ./system/src/stm32f0-stdperiph/stm32f0xx_dac.o
LOAD ./system/src/stm32f0-stdperiph/stm32f0xx_dbgmcu.o
LOAD ./system/src/stm32f0-stdperiph/stm32f0xx_dma.o
LOAD ./system/src/stm32f0-stdperiph/stm32f0xx_exti.o
LOAD ./system/src/stm32f0-stdperiph/stm32f0xx_flash.o
LOAD ./system/src/stm32f0-stdperiph/stm32f0xx_gpio.o
LOAD ./system/src/stm32f0-stdperiph/stm32f0xx_i2c.o
LOAD ./system/src/stm32f0-stdperiph/stm32f0xx_iwdg.o
LOAD ./system/src/stm32f0-stdperiph/stm32f0xx_misc.o
LOAD ./system/src/stm32f0-stdperiph/stm32f0xx_pwr.o
LOAD ./system/src/stm32f0-stdperiph/stm32f0xx_rcc.o
LOAD ./system/src/stm32f0-stdperiph/stm32f0xx_rtc.o
LOAD ./system/src/stm32f0-stdperiph/stm32f0xx_spi.o
LOAD ./system/src/stm32f0-stdperiph/stm32f0xx_syscfg.o
LOAD ./system/src/stm32f0-stdperiph/stm32f0xx_tim.o
LOAD ./system/src/stm32f0-stdperiph/stm32f0xx_usart.o
LOAD ./system/src/stm32f0-stdperiph/stm32f0xx_wwdg.o
LOAD ./system/src/newlib/_cxx.o
LOAD ./system/src/newlib/_exit.o
LOAD ./system/src/newlib/_sbrk.o
LOAD ./system/src/newlib/_startup.o
LOAD ./system/src/newlib/_syscalls.o
LOAD ./system/src/newlib/assert.o
LOAD ./system/src/diag/Trace.o
LOAD ./system/src/diag/trace_impl.o
LOAD ./system/src/cortexm/_initialize_hardware.o
LOAD ./system/src/cortexm/_reset_hardware.o
LOAD ./system/src/cortexm/exception_handlers.o
LOAD ./system/src/cmsis/system_stm32f0xx.o
LOAD ./system/src/cmsis/vectors_stm32f0xx.o
LOAD ./src/Timer.o
LOAD ./src/_write.o
LOAD ./src/bbuffer.o
LOAD ./src/buffer.o
LOAD ./src/conditions.o
LOAD ./src/dht22.o
LOAD ./src/dmachan.o
LOAD ./src/dtostrf.o
LOAD ./src/hcsr04.o
LOAD ./src/intchain.o
LOAD ./src/main.o
LOAD ./src/rtos.o
LOAD ./src/serial.o
LOAD /usr/bin/../lib/gcc/arm-none-eabi/4.9.3/../../../../arm-none-eabi/lib/armv6-m/libstdc++_nano.a
LOAD /usr/bin/../lib/gcc/arm-none-eabi/4.9.3/../../../../arm-none-eabi/lib/armv6-m/libm.a
START GROUP
LOAD /usr/bin/../lib/gcc/arm-none-eabi/4.9.3/armv6-m/libgcc.a
LOAD /usr/bin/../lib/gcc/arm-none-eabi/4.9.3/../../../../arm-none-eabi/lib/armv6-m/libg_nano.a
LOAD /usr/bin/../lib/gcc/arm-none-eabi/4.9.3/../../../../arm-none-eabi/lib/armv6-m/libc_nano.a
END GROUP
START GROUP
LOAD /usr/bin/../lib/gcc/arm-none-eabi/4.9.3/armv6-m/libgcc.a
LOAD /usr/bin/../lib/gcc/arm-none-eabi/4.9.3/../../../../arm-none-eabi/lib/armv6-m/libc_nano.a
END GROUP
                0x0000000020001000                __stack = (ORIGIN (RAM) + 0x1000)
                0x0000000020001000                _estack = __stack
                0x0000000000000400                __Main_Stack_Size = 0x400
                0x0000000000000400                PROVIDE (_Main_Stack_Size, __Main_Stack_Size)
                0x0000000020000c00                __Main_Stack_Limit = (__stack - __Main_Stack_Size)
                0x0000000020000c00                PROVIDE (_Main_Stack_Limit, __Main_Stack_Limit)
                0x0000000000000100                _Minimum_Stack_Size = 0x100
                0x0000000020000238                PROVIDE (_Heap_Begin, _end_noinit)
                0x0000000020000c00                PROVIDE (_Heap_Limit, (__stack - __Main_Stack_Size))

.isr_vector     0x0000000008000000      0x218
 FILL mask 0xff
                0x0000000008000000                __vectors_start = ABSOLUTE (.)
                0x0000000008000000                __vectors_start__ = ABSOLUTE (.)
 *(.isr_vector)
 .isr_vector    0x0000000008000000       0xc4 ./system/src/cmsis/vectors_stm32f0xx.o
                0x0000000008000000                g_pfnVectors
 *(.cfmconfig)
 *(.after_vectors .after_vectors.*)
 .after_vectors
                0x00000000080000c4      0x118 ./system/src/newlib/_startup.o
                0x00000000080000c4                _start
 .after_vectors
                0x00000000080001dc       0x38 ./system/src/cortexm/exception_handlers.o
                0x00000000080001dc                Reset_Handler
                0x00000000080001e4                NMI_Handler
                0x00000000080001e8                HardFault_Handler
                0x0000000008000200                HardFault_Handler_C
                0x0000000008000204                SVC_Handler
                0x0000000008000208                PendSV_Handler
 .after_vectors
                0x0000000008000214        0x4 ./system/src/cmsis/vectors_stm32f0xx.o
                0x0000000008000214                TIM1_CC_IRQHandler
                0x0000000008000214                TSC_IRQHandler
                0x0000000008000214                ADC1_COMP_IRQHandler
                0x0000000008000214                PVD_IRQHandler
                0x0000000008000214                I2C1_IRQHandler
                0x0000000008000214                RCC_CRS_IRQHandler
                0x0000000008000214                SPI1_IRQHandler
                0x0000000008000214                TIM6_DAC_IRQHandler
                0x0000000008000214                USART3_4_IRQHandler
                0x0000000008000214                ADC1_IRQHandler
                0x0000000008000214                I2C2_IRQHandler
                0x0000000008000214                TIM17_IRQHandler
                0x0000000008000214                CEC_CAN_IRQHandler
                0x0000000008000214                RTC_IRQHandler
                0x0000000008000214                PVD_VDDIO2_IRQHandler
                0x0000000008000214                DMA1_Channel4_5_6_7_IRQHandler
                0x0000000008000214                TIM16_IRQHandler
                0x0000000008000214                TIM3_IRQHandler
                0x0000000008000214                RCC_IRQHandler
                0x0000000008000214                Default_Handler
                0x0000000008000214                CEC_IRQHandler
                0x0000000008000214                TIM14_IRQHandler
                0x0000000008000214                TIM7_IRQHandler
                0x0000000008000214                TIM15_IRQHandler
                0x0000000008000214                USB_IRQHandler
                0x0000000008000214                SPI2_IRQHandler
                0x0000000008000214                TS_IRQHandler
                0x0000000008000214                WWDG_IRQHandler
                0x0000000008000214                TIM2_IRQHandler
                0x0000000008000214                USART2_IRQHandler
                0x0000000008000214                FLASH_IRQHandler
                0x0000000008000214                TIM1_BRK_UP_TRG_COM_IRQHandler

.inits          0x0000000008000218       0x34
                0x0000000008000218                __data_regions_array_start = .
                0x0000000008000218        0x4 LONG 0x8002e80 LOADADDR (.data)
                0x000000000800021c        0x4 LONG 0x20000000 ADDR (.data)
                0x0000000008000220        0x4 LONG 0x2000009c (ADDR (.data) + SIZEOF (.data))
                0x0000000008000224        0x4 LONG 0x8002e80 LOADADDR (.data_CCMRAM)
                0x0000000008000228        0x4 LONG 0x0 ADDR (.data_CCMRAM)
                0x000000000800022c        0x4 LONG 0x0 (ADDR (.data_CCMRAM) + SIZEOF (.data_CCMRAM))
                0x0000000008000230                __data_regions_array_end = .
                0x0000000008000230                __bss_regions_array_start = .
                0x0000000008000230        0x4 LONG 0x200000a0 ADDR (.bss)
                0x0000000008000234        0x4 LONG 0x20000238 (ADDR (.bss) + SIZEOF (.bss))
                0x0000000008000238        0x4 LONG 0x0 ADDR (.bss_CCMRAM)
                0x000000000800023c        0x4 LONG 0x0 (ADDR (.bss_CCMRAM) + SIZEOF (.bss_CCMRAM))
                0x0000000008000240                __bss_regions_array_end = .
 *(.init)
 *(.fini)
                0x0000000008000240                . = ALIGN (0x4)
                0x0000000008000240                PROVIDE (__preinit_array_start, .)
 *(.preinit_array_sysinit .preinit_array_sysinit.*)
 *(.preinit_array_platform .preinit_array_platform.*)
 *(.preinit_array .preinit_array.*)
                0x0000000008000240                PROVIDE (__preinit_array_end, .)
                0x0000000008000240                . = ALIGN (0x4)
                0x0000000008000240                PROVIDE (__init_array_start, .)
 *(SORT(.init_array.*))
 *(.init_array)
 .init_array    0x0000000008000240        0x4 ./src/dmachan.o
 .init_array    0x0000000008000244        0x4 ./src/main.o
                0x0000000008000248                PROVIDE (__init_array_end, .)
                0x0000000008000248                . = ALIGN (0x4)
                0x0000000008000248                PROVIDE (__fini_array_start, .)
 *(SORT(.fini_array.*))
 *(.fini_array)
 .fini_array    0x0000000008000248        0x4 ./src/main.o
                0x000000000800024c                PROVIDE (__fini_array_end, .)

.flashtext
 *(.flashtext .flashtext.*)

.text           0x0000000008000250     0x2c26
 *(.text .text.*)
 .text.DMA_DeInit
                0x0000000008000250       0xf8 ./system/src/stm32f0-stdperiph/stm32f0xx_dma.o
                0x0000000008000250                DMA_DeInit
 .text.DMA_GetFlagStatus
                0x0000000008000348       0xe4 ./system/src/stm32f0-stdperiph/stm32f0xx_dma.o
                0x0000000008000348                DMA_GetFlagStatus
 .text.DMA_ClearFlag
                0x000000000800042c       0x24 ./system/src/stm32f0-stdperiph/stm32f0xx_dma.o
                0x000000000800042c                DMA_ClearFlag
 .text.EXTI_Init
                0x0000000008000450       0xcc ./system/src/stm32f0-stdperiph/stm32f0xx_exti.o
                0x0000000008000450                EXTI_Init
 .text.EXTI_GetFlagStatus
                0x000000000800051c       0xe4 ./system/src/stm32f0-stdperiph/stm32f0xx_exti.o
                0x000000000800051c                EXTI_GetFlagStatus
 .text.EXTI_ClearFlag
                0x0000000008000600       0x28 ./system/src/stm32f0-stdperiph/stm32f0xx_exti.o
                0x0000000008000600                EXTI_ClearFlag
 .text.GPIO_Init
                0x0000000008000628      0x11c ./system/src/stm32f0-stdperiph/stm32f0xx_gpio.o
                0x0000000008000628                GPIO_Init
 .text.GPIO_ReadInputData
                0x0000000008000744       0x54 ./system/src/stm32f0-stdperiph/stm32f0xx_gpio.o
                0x0000000008000744                GPIO_ReadInputData
 .text.GPIO_SetBits
                0x0000000008000798       0x60 ./system/src/stm32f0-stdperiph/stm32f0xx_gpio.o
                0x0000000008000798                GPIO_SetBits
 .text.GPIO_ResetBits
                0x00000000080007f8       0x60 ./system/src/stm32f0-stdperiph/stm32f0xx_gpio.o
                0x00000000080007f8                GPIO_ResetBits
 .text.GPIO_PinAFConfig
                0x0000000008000858       0x94 ./system/src/stm32f0-stdperiph/stm32f0xx_gpio.o
                0x0000000008000858                GPIO_PinAFConfig
 .text.NVIC_Init
                0x00000000080008ec       0x78 ./system/src/stm32f0-stdperiph/stm32f0xx_misc.o
                0x00000000080008ec                NVIC_Init
 .text.RCC_GetClocksFreq
                0x0000000008000964      0x198 ./system/src/stm32f0-stdperiph/stm32f0xx_rcc.o
                0x0000000008000964                RCC_GetClocksFreq
 .text.RCC_AHBPeriphClockCmd
                0x0000000008000afc       0x50 ./system/src/stm32f0-stdperiph/stm32f0xx_rcc.o
                0x0000000008000afc                RCC_AHBPeriphClockCmd
 .text.RCC_APB2PeriphClockCmd
                0x0000000008000b4c       0x50 ./system/src/stm32f0-stdperiph/stm32f0xx_rcc.o
                0x0000000008000b4c                RCC_APB2PeriphClockCmd
 .text.RCC_APB2PeriphResetCmd
                0x0000000008000b9c       0x50 ./system/src/stm32f0-stdperiph/stm32f0xx_rcc.o
                0x0000000008000b9c                RCC_APB2PeriphResetCmd
 .text.RCC_APB1PeriphResetCmd
                0x0000000008000bec       0x50 ./system/src/stm32f0-stdperiph/stm32f0xx_rcc.o
                0x0000000008000bec                RCC_APB1PeriphResetCmd
 .text.SYSCFG_EXTILineConfig
                0x0000000008000c3c       0x48 ./system/src/stm32f0-stdperiph/stm32f0xx_syscfg.o
                0x0000000008000c3c                SYSCFG_EXTILineConfig
 .text.USART_DeInit
                0x0000000008000c84       0xa8 ./system/src/stm32f0-stdperiph/stm32f0xx_usart.o
                0x0000000008000c84                USART_DeInit
 .text.USART_Init
                0x0000000008000d2c      0x1a4 ./system/src/stm32f0-stdperiph/stm32f0xx_usart.o
                0x0000000008000d2c                USART_Init
 .text.USART_Cmd
                0x0000000008000ed0       0x64 ./system/src/stm32f0-stdperiph/stm32f0xx_usart.o
                0x0000000008000ed0                USART_Cmd
 .text.USART_SendData
                0x0000000008000f34       0x5c ./system/src/stm32f0-stdperiph/stm32f0xx_usart.o
                0x0000000008000f34                USART_SendData
 .text.USART_ReceiveData
                0x0000000008000f90       0x44 ./system/src/stm32f0-stdperiph/stm32f0xx_usart.o
                0x0000000008000f90                USART_ReceiveData
 .text.USART_ITConfig
                0x0000000008000fd4      0x104 ./system/src/stm32f0-stdperiph/stm32f0xx_usart.o
                0x0000000008000fd4                USART_ITConfig
 .text.USART_GetFlagStatus
                0x00000000080010d8       0xe8 ./system/src/stm32f0-stdperiph/stm32f0xx_usart.o
                0x00000000080010d8                USART_GetFlagStatus
 .text.__cxa_pure_virtual
                0x00000000080011c0        0x8 ./system/src/newlib/_cxx.o
                0x00000000080011c0                __cxa_pure_virtual
 .text._exit    0x00000000080011c8        0x4 ./system/src/newlib/_exit.o
                0x00000000080011c8                _exit
 .text.abort    0x00000000080011cc        0x8 ./system/src/newlib/_exit.o
                0x00000000080011cc                abort
 .text.__initialize_args
                0x00000000080011d4       0x10 ./system/src/newlib/_syscalls.o
                0x00000000080011d4                __initialize_args
 .text.__assert_func
                0x00000000080011e4        0x8 ./system/src/newlib/assert.o
                0x00000000080011e4                __assert_func
 .text.assert_failed
                0x00000000080011ec        0x8 ./system/src/newlib/assert.o
                0x00000000080011ec                assert_failed
 .text.__initialize_hardware_early
                0x00000000080011f4        0x8 ./system/src/cortexm/_initialize_hardware.o
                0x00000000080011f4                __initialize_hardware_early
 .text.__initialize_hardware
                0x00000000080011fc        0x8 ./system/src/cortexm/_initialize_hardware.o
                0x00000000080011fc                __initialize_hardware
 .text.SetSysClock
                0x0000000008001204       0xb0 ./system/src/cmsis/system_stm32f0xx.o
 .text.SystemInit
                0x00000000080012b4       0x64 ./system/src/cmsis/system_stm32f0xx.o
                0x00000000080012b4                SystemInit
 .text.SystemCoreClockUpdate
                0x0000000008001318       0x90 ./system/src/cmsis/system_stm32f0xx.o
                0x0000000008001318                SystemCoreClockUpdate
 .text._ZN5Timer10systemTickEv
                0x00000000080013a8       0x1c ./src/Timer.o
                0x00000000080013a8                Timer::systemTick()
 .text._ZN5Timer5setupEv
                0x00000000080013c4       0x7c ./src/Timer.o
                0x00000000080013c4                Timer::setup()
 .text._ZN5Timer6msleepEm
                0x0000000008001440       0x28 ./src/Timer.o
                0x0000000008001440                Timer::msleep(unsigned long)
 .text._ZN5Timer11msleepUntilEy
                0x0000000008001468       0x18 ./src/Timer.o
                0x0000000008001468                Timer::msleepUntil(unsigned long long)
 .text._ZN5Timer6usleepEm
                0x0000000008001480       0x94 ./src/Timer.o
                0x0000000008001480                Timer::usleep(unsigned long)
 .text.SysTick_Handler
                0x0000000008001514       0x10 ./src/Timer.o
                0x0000000008001514                SysTick_Handler
 .text._ZN14bounded_bufferC2ER6buffer
                0x0000000008001524       0x10 ./src/bbuffer.o
                0x0000000008001524                bounded_buffer::bounded_buffer(buffer&)
                0x0000000008001524                bounded_buffer::bounded_buffer(buffer&)
 .text._ZN14bounded_buffer19insertFromInterruptEh
                0x0000000008001534       0x48 ./src/bbuffer.o
                0x0000000008001534                bounded_buffer::insertFromInterrupt(unsigned char)
 .text._ZN9Semaphore16incFromInterruptEm
                0x000000000800157c        0xc ./src/conditions.o
                0x000000000800157c                Semaphore::incFromInterrupt(unsigned long)
 .text._ZN5DHT22D2Ev
                0x0000000008001588        0xc ./src/dht22.o
                0x0000000008001588                DHT22::~DHT22()
                0x0000000008001588                DHT22::~DHT22()
 .text._ZN5DHT225onIRQEv
                0x0000000008001594       0xe8 ./src/dht22.o
                0x0000000008001594                DHT22::onIRQ()
 .text._ZN5DHT22D0Ev
                0x000000000800167c       0x14 ./src/dht22.o
                0x000000000800167c                DHT22::~DHT22()
 .text._ZN5DHT22C2EP12GPIO_TypeDefhhPP8IntChain
                0x0000000008001690       0x3c ./src/dht22.o
                0x0000000008001690                DHT22::DHT22(GPIO_TypeDef*, unsigned char, unsigned char, IntChain**)
                0x0000000008001690                DHT22::DHT22(GPIO_TypeDef*, unsigned char, unsigned char, IntChain**)
 .text._ZN5DHT225setupEv
                0x00000000080016cc       0xac ./src/dht22.o
                0x00000000080016cc                DHT22::setup()
 .text._ZN5DHT229startReadEv
                0x0000000008001778       0x38 ./src/dht22.o
                0x0000000008001778                DHT22::startRead()
 .text._ZN5DHT2211readSuccessEv
                0x00000000080017b0       0x50 ./src/dht22.o
                0x00000000080017b0                DHT22::readSuccess()
 .text._ZN5DHT2214getTemperatureEv
                0x0000000008001800       0x1c ./src/dht22.o
                0x0000000008001800                DHT22::getTemperature()
 .text._ZN5DHT2211getHumidityEv
                0x000000000800181c       0x10 ./src/dht22.o
                0x000000000800181c                DHT22::getHumidity()
 .text._ZN10DMAChannelC2EP19DMA_Channel_TypeDefmh
                0x000000000800182c       0x38 ./src/dmachan.o
                0x000000000800182c                DMAChannel::DMAChannel(DMA_Channel_TypeDef*, unsigned long, unsigned char)
                0x000000000800182c                DMAChannel::DMAChannel(DMA_Channel_TypeDef*, unsigned long, unsigned char)
 .text._Z41__static_initialization_and_destruction_0ii
                0x0000000008001864       0x7c ./src/dmachan.o
 .text._ZN10DMAChannel5onIRQEv
                0x00000000080018e0       0x2c ./src/dmachan.o
                0x00000000080018e0                DMAChannel::onIRQ()
 .text.DMA1_Channel1_IRQHandler
                0x000000000800190c       0x10 ./src/dmachan.o
                0x000000000800190c                DMA1_Channel1_IRQHandler
 .text.DMA1_Channel2_3_IRQHandler
                0x000000000800191c       0x18 ./src/dmachan.o
                0x000000000800191c                DMA1_Channel2_3_IRQHandler
 .text.DMA1_Channel4_5_IRQHandler
                0x0000000008001934       0x18 ./src/dmachan.o
                0x0000000008001934                DMA1_Channel4_5_IRQHandler
 .text._GLOBAL__sub_I__ZN11SemDelegate5onIRQEv
                0x000000000800194c       0x10 ./src/dmachan.o
 .text._Z6itostrljjcPc
                0x000000000800195c       0xc4 ./src/dtostrf.o
                0x000000000800195c                itostr(long, unsigned int, unsigned int, char, char*)
 .text._Z6utostrmjjcPc
                0x0000000008001a20       0xac ./src/dtostrf.o
                0x0000000008001a20                utostr(unsigned long, unsigned int, unsigned int, char, char*)
 .text._Z7dtostrxljjjjcPc
                0x0000000008001acc       0xec ./src/dtostrf.o
                0x0000000008001acc                dtostrx(long, unsigned int, unsigned int, unsigned int, unsigned int, char, char*)
 .text._ZN6HCSR04D2Ev
                0x0000000008001bb8        0xc ./src/hcsr04.o
                0x0000000008001bb8                HCSR04::~HCSR04()
                0x0000000008001bb8                HCSR04::~HCSR04()
 .text._ZN6HCSR045onIRQEv
                0x0000000008001bc4       0x8c ./src/hcsr04.o
                0x0000000008001bc4                HCSR04::onIRQ()
 .text._ZN6HCSR04D0Ev
                0x0000000008001c50       0x14 ./src/hcsr04.o
                0x0000000008001c50                HCSR04::~HCSR04()
 .text._ZN6HCSR04C2EP12GPIO_TypeDefhhhPP8IntChain
                0x0000000008001c64       0x38 ./src/hcsr04.o
                0x0000000008001c64                HCSR04::HCSR04(GPIO_TypeDef*, unsigned char, unsigned char, unsigned char, IntChain**)
                0x0000000008001c64                HCSR04::HCSR04(GPIO_TypeDef*, unsigned char, unsigned char, unsigned char, IntChain**)
 .text._ZN6HCSR045setupEv
                0x0000000008001c9c       0xcc ./src/hcsr04.o
                0x0000000008001c9c                HCSR04::setup()
 .text._ZN6HCSR049startReadEv
                0x0000000008001d68       0x30 ./src/hcsr04.o
                0x0000000008001d68                HCSR04::startRead()
 .text._ZN6HCSR048getRangeEv
                0x0000000008001d98       0x14 ./src/hcsr04.o
                0x0000000008001d98                HCSR04::getRange()
 .text._ZN8IntChain7installEPPS_
                0x0000000008001dac        0x8 ./src/intchain.o
                0x0000000008001dac                IntChain::install(IntChain**)
 .text.EXTI0_1_IRQHandler
                0x0000000008001db4       0x1c ./src/intchain.o
                0x0000000008001db4                EXTI0_1_IRQHandler
 .text.EXTI2_3_IRQHandler
                0x0000000008001dd0       0x1c ./src/intchain.o
                0x0000000008001dd0                EXTI2_3_IRQHandler
 .text.EXTI4_15_IRQHandler
                0x0000000008001dec       0x1c ./src/intchain.o
                0x0000000008001dec                EXTI4_15_IRQHandler
 .text._Z41__static_initialization_and_destruction_0ii
                0x0000000008001e08       0xa0 ./src/main.o
 .text._Z7thrmainv
                0x0000000008001ea8      0x140 ./src/main.o
                0x0000000008001ea8                thrmain()
 .text.main     0x0000000008001fe8        0xc ./src/main.o
                0x0000000008001fe8                main
 .text._GLOBAL__sub_I_txtbuf
                0x0000000008001ff4       0x10 ./src/main.o
 .text._GLOBAL__sub_D_txtbuf
                0x0000000008002004       0x10 ./src/main.o
 .text._ZN6SerialC2EP13USART_TypeDefP14bounded_buffer
                0x0000000008002014       0x38 ./src/serial.o
                0x0000000008002014                Serial::Serial(USART_TypeDef*, bounded_buffer*)
                0x0000000008002014                Serial::Serial(USART_TypeDef*, bounded_buffer*)
 .text._ZN6SerialD2Ev
                0x000000000800204c       0x24 ./src/serial.o
                0x000000000800204c                Serial::~Serial()
                0x000000000800204c                Serial::~Serial()
 .text._ZN6Serial5setupEP17USART_InitTypeDef
                0x0000000008002070       0xd8 ./src/serial.o
                0x0000000008002070                Serial::setup(USART_InitTypeDef*)
 .text._ZN6Serial5setupEm
                0x0000000008002148       0x20 ./src/serial.o
                0x0000000008002148                Serial::setup(unsigned long)
 .text._ZN6Serial8transmitEmPKh
                0x0000000008002168       0x38 ./src/serial.o
                0x0000000008002168                Serial::transmit(unsigned long, unsigned char const*)
 .text._ZN6Serial5printEPKc
                0x00000000080021a0       0x18 ./src/serial.o
                0x00000000080021a0                Serial::print(char const*)
 .text._ZN6Serial7printlnEPKc
                0x00000000080021b8       0x18 ./src/serial.o
                0x00000000080021b8                Serial::println(char const*)
 .text._ZN6Serial11onInterruptEv
                0x00000000080021d0       0x2c ./src/serial.o
                0x00000000080021d0                Serial::onInterrupt()
 .text.USART1_IRQHandler
                0x00000000080021fc       0x14 ./src/serial.o
                0x00000000080021fc                USART1_IRQHandler
 .text._ZdlPv   0x0000000008002210        0x8 /usr/bin/../lib/gcc/arm-none-eabi/4.9.3/../../../../arm-none-eabi/lib/armv6-m/libstdc++_nano.a(del_op.o)
                0x0000000008002210                operator delete(void*)
 .text          0x0000000008002218      0x120 /usr/bin/../lib/gcc/arm-none-eabi/4.9.3/armv6-m/libgcc.a(_udivsi3.o)
                0x0000000008002218                __udivsi3
                0x0000000008002218                __aeabi_uidiv
                0x0000000008002324                __aeabi_uidivmod
 .text          0x0000000008002338      0x1e0 /usr/bin/../lib/gcc/arm-none-eabi/4.9.3/armv6-m/libgcc.a(_divsi3.o)
                0x0000000008002338                __aeabi_idiv
                0x0000000008002338                __divsi3
                0x0000000008002504                __aeabi_idivmod
 .text          0x0000000008002518        0x4 /usr/bin/../lib/gcc/arm-none-eabi/4.9.3/armv6-m/libgcc.a(_dvmd_tls.o)
                0x0000000008002518                __aeabi_ldiv0
                0x0000000008002518                __aeabi_idiv0
 .text          0x000000000800251c       0x40 /usr/bin/../lib/gcc/arm-none-eabi/4.9.3/armv6-m/libgcc.a(_aeabi_uldivmod.o)
                0x000000000800251c                __aeabi_uldivmod
 .text          0x000000000800255c       0x54 /usr/bin/../lib/gcc/arm-none-eabi/4.9.3/armv6-m/libgcc.a(_muldi3.o)
                0x000000000800255c                __aeabi_lmul
                0x000000000800255c                __muldi3
 .text          0x00000000080025b0       0x6c /usr/bin/../lib/gcc/arm-none-eabi/4.9.3/armv6-m/libgcc.a(bpabi.o)
                0x00000000080025b0                __gnu_ldivmod_helper
                0x00000000080025e8                __gnu_uldivmod_helper
 .text          0x000000000800261c       0x3c /usr/bin/../lib/gcc/arm-none-eabi/4.9.3/armv6-m/libgcc.a(_clzsi2.o)
                0x000000000800261c                __clzsi2
 .text          0x0000000008002658      0x1f0 /usr/bin/../lib/gcc/arm-none-eabi/4.9.3/armv6-m/libgcc.a(_divdi3.o)
                0x0000000008002658                __divdi3
 .text          0x0000000008002848      0x158 /usr/bin/../lib/gcc/arm-none-eabi/4.9.3/armv6-m/libgcc.a(_udivdi3.o)
                0x0000000008002848                __udivdi3
 .text          0x00000000080029a0       0x18 /usr/bin/../lib/gcc/arm-none-eabi/4.9.3/armv6-m/libgcc.a(_clzdi2.o)
                0x00000000080029a0                __clzdi2
 .text.free     0x00000000080029b8       0x14 /usr/bin/../lib/gcc/arm-none-eabi/4.9.3/../../../../arm-none-eabi/lib/armv6-m/libg_nano.a(lib_a-malloc.o)
                0x00000000080029b8                free
 .text._free_r  0x00000000080029cc       0x8c /usr/bin/../lib/gcc/arm-none-eabi/4.9.3/../../../../arm-none-eabi/lib/armv6-m/libg_nano.a(lib_a-nano-freer.o)
                0x00000000080029cc                _free_r
 .text.strlen   0x0000000008002a58        0xe /usr/bin/../lib/gcc/arm-none-eabi/4.9.3/../../../../arm-none-eabi/lib/armv6-m/libg_nano.a(lib_a-strlen.o)
                0x0000000008002a58                strlen
 *(.rodata .rodata.* .constdata .constdata.*)
 *fill*         0x0000000008002a66        0x2 
 .rodata.str1.4
                0x0000000008002a68       0x30 ./system/src/stm32f0-stdperiph/stm32f0xx_dma.o
 .rodata.str1.4
                0x0000000008002a98       0x31 ./system/src/stm32f0-stdperiph/stm32f0xx_exti.o
 *fill*         0x0000000008002ac9        0x3 
 .rodata.str1.4
                0x0000000008002acc       0x31 ./system/src/stm32f0-stdperiph/stm32f0xx_gpio.o
 *fill*         0x0000000008002afd        0x3 
 .rodata.str1.4
                0x0000000008002b00       0x31 ./system/src/stm32f0-stdperiph/stm32f0xx_misc.o
 *fill*         0x0000000008002b31        0x3 
 .rodata.str1.4
                0x0000000008002b34       0x30 ./system/src/stm32f0-stdperiph/stm32f0xx_rcc.o
 .rodata.str1.4
                0x0000000008002b64       0x33 ./system/src/stm32f0-stdperiph/stm32f0xx_syscfg.o
 *fill*         0x0000000008002b97        0x1 
 .rodata.str1.4
                0x0000000008002b98       0x32 ./system/src/stm32f0-stdperiph/stm32f0xx_usart.o
 *fill*         0x0000000008002bca        0x6 
 .rodata._ZTV11IRQDelegate
                0x0000000008002bd0       0x14 ./src/dht22.o
                0x0000000008002bd0                vtable for IRQDelegate
 *fill*         0x0000000008002be4        0x4 
 .rodata._ZTV5DHT22
                0x0000000008002be8       0x14 ./src/dht22.o
                0x0000000008002be8                vtable for DHT22
 .rodata._ZZ6utostrmjjcPcE19__PRETTY_FUNCTION__
                0x0000000008002bfc       0x40 ./src/dtostrf.o
 .rodata.str1.4
                0x0000000008002c3c       0xef ./src/dtostrf.o
 *fill*         0x0000000008002d2b        0x1 
 .rodata._ZZ6itostrljjcPcE19__PRETTY_FUNCTION__
                0x0000000008002d2c       0x3f ./src/dtostrf.o
 *fill*         0x0000000008002d6b        0x1 
 .rodata._ZZ7dtostrxljjjjcPcE19__PRETTY_FUNCTION__
                0x0000000008002d6c       0x5c ./src/dtostrf.o
 .rodata._ZTV6HCSR04
                0x0000000008002dc8       0x14 ./src/hcsr04.o
                0x0000000008002dc8                vtable for HCSR04
 .rodata.str1.4
                0x0000000008002ddc        0xe ./src/main.o
 *fill*         0x0000000008002dea        0x2 
 .rodata._ZZN6Serial5setupEP17USART_InitTypeDefE19__PRETTY_FUNCTION__
                0x0000000008002dec       0x27 ./src/serial.o
 *fill*         0x0000000008002e13        0x1 
 .rodata._ZZN6SerialC4EP13USART_TypeDefP14bounded_bufferE19__PRETTY_FUNCTION__
                0x0000000008002e14       0x30 ./src/serial.o
 .rodata.str1.4
                0x0000000008002e44       0x30 ./src/serial.o
                                         0x33 (size before relaxing)
 .rodata.str1.1
                0x0000000008002e74        0x2 /usr/bin/../lib/gcc/arm-none-eabi/4.9.3/../../../../arm-none-eabi/lib/armv6-m/libg_nano.a(lib_a-impure.o)
 *(vtable)
 *(.eh_frame*)
 *(.glue_7)
 .glue_7        0x0000000000000000        0x0 linker stubs
 *(.glue_7t)
 .glue_7t       0x0000000000000000        0x0 linker stubs

.vfp11_veneer   0x0000000008002e78        0x0
 .vfp11_veneer  0x0000000000000000        0x0 linker stubs

.v4_bx          0x0000000008002e78        0x0
 .v4_bx         0x0000000000000000        0x0 linker stubs

.iplt           0x0000000008002e78        0x0
 .iplt          0x0000000000000000        0x0 ./system/src/stm32f0-stdperiph/stm32f0xx_adc.o

.ARM.extab
 *(.ARM.extab* .gnu.linkonce.armextab.*)
                0x0000000008002e78                . = ALIGN (0x4)
                0x0000000008002e78                __exidx_start = .

.ARM.exidx      0x0000000008002e78        0x8
 *(.ARM.exidx* .gnu.linkonce.armexidx.*)
 .ARM.exidx     0x0000000008002e78        0x8 /usr/bin/../lib/gcc/arm-none-eabi/4.9.3/armv6-m/libgcc.a(_divdi3.o)
 .ARM.exidx     0x0000000008002e80        0x0 /usr/bin/../lib/gcc/arm-none-eabi/4.9.3/armv6-m/libgcc.a(_udivdi3.o)
                                          0x8 (size before relaxing)
                0x0000000008002e80                __exidx_end = .

.rel.dyn        0x0000000008002e80        0x0
 .rel.iplt      0x0000000000000000        0x0 ./system/src/stm32f0-stdperiph/stm32f0xx_adc.o
                0x0000000008002e80                . = ALIGN (0x4)
                0x0000000008002e80                _etext = .
                0x0000000008002e80                __etext = .

.data_CCMRAM    0x0000000000000000        0x0 load address 0x0000000008002e80
 FILL mask 0xff
 *(.data.CCMRAM .data.CCMRAM.*)
                0x0000000000000000                . = ALIGN (0x4)
                0x0000000008002e80                _sidata = LOADADDR (.data)

.data           0x0000000020000000       0x9c load address 0x0000000008002e80
 FILL mask 0xff
                0x0000000020000000                _sdata = .
                0x0000000020000000                __data_start__ = .
 *(.data_begin .data_begin.*)
 .data_begin    0x0000000020000000        0x4 ./system/src/newlib/_startup.o
 *(.data .data.*)
 .data.APBAHBPrescTable
                0x0000000020000004       0x10 ./system/src/stm32f0-stdperiph/stm32f0xx_rcc.o
 .data.argv.4157
                0x0000000020000014        0x8 ./system/src/newlib/_syscalls.o
 .data.AHBPrescTable
                0x000000002000001c       0x10 ./system/src/cmsis/system_stm32f0xx.o
                0x000000002000001c                AHBPrescTable
 .data.SystemCoreClock
                0x000000002000002c        0x4 ./system/src/cmsis/system_stm32f0xx.o
                0x000000002000002c                SystemCoreClock
 .data._ZN5Timer8tickfuncE
                0x0000000020000030        0x4 ./src/Timer.o
                0x0000000020000030                Timer::tickfunc
 .data.impure_data
                0x0000000020000034       0x60 /usr/bin/../lib/gcc/arm-none-eabi/4.9.3/../../../../arm-none-eabi/lib/armv6-m/libg_nano.a(lib_a-impure.o)
 .data._impure_ptr
                0x0000000020000094        0x4 /usr/bin/../lib/gcc/arm-none-eabi/4.9.3/../../../../arm-none-eabi/lib/armv6-m/libg_nano.a(lib_a-impure.o)
                0x0000000020000094                _impure_ptr
 *(.data_end .data_end.*)
 .data_end      0x0000000020000098        0x4 ./system/src/newlib/_startup.o
                0x000000002000009c                . = ALIGN (0x4)
                0x000000002000009c                _edata = .
                0x000000002000009c                __data_end__ = .

.igot.plt       0x000000002000009c        0x0 load address 0x0000000008002f1c
 .igot.plt      0x0000000000000000        0x0 ./system/src/stm32f0-stdperiph/stm32f0xx_adc.o

.bss_CCMRAM     0x0000000000000000        0x0
 *(.bss.CCMRAM .bss.CCMRAM.*)

.bss            0x00000000200000a0      0x198
                0x00000000200000a0                __bss_start__ = .
                0x00000000200000a0                _sbss = .
 *(.bss_begin .bss_begin.*)
 .bss_begin     0x00000000200000a0        0x4 ./system/src/newlib/_startup.o
 *(.bss .bss.*)
 .bss.name.4156
                0x00000000200000a4        0x1 ./system/src/newlib/_syscalls.o
 *fill*         0x00000000200000a5        0x3 
 .bss._ZN5Timer12TICKS_PER_MSE
                0x00000000200000a8        0x4 ./src/Timer.o
                0x00000000200000a8                Timer::TICKS_PER_MS
 *fill*         0x00000000200000ac        0x4 
 .bss._ZN5Timer10ms_elapsedE
                0x00000000200000b0        0x8 ./src/Timer.o
                0x00000000200000b0                Timer::ms_elapsed
 .bss._ZN5Timer12TICKS_PER_USE
                0x00000000200000b8        0x4 ./src/Timer.o
                0x00000000200000b8                Timer::TICKS_PER_US
 .bss._ZN6buffer6canaryE
                0x00000000200000bc        0x1 ./src/buffer.o
                0x00000000200000bc                buffer::canary
 *fill*         0x00000000200000bd        0x3 
 .bss._ZN10DMAChannel13dma1_channel1E
                0x00000000200000c0       0x10 ./src/dmachan.o
                0x00000000200000c0                DMAChannel::dma1_channel1
 .bss._ZN10DMAChannel13dma1_channel2E
                0x00000000200000d0       0x10 ./src/dmachan.o
                0x00000000200000d0                DMAChannel::dma1_channel2
 .bss._ZN10DMAChannel13dma1_channel3E
                0x00000000200000e0       0x10 ./src/dmachan.o
                0x00000000200000e0                DMAChannel::dma1_channel3
 .bss._ZN10DMAChannel13dma1_channel4E
                0x00000000200000f0       0x10 ./src/dmachan.o
                0x00000000200000f0                DMAChannel::dma1_channel4
 .bss._ZN10DMAChannel13dma1_channel5E
                0x0000000020000100       0x10 ./src/dmachan.o
                0x0000000020000100                DMAChannel::dma1_channel5
 .bss.irqc_EXTI4_15
                0x0000000020000110        0x4 ./src/intchain.o
                0x0000000020000110                irqc_EXTI4_15
 .bss.irqc_EXTI2_3
                0x0000000020000114        0x4 ./src/intchain.o
                0x0000000020000114                irqc_EXTI2_3
 .bss.irqc_EXTI0_1
                0x0000000020000118        0x4 ./src/intchain.o
                0x0000000020000118                irqc_EXTI0_1
 .bss.txtbuf    0x000000002000011c       0x80 ./src/main.o
                0x000000002000011c                txtbuf
 .bss.serbuf    0x000000002000019c       0x28 ./src/main.o
                0x000000002000019c                serbuf
 .bss.serial_rx
                0x00000000200001c4       0x14 ./src/main.o
                0x00000000200001c4                serial_rx
 .bss.dht       0x00000000200001d8       0x28 ./src/main.o
                0x00000000200001d8                dht
 .bss.usonic    0x0000000020000200       0x20 ./src/main.o
                0x0000000020000200                usonic
 .bss.serial    0x0000000020000220        0xc ./src/main.o
                0x0000000020000220                serial
 .bss._ZN6Serial5uart1E
                0x000000002000022c        0x4 ./src/serial.o
                0x000000002000022c                Serial::uart1
 .bss.__malloc_free_list
                0x0000000020000230        0x4 /usr/bin/../lib/gcc/arm-none-eabi/4.9.3/../../../../arm-none-eabi/lib/armv6-m/libg_nano.a(lib_a-nano-mallocr.o)
                0x0000000020000230                __malloc_free_list
 *(COMMON)
 *(.bss_end .bss_end.*)
 .bss_end       0x0000000020000234        0x4 ./system/src/newlib/_startup.o
                0x0000000020000238                . = ALIGN (0x4)
                0x0000000020000238                __bss_end__ = .
                0x0000000020000238                _ebss = .

.noinit_CCMRAM
 *(.noinit.CCMRAM .noinit.CCMRAM.*)

.noinit         0x0000000020000238        0x0
                0x0000000020000238                _noinit = .
 *(.noinit .noinit.*)
                0x0000000020000238                . = ALIGN (0x4)
                0x0000000020000238                _end_noinit = .
                0x0000000020000238                PROVIDE (end, _end_noinit)
                0x0000000020000238                PROVIDE (_end, _end_noinit)
                0x0000000020000238                PROVIDE (__end, _end_noinit)
                0x0000000020000238                PROVIDE (__end__, _end_noinit)

._check_stack   0x0000000020000238      0x100
                0x0000000020000338                . = (. + _Minimum_Stack_Size)
 *fill*         0x0000000020000238      0x100 

.b1text
 *(.b1text)
 *(.b1rodata)
 *(.b1rodata.*)

.eb0text
 *(.eb0text)
 *(.eb0rodata)
 *(.eb0rodata.*)

.eb1text
 *(.eb1text)
 *(.eb1rodata)
 *(.eb1rodata.*)

.eb2text
 *(.eb2text)
 *(.eb2rodata)
 *(.eb2rodata.*)

.eb3text
 *(.eb3text)
 *(.eb3rodata)
 *(.eb3rodata.*)

.stab
 *(.stab)

.stabstr
 *(.stabstr)

.stab.excl
 *(.stab.excl)

.stab.exclstr
 *(.stab.exclstr)

.stab.index
 *(.stab.index)

.stab.indexstr
 *(.stab.indexstr)

.comment        0x0000000000000000       0x70
 *(.comment)
 .comment       0x0000000000000000       0x70 ./system/src/stm32f0-stdperiph/stm32f0xx_dma.o
                                         0x71 (size before relaxing)
 .comment       0x0000000000000000       0x71 ./system/src/stm32f0-stdperiph/stm32f0xx_exti.o
 .comment       0x0000000000000000       0x71 ./system/src/stm32f0-stdperiph/stm32f0xx_gpio.o
 .comment       0x0000000000000000       0x71 ./system/src/stm32f0-stdperiph/stm32f0xx_misc.o
 .comment       0x0000000000000000       0x71 ./system/src/stm32f0-stdperiph/stm32f0xx_rcc.o
 .comment       0x0000000000000000       0x71 ./system/src/stm32f0-stdperiph/stm32f0xx_syscfg.o
 .comment       0x0000000000000000       0x71 ./system/src/stm32f0-stdperiph/stm32f0xx_usart.o
 .comment       0x0000000000000000       0x71 ./system/src/newlib/_cxx.o
 .comment       0x0000000000000000       0x71 ./system/src/newlib/_exit.o
 .comment       0x0000000000000000       0x71 ./system/src/newlib/_startup.o
 .comment       0x0000000000000000       0x71 ./system/src/newlib/_syscalls.o
 .comment       0x0000000000000000       0x71 ./system/src/newlib/assert.o
 .comment       0x0000000000000000       0x71 ./system/src/cortexm/_initialize_hardware.o
 .comment       0x0000000000000000       0x71 ./system/src/cortexm/exception_handlers.o
 .comment       0x0000000000000000       0x71 ./system/src/cmsis/system_stm32f0xx.o
 .comment       0x0000000000000000       0x71 ./system/src/cmsis/vectors_stm32f0xx.o
 .comment       0x0000000000000000       0x71 ./src/Timer.o
 .comment       0x0000000000000000       0x71 ./src/bbuffer.o
 .comment       0x0000000000000000       0x71 ./src/buffer.o
 .comment       0x0000000000000000       0x71 ./src/conditions.o
 .comment       0x0000000000000000       0x71 ./src/dht22.o
 .comment       0x0000000000000000       0x71 ./src/dmachan.o
 .comment       0x0000000000000000       0x71 ./src/dtostrf.o
 .comment       0x0000000000000000       0x71 ./src/hcsr04.o
 .comment       0x0000000000000000       0x71 ./src/intchain.o
 .comment       0x0000000000000000       0x71 ./src/main.o
 .comment       0x0000000000000000       0x71 ./src/serial.o

.ARM.attributes
                0x0000000000000000       0x31
 .ARM.attributes
                0x0000000000000000       0x31 ./system/src/stm32f0-stdperiph/stm32f0xx_dma.o
 .ARM.attributes
                0x0000000000000031       0x31 ./system/src/stm32f0-stdperiph/stm32f0xx_exti.o
 .ARM.attributes
                0x0000000000000062       0x31 ./system/src/stm32f0-stdperiph/stm32f0xx_gpio.o
 .ARM.attributes
                0x0000000000000093       0x31 ./system/src/stm32f0-stdperiph/stm32f0xx_misc.o
 .ARM.attributes
                0x00000000000000c4       0x31 ./system/src/stm32f0-stdperiph/stm32f0xx_rcc.o
 .ARM.attributes
                0x00000000000000f5       0x31 ./system/src/stm32f0-stdperiph/stm32f0xx_syscfg.o
 .ARM.attributes
                0x0000000000000126       0x31 ./system/src/stm32f0-stdperiph/stm32f0xx_usart.o
 .ARM.attributes
                0x0000000000000157       0x31 ./system/src/newlib/_cxx.o
 .ARM.attributes
                0x0000000000000188       0x31 ./system/src/newlib/_exit.o
 .ARM.attributes
                0x00000000000001b9       0x31 ./system/src/newlib/_startup.o
 .ARM.attributes
                0x00000000000001ea       0x31 ./system/src/newlib/_syscalls.o
 .ARM.attributes
                0x000000000000021b       0x31 ./system/src/newlib/assert.o
 .ARM.attributes
                0x000000000000024c       0x31 ./system/src/cortexm/_initialize_hardware.o
 .ARM.attributes
                0x000000000000027d       0x31 ./system/src/cortexm/exception_handlers.o
 .ARM.attributes
                0x00000000000002ae       0x31 ./system/src/cmsis/system_stm32f0xx.o
 .ARM.attributes
                0x00000000000002df       0x31 ./system/src/cmsis/vectors_stm32f0xx.o
 .ARM.attributes
                0x0000000000000310       0x31 ./src/Timer.o
 .ARM.attributes
                0x0000000000000341       0x31 ./src/bbuffer.o
 .ARM.attributes
                0x0000000000000372       0x31 ./src/buffer.o
 .ARM.attributes
                0x00000000000003a3       0x31 ./src/conditions.o
 .ARM.attributes
                0x00000000000003d4       0x31 ./src/dht22.o
 .ARM.attributes
                0x0000000000000405       0x31 ./src/dmachan.o
 .ARM.attributes
                0x0000000000000436       0x31 ./src/dtostrf.o
 .ARM.attributes
                0x0000000000000467       0x31 ./src/hcsr04.o
 .ARM.attributes
                0x0000000000000498       0x31 ./src/intchain.o
 .ARM.attributes
                0x00000000000004c9       0x31 ./src/main.o
 .ARM.attributes
                0x00000000000004fa       0x31 ./src/serial.o
 .ARM.attributes
                0x000000000000052b       0x2c /usr/bin/../lib/gcc/arm-none-eabi/4.9.3/../../../../arm-none-eabi/lib/armv6-m/libstdc++_nano.a(del_op.o)
 .ARM.attributes
                0x0000000000000557       0x1e /usr/bin/../lib/gcc/arm-none-eabi/4.9.3/armv6-m/libgcc.a(_udivsi3.o)
 .ARM.attributes
                0x0000000000000575       0x1e /usr/bin/../lib/gcc/arm-none-eabi/4.9.3/armv6-m/libgcc.a(_divsi3.o)
 .ARM.attributes
                0x0000000000000593       0x1e /usr/bin/../lib/gcc/arm-none-eabi/4.9.3/armv6-m/libgcc.a(_dvmd_tls.o)
 .ARM.attributes
                0x00000000000005b1       0x1e /usr/bin/../lib/gcc/arm-none-eabi/4.9.3/armv6-m/libgcc.a(_aeabi_uldivmod.o)
 .ARM.attributes
                0x00000000000005cf       0x2c /usr/bin/../lib/gcc/arm-none-eabi/4.9.3/armv6-m/libgcc.a(_muldi3.o)
 .ARM.attributes
                0x00000000000005fb       0x2c /usr/bin/../lib/gcc/arm-none-eabi/4.9.3/armv6-m/libgcc.a(bpabi.o)
 .ARM.attributes
                0x0000000000000627       0x1e /usr/bin/../lib/gcc/arm-none-eabi/4.9.3/armv6-m/libgcc.a(_clzsi2.o)
 .ARM.attributes
                0x0000000000000645       0x2c /usr/bin/../lib/gcc/arm-none-eabi/4.9.3/armv6-m/libgcc.a(_divdi3.o)
 .ARM.attributes
                0x0000000000000671       0x2c /usr/bin/../lib/gcc/arm-none-eabi/4.9.3/armv6-m/libgcc.a(_udivdi3.o)
 .ARM.attributes
                0x000000000000069d       0x1e /usr/bin/../lib/gcc/arm-none-eabi/4.9.3/armv6-m/libgcc.a(_clzdi2.o)
 .ARM.attributes
                0x00000000000006bb       0x2c /usr/bin/../lib/gcc/arm-none-eabi/4.9.3/../../../../arm-none-eabi/lib/armv6-m/libg_nano.a(lib_a-impure.o)
 .ARM.attributes
                0x00000000000006e7       0x2c /usr/bin/../lib/gcc/arm-none-eabi/4.9.3/../../../../arm-none-eabi/lib/armv6-m/libg_nano.a(lib_a-malloc.o)
 .ARM.attributes
                0x0000000000000713       0x2c /usr/bin/../lib/gcc/arm-none-eabi/4.9.3/../../../../arm-none-eabi/lib/armv6-m/libg_nano.a(lib_a-nano-freer.o)
 .ARM.attributes
                0x000000000000073f       0x2c /usr/bin/../lib/gcc/arm-none-eabi/4.9.3/../../../../arm-none-eabi/lib/armv6-m/libg_nano.a(lib_a-nano-mallocr.o)
 .ARM.attributes
                0x000000000000076b       0x2c /usr/bin/../lib/gcc/arm-none-eabi/4.9.3/../../../../arm-none-eabi/lib/armv6-m/libg_nano.a(lib_a-strlen.o)

.debug
 *(.debug)

.line
 *(.line)

.debug_srcinfo
 *(.debug_srcinfo)

.debug_sfnames
 *(.debug_sfnames)

.debug_aranges  0x0000000000000000      0x9d8
 *(.debug_aranges)
 .debug_aranges
                0x0000000000000000       0x70 ./system/src/stm32f0-stdperiph/stm32f0xx_dma.o
 .debug_aranges
                0x0000000000000070       0x58 ./system/src/stm32f0-stdperiph/stm32f0xx_exti.o
 .debug_aranges
                0x00000000000000c8       0x80 ./system/src/stm32f0-stdperiph/stm32f0xx_gpio.o
 .debug_aranges
                0x0000000000000148       0x30 ./system/src/stm32f0-stdperiph/stm32f0xx_misc.o
 .debug_aranges
                0x0000000000000178      0x160 ./system/src/stm32f0-stdperiph/stm32f0xx_rcc.o
 .debug_aranges
                0x00000000000002d8       0x58 ./system/src/stm32f0-stdperiph/stm32f0xx_syscfg.o
 .debug_aranges
                0x0000000000000330      0x1a0 ./system/src/stm32f0-stdperiph/stm32f0xx_usart.o
 .debug_aranges
                0x00000000000004d0       0x28 ./system/src/newlib/_cxx.o
 .debug_aranges
                0x00000000000004f8       0x28 ./system/src/newlib/_exit.o
 .debug_aranges
                0x0000000000000520       0x40 ./system/src/newlib/_startup.o
 .debug_aranges
                0x0000000000000560       0x30 ./system/src/newlib/_syscalls.o
 .debug_aranges
                0x0000000000000590       0x28 ./system/src/newlib/assert.o
 .debug_aranges
                0x00000000000005b8       0x28 ./system/src/cortexm/_initialize_hardware.o
 .debug_aranges
                0x00000000000005e0       0x50 ./system/src/cortexm/exception_handlers.o
 .debug_aranges
                0x0000000000000630       0x30 ./system/src/cmsis/system_stm32f0xx.o
 .debug_aranges
                0x0000000000000660       0x20 ./system/src/cmsis/vectors_stm32f0xx.o
 .debug_aranges
                0x0000000000000680       0x50 ./src/Timer.o
 .debug_aranges
                0x00000000000006d0       0x40 ./src/bbuffer.o
 .debug_aranges
                0x0000000000000710       0x38 ./src/buffer.o
 .debug_aranges
                0x0000000000000748       0x30 ./src/conditions.o
 .debug_aranges
                0x0000000000000778       0x60 ./src/dht22.o
 .debug_aranges
                0x00000000000007d8       0x80 ./src/dmachan.o
 .debug_aranges
                0x0000000000000858       0x48 ./src/dtostrf.o
 .debug_aranges
                0x00000000000008a0       0x50 ./src/hcsr04.o
 .debug_aranges
                0x00000000000008f0       0x40 ./src/intchain.o
 .debug_aranges
                0x0000000000000930       0x40 ./src/main.o
 .debug_aranges
                0x0000000000000970       0x68 ./src/serial.o

.debug_pubnames
 *(.debug_pubnames)

.debug_info     0x0000000000000000     0xd39c
 *(.debug_info .gnu.linkonce.wi.*)
 .debug_info    0x0000000000000000      0x6b9 ./system/src/stm32f0-stdperiph/stm32f0xx_dma.o
 .debug_info    0x00000000000006b9      0x437 ./system/src/stm32f0-stdperiph/stm32f0xx_exti.o
 .debug_info    0x0000000000000af0      0xa17 ./system/src/stm32f0-stdperiph/stm32f0xx_gpio.o
 .debug_info    0x0000000000001507      0x406 ./system/src/stm32f0-stdperiph/stm32f0xx_misc.o
 .debug_info    0x000000000000190d      0xf56 ./system/src/stm32f0-stdperiph/stm32f0xx_rcc.o
 .debug_info    0x0000000000002863      0x3d1 ./system/src/stm32f0-stdperiph/stm32f0xx_syscfg.o
 .debug_info    0x0000000000002c34     0x1aef ./system/src/stm32f0-stdperiph/stm32f0xx_usart.o
 .debug_info    0x0000000000004723      0x597 ./system/src/newlib/_cxx.o
 .debug_info    0x0000000000004cba       0xee ./system/src/newlib/_exit.o
 .debug_info    0x0000000000004da8      0x474 ./system/src/newlib/_startup.o
 .debug_info    0x000000000000521c      0x1a9 ./system/src/newlib/_syscalls.o
 .debug_info    0x00000000000053c5      0x168 ./system/src/newlib/assert.o
 .debug_info    0x000000000000552d       0xc3 ./system/src/cortexm/_initialize_hardware.o
 .debug_info    0x00000000000055f0      0x1c0 ./system/src/cortexm/exception_handlers.o
 .debug_info    0x00000000000057b0      0x2e8 ./system/src/cmsis/system_stm32f0xx.o
 .debug_info    0x0000000000005a98       0xd1 ./system/src/cmsis/vectors_stm32f0xx.o
 .debug_info    0x0000000000005b69      0x6d2 ./src/Timer.o
 .debug_info    0x000000000000623b      0xb57 ./src/bbuffer.o
 .debug_info    0x0000000000006d92      0x5c9 ./src/buffer.o
 .debug_info    0x000000000000735b      0x213 ./src/conditions.o
 .debug_info    0x000000000000756e      0xf01 ./src/dht22.o
 .debug_info    0x000000000000846f      0xbe8 ./src/dmachan.o
 .debug_info    0x0000000000009057      0x98a ./src/dtostrf.o
 .debug_info    0x00000000000099e1      0xe96 ./src/hcsr04.o
 .debug_info    0x000000000000a877      0x348 ./src/intchain.o
 .debug_info    0x000000000000abbf     0x1518 ./src/main.o
 .debug_info    0x000000000000c0d7     0x12c5 ./src/serial.o

.debug_abbrev   0x0000000000000000     0x3a18
 *(.debug_abbrev)
 .debug_abbrev  0x0000000000000000      0x196 ./system/src/stm32f0-stdperiph/stm32f0xx_dma.o
 .debug_abbrev  0x0000000000000196      0x1e6 ./system/src/stm32f0-stdperiph/stm32f0xx_exti.o
 .debug_abbrev  0x000000000000037c      0x1db ./system/src/stm32f0-stdperiph/stm32f0xx_gpio.o
 .debug_abbrev  0x0000000000000557      0x16e ./system/src/stm32f0-stdperiph/stm32f0xx_misc.o
 .debug_abbrev  0x00000000000006c5      0x23e ./system/src/stm32f0-stdperiph/stm32f0xx_rcc.o
 .debug_abbrev  0x0000000000000903      0x195 ./system/src/stm32f0-stdperiph/stm32f0xx_syscfg.o
 .debug_abbrev  0x0000000000000a98      0x1d2 ./system/src/stm32f0-stdperiph/stm32f0xx_usart.o
 .debug_abbrev  0x0000000000000c6a      0x1a7 ./system/src/newlib/_cxx.o
 .debug_abbrev  0x0000000000000e11       0xb7 ./system/src/newlib/_exit.o
 .debug_abbrev  0x0000000000000ec8      0x1e9 ./system/src/newlib/_startup.o
 .debug_abbrev  0x00000000000010b1       0xe7 ./system/src/newlib/_syscalls.o
 .debug_abbrev  0x0000000000001198       0xb6 ./system/src/newlib/assert.o
 .debug_abbrev  0x000000000000124e       0x63 ./system/src/cortexm/_initialize_hardware.o
 .debug_abbrev  0x00000000000012b1       0xfd ./system/src/cortexm/exception_handlers.o
 .debug_abbrev  0x00000000000013ae      0x146 ./system/src/cmsis/system_stm32f0xx.o
 .debug_abbrev  0x00000000000014f4       0x9d ./system/src/cmsis/vectors_stm32f0xx.o
 .debug_abbrev  0x0000000000001591      0x2e7 ./src/Timer.o
 .debug_abbrev  0x0000000000001878      0x291 ./src/bbuffer.o
 .debug_abbrev  0x0000000000001b09      0x236 ./src/buffer.o
 .debug_abbrev  0x0000000000001d3f      0x179 ./src/conditions.o
 .debug_abbrev  0x0000000000001eb8      0x4f7 ./src/dht22.o
 .debug_abbrev  0x00000000000023af      0x48b ./src/dmachan.o
 .debug_abbrev  0x000000000000283a      0x159 ./src/dtostrf.o
 .debug_abbrev  0x0000000000002993      0x4e3 ./src/hcsr04.o
 .debug_abbrev  0x0000000000002e76      0x22f ./src/intchain.o
 .debug_abbrev  0x00000000000030a5      0x541 ./src/main.o
 .debug_abbrev  0x00000000000035e6      0x432 ./src/serial.o

.debug_line     0x0000000000000000     0x8070
 *(.debug_line)
 .debug_line    0x0000000000000000      0x6b3 ./system/src/stm32f0-stdperiph/stm32f0xx_dma.o
 .debug_line    0x00000000000006b3      0x523 ./system/src/stm32f0-stdperiph/stm32f0xx_exti.o
 .debug_line    0x0000000000000bd6      0x6fd ./system/src/stm32f0-stdperiph/stm32f0xx_gpio.o
 .debug_line    0x00000000000012d3      0x383 ./system/src/stm32f0-stdperiph/stm32f0xx_misc.o
 .debug_line    0x0000000000001656      0x9ca ./system/src/stm32f0-stdperiph/stm32f0xx_rcc.o
 .debug_line    0x0000000000002020      0x471 ./system/src/stm32f0-stdperiph/stm32f0xx_syscfg.o
 .debug_line    0x0000000000002491      0xe3b ./system/src/stm32f0-stdperiph/stm32f0xx_usart.o
 .debug_line    0x00000000000032cc      0x2a8 ./system/src/newlib/_cxx.o
 .debug_line    0x0000000000003574      0x1fd ./system/src/newlib/_exit.o
 .debug_line    0x0000000000003771      0x25f ./system/src/newlib/_startup.o
 .debug_line    0x00000000000039d0      0x2a7 ./system/src/newlib/_syscalls.o
 .debug_line    0x0000000000003c77      0x222 ./system/src/newlib/assert.o
 .debug_line    0x0000000000003e99      0x33f ./system/src/cortexm/_initialize_hardware.o
 .debug_line    0x00000000000041d8      0x516 ./system/src/cortexm/exception_handlers.o
 .debug_line    0x00000000000046ee      0x37d ./system/src/cmsis/system_stm32f0xx.o
 .debug_line    0x0000000000004a6b       0xd4 ./system/src/cmsis/vectors_stm32f0xx.o
 .debug_line    0x0000000000004b3f      0x40b ./src/Timer.o
 .debug_line    0x0000000000004f4a      0x560 ./src/bbuffer.o
 .debug_line    0x00000000000054aa      0x471 ./src/buffer.o
 .debug_line    0x000000000000591b      0x4c2 ./src/conditions.o
 .debug_line    0x0000000000005ddd      0x45a ./src/dht22.o
 .debug_line    0x0000000000006237      0x50a ./src/dmachan.o
 .debug_line    0x0000000000006741      0x63d ./src/dtostrf.o
 .debug_line    0x0000000000006d7e      0x403 ./src/hcsr04.o
 .debug_line    0x0000000000007181      0x38e ./src/intchain.o
 .debug_line    0x000000000000750f      0x5ee ./src/main.o
 .debug_line    0x0000000000007afd      0x573 ./src/serial.o

.debug_frame    0x0000000000000000     0x1adc
 *(.debug_frame)
 .debug_frame   0x0000000000000000      0x120 ./system/src/stm32f0-stdperiph/stm32f0xx_dma.o
 .debug_frame   0x0000000000000120       0xc0 ./system/src/stm32f0-stdperiph/stm32f0xx_exti.o
 .debug_frame   0x00000000000001e0      0x168 ./system/src/stm32f0-stdperiph/stm32f0xx_gpio.o
 .debug_frame   0x0000000000000348       0x60 ./system/src/stm32f0-stdperiph/stm32f0xx_misc.o
 .debug_frame   0x00000000000003a8      0x3f8 ./system/src/stm32f0-stdperiph/stm32f0xx_rcc.o
 .debug_frame   0x00000000000007a0       0xd4 ./system/src/stm32f0-stdperiph/stm32f0xx_syscfg.o
 .debug_frame   0x0000000000000874      0x550 ./system/src/stm32f0-stdperiph/stm32f0xx_usart.o
 .debug_frame   0x0000000000000dc4       0x40 ./system/src/newlib/_cxx.o
 .debug_frame   0x0000000000000e04       0x38 ./system/src/newlib/_exit.o
 .debug_frame   0x0000000000000e3c       0x80 ./system/src/newlib/_startup.o
 .debug_frame   0x0000000000000ebc       0x50 ./system/src/newlib/_syscalls.o
 .debug_frame   0x0000000000000f0c       0x40 ./system/src/newlib/assert.o
 .debug_frame   0x0000000000000f4c       0x40 ./system/src/cortexm/_initialize_hardware.o
 .debug_frame   0x0000000000000f8c       0x88 ./system/src/cortexm/exception_handlers.o
 .debug_frame   0x0000000000001014       0x54 ./system/src/cmsis/system_stm32f0xx.o
 .debug_frame   0x0000000000001068       0x20 ./system/src/cmsis/vectors_stm32f0xx.o
 .debug_frame   0x0000000000001088       0xb8 ./src/Timer.o
 .debug_frame   0x0000000000001140       0x8c ./src/bbuffer.o
 .debug_frame   0x00000000000011cc       0x78 ./src/buffer.o
 .debug_frame   0x0000000000001244       0x40 ./src/conditions.o
 .debug_frame   0x0000000000001284       0xf4 ./src/dht22.o
 .debug_frame   0x0000000000001378      0x148 ./src/dmachan.o
 .debug_frame   0x00000000000014c0       0xf4 ./src/dtostrf.o
 .debug_frame   0x00000000000015b4       0xd4 ./src/hcsr04.o
 .debug_frame   0x0000000000001688       0x78 ./src/intchain.o
 .debug_frame   0x0000000000001700       0xa4 ./src/main.o
 .debug_frame   0x00000000000017a4      0x11c ./src/serial.o
 .debug_frame   0x00000000000018c0       0x28 /usr/bin/../lib/gcc/arm-none-eabi/4.9.3/../../../../arm-none-eabi/lib/armv6-m/libstdc++_nano.a(del_op.o)
 .debug_frame   0x00000000000018e8       0x20 /usr/bin/../lib/gcc/arm-none-eabi/4.9.3/armv6-m/libgcc.a(_udivsi3.o)
 .debug_frame   0x0000000000001908       0x20 /usr/bin/../lib/gcc/arm-none-eabi/4.9.3/armv6-m/libgcc.a(_divsi3.o)
 .debug_frame   0x0000000000001928       0x34 /usr/bin/../lib/gcc/arm-none-eabi/4.9.3/armv6-m/libgcc.a(_muldi3.o)
 .debug_frame   0x000000000000195c       0x50 /usr/bin/../lib/gcc/arm-none-eabi/4.9.3/armv6-m/libgcc.a(bpabi.o)
 .debug_frame   0x00000000000019ac       0x3c /usr/bin/../lib/gcc/arm-none-eabi/4.9.3/armv6-m/libgcc.a(_divdi3.o)
 .debug_frame   0x00000000000019e8       0x3c /usr/bin/../lib/gcc/arm-none-eabi/4.9.3/armv6-m/libgcc.a(_udivdi3.o)
 .debug_frame   0x0000000000001a24       0x40 /usr/bin/../lib/gcc/arm-none-eabi/4.9.3/../../../../arm-none-eabi/lib/armv6-m/libg_nano.a(lib_a-malloc.o)
 .debug_frame   0x0000000000001a64       0x2c /usr/bin/../lib/gcc/arm-none-eabi/4.9.3/../../../../arm-none-eabi/lib/armv6-m/libg_nano.a(lib_a-nano-freer.o)
 .debug_frame   0x0000000000001a90       0x2c /usr/bin/../lib/gcc/arm-none-eabi/4.9.3/../../../../arm-none-eabi/lib/armv6-m/libg_nano.a(lib_a-nano-mallocr.o)
 .debug_frame   0x0000000000001abc       0x20 /usr/bin/../lib/gcc/arm-none-eabi/4.9.3/../../../../arm-none-eabi/lib/armv6-m/libg_nano.a(lib_a-strlen.o)

.debug_str      0x0000000000000000    0x499f8
 *(.debug_str)
 .debug_str     0x0000000000000000    0x3f365 ./system/src/stm32f0-stdperiph/stm32f0xx_dma.o
                                      0x3f520 (size before relaxing)
 .debug_str     0x000000000003f365      0x1a0 ./system/src/stm32f0-stdperiph/stm32f0xx_exti.o
                                      0x3f217 (size before relaxing)
 .debug_str     0x000000000003f505      0x288 ./system/src/stm32f0-stdperiph/stm32f0xx_gpio.o
                                      0x3f352 (size before relaxing)
 .debug_str     0x000000000003f78d      0x126 ./system/src/stm32f0-stdperiph/stm32f0xx_misc.o
                                      0x3f1a1 (size before relaxing)
 .debug_str     0x000000000003f8b3      0x645 ./system/src/stm32f0-stdperiph/stm32f0xx_rcc.o
                                      0x3f6e9 (size before relaxing)
 .debug_str     0x000000000003fef8      0x188 ./system/src/stm32f0-stdperiph/stm32f0xx_syscfg.o
                                      0x3f1c6 (size before relaxing)
 .debug_str     0x0000000000040080      0x7ee ./system/src/stm32f0-stdperiph/stm32f0xx_usart.o
                                      0x3f980 (size before relaxing)
 .debug_str     0x000000000004086e     0x4e12 ./system/src/newlib/_cxx.o
                                       0x7186 (size before relaxing)
 .debug_str     0x0000000000045680       0xca ./system/src/newlib/_exit.o
                                       0x5d0a (size before relaxing)
 .debug_str     0x000000000004574a      0x26c ./system/src/newlib/_startup.o
                                       0x4054 (size before relaxing)
 .debug_str     0x00000000000459b6     0x15db ./system/src/newlib/_syscalls.o
                                       0x6476 (size before relaxing)
 .debug_str     0x0000000000046f91       0xe6 ./system/src/newlib/assert.o
                                       0x681a (size before relaxing)
 .debug_str     0x0000000000047077       0x67 ./system/src/cortexm/_initialize_hardware.o
                                      0x3f06f (size before relaxing)
 .debug_str     0x00000000000470de      0x15f ./system/src/cortexm/exception_handlers.o
                                      0x4291a (size before relaxing)
 .debug_str     0x000000000004723d       0x5e ./system/src/cmsis/system_stm32f0xx.o
                                      0x3f11d (size before relaxing)
 .debug_str     0x000000000004729b       0x56 ./system/src/cmsis/vectors_stm32f0xx.o
                                       0x2f0d (size before relaxing)
 .debug_str     0x00000000000472f1      0x462 ./src/Timer.o
                                      0x3f74f (size before relaxing)
 .debug_str     0x0000000000047753      0x391 ./src/bbuffer.o
                                      0x41c2e (size before relaxing)
 .debug_str     0x0000000000047ae4       0x67 ./src/buffer.o
                                      0x41a81 (size before relaxing)
 .debug_str     0x0000000000047b4b       0x43 ./src/conditions.o
                                      0x42006 (size before relaxing)
 .debug_str     0x0000000000047b8e      0x375 ./src/dht22.o
                                      0x3fb24 (size before relaxing)
 .debug_str     0x0000000000047f03      0x36e ./src/dmachan.o
                                      0x3ff2d (size before relaxing)
 .debug_str     0x0000000000048271      0xae8 ./src/dtostrf.o
                                      0x41526 (size before relaxing)
 .debug_str     0x0000000000048d59       0xe0 ./src/hcsr04.o
                                      0x3fbc1 (size before relaxing)
 .debug_str     0x0000000000048e39       0x90 ./src/intchain.o
                                      0x3f3bc (size before relaxing)
 .debug_str     0x0000000000048ec9      0xa92 ./src/main.o
                                      0x44149 (size before relaxing)
 .debug_str     0x000000000004995b       0x9d ./src/serial.o
                                      0x4246a (size before relaxing)

.debug_loc      0x0000000000000000     0x5790
 *(.debug_loc)
 .debug_loc     0x0000000000000000      0x2fc ./system/src/stm32f0-stdperiph/stm32f0xx_dma.o
 .debug_loc     0x00000000000002fc      0x1a7 ./system/src/stm32f0-stdperiph/stm32f0xx_exti.o
 .debug_loc     0x00000000000004a3      0x51a ./system/src/stm32f0-stdperiph/stm32f0xx_gpio.o
 .debug_loc     0x00000000000009bd       0xdf ./system/src/stm32f0-stdperiph/stm32f0xx_misc.o
 .debug_loc     0x0000000000000a9c      0xc92 ./system/src/stm32f0-stdperiph/stm32f0xx_rcc.o
 .debug_loc     0x000000000000172e      0x236 ./system/src/stm32f0-stdperiph/stm32f0xx_syscfg.o
 .debug_loc     0x0000000000001964     0x1408 ./system/src/stm32f0-stdperiph/stm32f0xx_usart.o
 .debug_loc     0x0000000000002d6c      0x265 ./system/src/newlib/_startup.o
 .debug_loc     0x0000000000002fd1       0x63 ./system/src/newlib/_syscalls.o
 .debug_loc     0x0000000000003034       0xc6 ./system/src/newlib/assert.o
 .debug_loc     0x00000000000030fa       0xe2 ./system/src/cmsis/system_stm32f0xx.o
 .debug_loc     0x00000000000031dc      0x1cd ./src/Timer.o
 .debug_loc     0x00000000000033a9      0x685 ./src/bbuffer.o
 .debug_loc     0x0000000000003a2e      0x24e ./src/buffer.o
 .debug_loc     0x0000000000003c7c       0xb6 ./src/conditions.o
 .debug_loc     0x0000000000003d32      0x3d3 ./src/dht22.o
 .debug_loc     0x0000000000004105      0x1fc ./src/dmachan.o
 .debug_loc     0x0000000000004301      0xb86 ./src/dtostrf.o
 .debug_loc     0x0000000000004e87      0x2ea ./src/hcsr04.o
 .debug_loc     0x0000000000005171       0x39 ./src/intchain.o
 .debug_loc     0x00000000000051aa      0x1fa ./src/main.o
 .debug_loc     0x00000000000053a4      0x3ec ./src/serial.o

.debug_macinfo
 *(.debug_macinfo)

.debug_weaknames
 *(.debug_weaknames)

.debug_funcnames
 *(.debug_funcnames)

.debug_typenames
 *(.debug_typenames)

.debug_varnames
 *(.debug_varnames)
OUTPUT(micro.elf elf32-littlearm)

.debug_ranges   0x0000000000000000      0x8b8
 .debug_ranges  0x0000000000000000       0x60 ./system/src/stm32f0-stdperiph/stm32f0xx_dma.o
 .debug_ranges  0x0000000000000060       0x48 ./system/src/stm32f0-stdperiph/stm32f0xx_exti.o
 .debug_ranges  0x00000000000000a8       0x70 ./system/src/stm32f0-stdperiph/stm32f0xx_gpio.o
 .debug_ranges  0x0000000000000118       0x20 ./system/src/stm32f0-stdperiph/stm32f0xx_misc.o
 .debug_ranges  0x0000000000000138      0x150 ./system/src/stm32f0-stdperiph/stm32f0xx_rcc.o
 .debug_ranges  0x0000000000000288       0x48 ./system/src/stm32f0-stdperiph/stm32f0xx_syscfg.o
 .debug_ranges  0x00000000000002d0      0x190 ./system/src/stm32f0-stdperiph/stm32f0xx_usart.o
 .debug_ranges  0x0000000000000460       0x18 ./system/src/newlib/_cxx.o
 .debug_ranges  0x0000000000000478       0x18 ./system/src/newlib/_exit.o
 .debug_ranges  0x0000000000000490       0x48 ./system/src/newlib/_startup.o
 .debug_ranges  0x00000000000004d8       0x20 ./system/src/newlib/_syscalls.o
 .debug_ranges  0x00000000000004f8       0x18 ./system/src/newlib/assert.o
 .debug_ranges  0x0000000000000510       0x18 ./system/src/cortexm/_initialize_hardware.o
 .debug_ranges  0x0000000000000528       0x40 ./system/src/cortexm/exception_handlers.o
 .debug_ranges  0x0000000000000568       0x20 ./system/src/cmsis/system_stm32f0xx.o
 .debug_ranges  0x0000000000000588       0x10 ./system/src/cmsis/vectors_stm32f0xx.o
 .debug_ranges  0x0000000000000598       0x40 ./src/Timer.o
 .debug_ranges  0x00000000000005d8       0x30 ./src/bbuffer.o
 .debug_ranges  0x0000000000000608       0x28 ./src/buffer.o
 .debug_ranges  0x0000000000000630       0x20 ./src/conditions.o
 .debug_ranges  0x0000000000000650       0x80 ./src/dht22.o
 .debug_ranges  0x00000000000006d0       0x70 ./src/dmachan.o
 .debug_ranges  0x0000000000000740       0x80 ./src/dtostrf.o
 .debug_ranges  0x00000000000007c0       0x40 ./src/hcsr04.o
 .debug_ranges  0x0000000000000800       0x30 ./src/intchain.o
 .debug_ranges  0x0000000000000830       0x30 ./src/main.o
 .debug_ranges  0x0000000000000860       0x58 ./src/serial.o

.debug_macro    0x0000000000000000     0x6c4f
 .debug_macro   0x0000000000000000      0x186 ./system/src/stm32f0-stdperiph/stm32f0xx_dma.o
 .debug_macro   0x0000000000000186      0x28f ./system/src/stm32f0-stdperiph/stm32f0xx_dma.o
 .debug_macro   0x0000000000000415      0x15c ./system/src/stm32f0-stdperiph/stm32f0xx_exti.o
 .debug_macro   0x0000000000000571       0xd1 ./system/src/stm32f0-stdperiph/stm32f0xx_exti.o
 .debug_macro   0x0000000000000642      0x156 ./system/src/stm32f0-stdperiph/stm32f0xx_gpio.o
 .debug_macro   0x0000000000000798      0x17f ./system/src/stm32f0-stdperiph/stm32f0xx_gpio.o
 .debug_macro   0x0000000000000917      0x156 ./system/src/stm32f0-stdperiph/stm32f0xx_misc.o
 .debug_macro   0x0000000000000a6d       0x34 ./system/src/stm32f0-stdperiph/stm32f0xx_misc.o
 .debug_macro   0x0000000000000aa1      0x174 ./system/src/stm32f0-stdperiph/stm32f0xx_rcc.o
 .debug_macro   0x0000000000000c15      0x51c ./system/src/stm32f0-stdperiph/stm32f0xx_rcc.o
 .debug_macro   0x0000000000001131      0x156 ./system/src/stm32f0-stdperiph/stm32f0xx_syscfg.o
 .debug_macro   0x0000000000001287      0x17e ./system/src/stm32f0-stdperiph/stm32f0xx_syscfg.o
 .debug_macro   0x0000000000001405      0x16e ./system/src/stm32f0-stdperiph/stm32f0xx_usart.o
 .debug_macro   0x0000000000001573      0x34d ./system/src/stm32f0-stdperiph/stm32f0xx_usart.o
 .debug_macro   0x00000000000018c0      0x164 ./system/src/newlib/_cxx.o
 .debug_macro   0x0000000000001a24      0x8a4 ./system/src/newlib/_cxx.o
 .debug_macro   0x00000000000022c8       0xef ./system/src/newlib/_cxx.o
 .debug_macro   0x00000000000023b7      0x330 ./system/src/newlib/_cxx.o
 .debug_macro   0x00000000000026e7       0x58 ./system/src/newlib/_cxx.o
 .debug_macro   0x000000000000273f       0x22 ./system/src/newlib/_cxx.o
 .debug_macro   0x0000000000002761       0x35 ./system/src/newlib/_cxx.o
 .debug_macro   0x0000000000002796       0x9c ./system/src/newlib/_cxx.o
 .debug_macro   0x0000000000002832       0x16 ./system/src/newlib/_cxx.o
 .debug_macro   0x0000000000002848      0x10e ./system/src/newlib/_cxx.o
 .debug_macro   0x0000000000002956       0x8d ./system/src/newlib/_cxx.o
 .debug_macro   0x00000000000029e3       0x4a ./system/src/newlib/_cxx.o
 .debug_macro   0x0000000000002a2d       0x52 ./system/src/newlib/_cxx.o
 .debug_macro   0x0000000000002a7f       0x16 ./system/src/newlib/_cxx.o
 .debug_macro   0x0000000000002a95       0x43 ./system/src/newlib/_cxx.o
 .debug_macro   0x0000000000002ad8      0x180 ./system/src/newlib/_cxx.o
 .debug_macro   0x0000000000002c58      0x2a4 ./system/src/newlib/_cxx.o
 .debug_macro   0x0000000000002efc       0x16 ./system/src/newlib/_cxx.o
 .debug_macro   0x0000000000002f12       0x29 ./system/src/newlib/_cxx.o
 .debug_macro   0x0000000000002f3b       0xac ./system/src/newlib/_cxx.o
 .debug_macro   0x0000000000002fe7       0x10 ./system/src/newlib/_cxx.o
 .debug_macro   0x0000000000002ff7       0x22 ./system/src/newlib/_cxx.o
 .debug_macro   0x0000000000003019       0x22 ./system/src/newlib/_cxx.o
 .debug_macro   0x000000000000303b       0xbe ./system/src/newlib/_cxx.o
 .debug_macro   0x00000000000030f9       0x16 ./system/src/newlib/_cxx.o
 .debug_macro   0x000000000000310f       0x35 ./system/src/newlib/_cxx.o
 .debug_macro   0x0000000000003144      0x48e ./system/src/newlib/_cxx.o
 .debug_macro   0x00000000000035d2      0x131 ./system/src/newlib/_exit.o
 .debug_macro   0x0000000000003703       0x9c ./system/src/newlib/_exit.o
 .debug_macro   0x000000000000379f      0x10e ./system/src/newlib/_exit.o
 .debug_macro   0x00000000000038ad       0x86 ./system/src/newlib/_exit.o
 .debug_macro   0x0000000000003933       0x43 ./system/src/newlib/_exit.o
 .debug_macro   0x0000000000003976      0x27a ./system/src/newlib/_exit.o
 .debug_macro   0x0000000000003bf0       0x35 ./system/src/newlib/_exit.o
 .debug_macro   0x0000000000003c25       0xe4 ./system/src/newlib/_startup.o
 .debug_macro   0x0000000000003d09      0x1ad ./system/src/newlib/_syscalls.o
 .debug_macro   0x0000000000003eb6       0x1c ./system/src/newlib/_syscalls.o
 .debug_macro   0x0000000000003ed2       0x10 ./system/src/newlib/_syscalls.o
 .debug_macro   0x0000000000003ee2       0x10 ./system/src/newlib/_syscalls.o
 .debug_macro   0x0000000000003ef2       0x10 ./system/src/newlib/_syscalls.o
 .debug_macro   0x0000000000003f02       0x10 ./system/src/newlib/_syscalls.o
 .debug_macro   0x0000000000003f12       0x35 ./system/src/newlib/_syscalls.o
 .debug_macro   0x0000000000003f47      0x122 ./system/src/newlib/_syscalls.o
 .debug_macro   0x0000000000004069       0x2e ./system/src/newlib/_syscalls.o
 .debug_macro   0x0000000000004097       0x82 ./system/src/newlib/_syscalls.o
 .debug_macro   0x0000000000004119       0x2b ./system/src/newlib/_syscalls.o
 .debug_macro   0x0000000000004144      0x118 ./system/src/newlib/_syscalls.o
 .debug_macro   0x000000000000425c      0x13e ./system/src/newlib/_syscalls.o
 .debug_macro   0x000000000000439a       0x16 ./system/src/newlib/_syscalls.o
 .debug_macro   0x00000000000043b0      0x14d ./system/src/newlib/assert.o
 .debug_macro   0x00000000000044fd       0x1c ./system/src/newlib/assert.o
 .debug_macro   0x0000000000004519      0x156 ./system/src/cortexm/_initialize_hardware.o
 .debug_macro   0x000000000000466f      0x284 ./system/src/cortexm/exception_handlers.o
 .debug_macro   0x00000000000048f3       0x22 ./system/src/cortexm/exception_handlers.o
 .debug_macro   0x0000000000004915       0x10 ./system/src/cortexm/exception_handlers.o
 .debug_macro   0x0000000000004925       0xc8 ./system/src/cortexm/exception_handlers.o
 .debug_macro   0x00000000000049ed       0xbe ./system/src/cortexm/exception_handlers.o
 .debug_macro   0x0000000000004aab       0x10 ./system/src/cortexm/exception_handlers.o
 .debug_macro   0x0000000000004abb      0x14c ./system/src/cmsis/system_stm32f0xx.o
 .debug_macro   0x0000000000004c07       0x34 ./system/src/cmsis/vectors_stm32f0xx.o
 .debug_macro   0x0000000000004c3b      0x172 ./src/Timer.o
 .debug_macro   0x0000000000004dad      0x242 ./src/Timer.o
 .debug_macro   0x0000000000004fef       0x10 ./src/Timer.o
 .debug_macro   0x0000000000004fff       0x16 ./src/Timer.o
 .debug_macro   0x0000000000005015      0x22e ./src/bbuffer.o
 .debug_macro   0x0000000000005243      0x174 ./src/bbuffer.o
 .debug_macro   0x00000000000053b7      0x21a ./src/buffer.o
 .debug_macro   0x00000000000055d1      0x262 ./src/conditions.o
 .debug_macro   0x0000000000005833       0xc5 ./src/conditions.o
 .debug_macro   0x00000000000058f8       0x16 ./src/conditions.o
 .debug_macro   0x000000000000590e      0x17e ./src/dht22.o
 .debug_macro   0x0000000000005a8c      0x1c6 ./src/dmachan.o
 .debug_macro   0x0000000000005c52       0x19 ./src/dmachan.o
 .debug_macro   0x0000000000005c6b      0x206 ./src/dtostrf.o
 .debug_macro   0x0000000000005e71      0x1da ./src/dtostrf.o
 .debug_macro   0x000000000000604b      0x178 ./src/hcsr04.o
 .debug_macro   0x00000000000061c3      0x160 ./src/intchain.o
 .debug_macro   0x0000000000006323      0x34b ./src/main.o
 .debug_macro   0x000000000000666e       0x16 ./src/main.o
 .debug_macro   0x0000000000006684       0x97 ./src/main.o
 .debug_macro   0x000000000000671b       0xfd ./src/main.o
 .debug_macro   0x0000000000006818       0x10 ./src/main.o
 .debug_macro   0x0000000000006828       0x16 ./src/main.o
 .debug_macro   0x000000000000683e      0x197 ./src/main.o
 .debug_macro   0x00000000000069d5       0x16 ./src/main.o
 .debug_macro   0x00000000000069eb      0x264 ./src/serial.o
