Archive member included because of file (symbol)

/usr/bin/../lib/gcc/arm-none-eabi/4.9.3/../../../../arm-none-eabi/lib/armv6-m/libstdc++_nano.a(del_op.o)
                              ./src/dht22.o (operator delete(void*))
/usr/bin/../lib/gcc/arm-none-eabi/4.9.3/../../../../arm-none-eabi/lib/armv6-m/libm.a(lib_a-sf_trunc.o)
                              ./src/dtostrf.o (truncf)
/usr/bin/../lib/gcc/arm-none-eabi/4.9.3/armv6-m/libgcc.a(_udivsi3.o)
                              ./system/src/stm32f0-stdperiph/stm32f0xx_rcc.o (__aeabi_uidiv)
/usr/bin/../lib/gcc/arm-none-eabi/4.9.3/armv6-m/libgcc.a(_divsi3.o)
                              ./src/Timer.o (__aeabi_idiv)
/usr/bin/../lib/gcc/arm-none-eabi/4.9.3/armv6-m/libgcc.a(_dvmd_tls.o)
                              /usr/bin/../lib/gcc/arm-none-eabi/4.9.3/armv6-m/libgcc.a(_udivsi3.o) (__aeabi_idiv0)
/usr/bin/../lib/gcc/arm-none-eabi/4.9.3/armv6-m/libgcc.a(_arm_cmpsf2.o)
                              ./src/dtostrf.o (__aeabi_fcmplt)
/usr/bin/../lib/gcc/arm-none-eabi/4.9.3/armv6-m/libgcc.a(_aeabi_ldivmod.o)
                              ./src/dtostrf.o (__aeabi_ldivmod)
/usr/bin/../lib/gcc/arm-none-eabi/4.9.3/armv6-m/libgcc.a(_aeabi_uldivmod.o)
                              ./src/dtostrf.o (__aeabi_uldivmod)
/usr/bin/../lib/gcc/arm-none-eabi/4.9.3/armv6-m/libgcc.a(_muldi3.o)
                              ./src/dht22.o (__aeabi_lmul)
/usr/bin/../lib/gcc/arm-none-eabi/4.9.3/armv6-m/libgcc.a(_fixunssfsi.o)
                              ./src/dtostrf.o (__aeabi_f2uiz)
/usr/bin/../lib/gcc/arm-none-eabi/4.9.3/armv6-m/libgcc.a(bpabi.o)
                              /usr/bin/../lib/gcc/arm-none-eabi/4.9.3/armv6-m/libgcc.a(_aeabi_ldivmod.o) (__gnu_ldivmod_helper)
/usr/bin/../lib/gcc/arm-none-eabi/4.9.3/armv6-m/libgcc.a(eqsf2.o)
                              /usr/bin/../lib/gcc/arm-none-eabi/4.9.3/armv6-m/libgcc.a(_arm_cmpsf2.o) (__eqsf2)
/usr/bin/../lib/gcc/arm-none-eabi/4.9.3/armv6-m/libgcc.a(gesf2.o)
                              /usr/bin/../lib/gcc/arm-none-eabi/4.9.3/armv6-m/libgcc.a(_arm_cmpsf2.o) (__gesf2)
/usr/bin/../lib/gcc/arm-none-eabi/4.9.3/armv6-m/libgcc.a(lesf2.o)
                              /usr/bin/../lib/gcc/arm-none-eabi/4.9.3/armv6-m/libgcc.a(_arm_cmpsf2.o) (__lesf2)
/usr/bin/../lib/gcc/arm-none-eabi/4.9.3/armv6-m/libgcc.a(mulsf3.o)
                              ./src/dtostrf.o (__aeabi_fmul)
/usr/bin/../lib/gcc/arm-none-eabi/4.9.3/armv6-m/libgcc.a(subsf3.o)
                              ./src/dtostrf.o (__aeabi_fsub)
/usr/bin/../lib/gcc/arm-none-eabi/4.9.3/armv6-m/libgcc.a(fixsfsi.o)
                              ./src/dtostrf.o (__aeabi_f2iz)
/usr/bin/../lib/gcc/arm-none-eabi/4.9.3/armv6-m/libgcc.a(floatunsisf.o)
                              ./src/dtostrf.o (__aeabi_ui2f)
/usr/bin/../lib/gcc/arm-none-eabi/4.9.3/armv6-m/libgcc.a(_clzsi2.o)
                              /usr/bin/../lib/gcc/arm-none-eabi/4.9.3/armv6-m/libgcc.a(mulsf3.o) (__clzsi2)
/usr/bin/../lib/gcc/arm-none-eabi/4.9.3/armv6-m/libgcc.a(_divdi3.o)
                              /usr/bin/../lib/gcc/arm-none-eabi/4.9.3/armv6-m/libgcc.a(bpabi.o) (__divdi3)
/usr/bin/../lib/gcc/arm-none-eabi/4.9.3/armv6-m/libgcc.a(_udivdi3.o)
                              /usr/bin/../lib/gcc/arm-none-eabi/4.9.3/armv6-m/libgcc.a(bpabi.o) (__udivdi3)
/usr/bin/../lib/gcc/arm-none-eabi/4.9.3/armv6-m/libgcc.a(_clzdi2.o)
                              /usr/bin/../lib/gcc/arm-none-eabi/4.9.3/armv6-m/libgcc.a(_divdi3.o) (__clzdi2)
/usr/bin/../lib/gcc/arm-none-eabi/4.9.3/../../../../arm-none-eabi/lib/armv6-m/libg_nano.a(lib_a-errno.o)
                              ./system/src/newlib/_sbrk.o (__errno)
/usr/bin/../lib/gcc/arm-none-eabi/4.9.3/../../../../arm-none-eabi/lib/armv6-m/libg_nano.a(lib_a-impure.o)
                              /usr/bin/../lib/gcc/arm-none-eabi/4.9.3/../../../../arm-none-eabi/lib/armv6-m/libg_nano.a(lib_a-errno.o) (_impure_ptr)
/usr/bin/../lib/gcc/arm-none-eabi/4.9.3/../../../../arm-none-eabi/lib/armv6-m/libg_nano.a(lib_a-isspace.o)
                              ./src/dtostrf.o (isspace)
/usr/bin/../lib/gcc/arm-none-eabi/4.9.3/../../../../arm-none-eabi/lib/armv6-m/libg_nano.a(lib_a-malloc.o)
                              /usr/bin/../lib/gcc/arm-none-eabi/4.9.3/../../../../arm-none-eabi/lib/armv6-m/libstdc++_nano.a(del_op.o) (free)
/usr/bin/../lib/gcc/arm-none-eabi/4.9.3/../../../../arm-none-eabi/lib/armv6-m/libg_nano.a(lib_a-memcpy.o)
                              ./src/buffer.o (memcpy)
/usr/bin/../lib/gcc/arm-none-eabi/4.9.3/../../../../arm-none-eabi/lib/armv6-m/libg_nano.a(lib_a-nano-freer.o)
                              /usr/bin/../lib/gcc/arm-none-eabi/4.9.3/../../../../arm-none-eabi/lib/armv6-m/libg_nano.a(lib_a-malloc.o) (_free_r)
/usr/bin/../lib/gcc/arm-none-eabi/4.9.3/../../../../arm-none-eabi/lib/armv6-m/libg_nano.a(lib_a-nano-mallocr.o)
                              /usr/bin/../lib/gcc/arm-none-eabi/4.9.3/../../../../arm-none-eabi/lib/armv6-m/libg_nano.a(lib_a-malloc.o) (_malloc_r)
[...]
Memory Configuration

Name             Origin             Length             Attributes
RAM              0x0000000020000000 0x0000000000001000 xrw
CCMRAM           0x0000000000000000 0x0000000000000000 xrw
FLASH            0x0000000008000000 0x0000000000004000 xr
FLASHB1          0x0000000000000000 0x0000000000000000 xr
EXTMEMB0         0x0000000000000000 0x0000000000000000 xr
EXTMEMB1         0x0000000000000000 0x0000000000000000 xr
EXTMEMB2         0x0000000000000000 0x0000000000000000 xr
EXTMEMB3         0x0000000000000000 0x0000000000000000 xr
MEMORY_ARRAY     0x0000000000000000 0x0000000000000000 xrw
*default*        0x0000000000000000 0xffffffffffffffff

Linker script and memory map

LOAD ./system/src/stm32f0-stdperiph/stm32f0xx_adc.o
LOAD ./system/src/stm32f0-stdperiph/stm32f0xx_can.o
LOAD ./system/src/stm32f0-stdperiph/stm32f0xx_cec.o
LOAD ./system/src/stm32f0-stdperiph/stm32f0xx_comp.o
LOAD ./system/src/stm32f0-stdperiph/stm32f0xx_crc.o
LOAD ./system/src/stm32f0-stdperiph/stm32f0xx_crs.o
LOAD ./system/src/stm32f0-stdperiph/stm32f0xx_dac.o
LOAD ./system/src/stm32f0-stdperiph/stm32f0xx_dbgmcu.o
LOAD ./system/src/stm32f0-stdperiph/stm32f0xx_dma.o
LOAD ./system/src/stm32f0-stdperiph/stm32f0xx_exti.o
LOAD ./system/src/stm32f0-stdperiph/stm32f0xx_flash.o
LOAD ./system/src/stm32f0-stdperiph/stm32f0xx_gpio.o
LOAD ./system/src/stm32f0-stdperiph/stm32f0xx_i2c.o
LOAD ./system/src/stm32f0-stdperiph/stm32f0xx_iwdg.o
LOAD ./system/src/stm32f0-stdperiph/stm32f0xx_misc.o
LOAD ./system/src/stm32f0-stdperiph/stm32f0xx_pwr.o
LOAD ./system/src/stm32f0-stdperiph/stm32f0xx_rcc.o
LOAD ./system/src/stm32f0-stdperiph/stm32f0xx_rtc.o
LOAD ./system/src/stm32f0-stdperiph/stm32f0xx_spi.o
LOAD ./system/src/stm32f0-stdperiph/stm32f0xx_syscfg.o
LOAD ./system/src/stm32f0-stdperiph/stm32f0xx_tim.o
LOAD ./system/src/stm32f0-stdperiph/stm32f0xx_usart.o
LOAD ./system/src/stm32f0-stdperiph/stm32f0xx_wwdg.o
LOAD ./system/src/newlib/_cxx.o
LOAD ./system/src/newlib/_exit.o
LOAD ./system/src/newlib/_sbrk.o
LOAD ./system/src/newlib/_startup.o
LOAD ./system/src/newlib/_syscalls.o
LOAD ./system/src/newlib/assert.o
LOAD ./system/src/diag/Trace.o
LOAD ./system/src/diag/trace_impl.o
LOAD ./system/src/cortexm/_initialize_hardware.o
LOAD ./system/src/cortexm/_reset_hardware.o
LOAD ./system/src/cortexm/exception_handlers.o
LOAD ./system/src/cmsis/system_stm32f0xx.o
LOAD ./system/src/cmsis/vectors_stm32f0xx.o
LOAD ./src/Timer.o
LOAD ./src/_write.o
LOAD ./src/bbuffer.o
LOAD ./src/buffer.o
LOAD ./src/conditions.o
LOAD ./src/dht22.o
LOAD ./src/dmachan.o
LOAD ./src/dtostrf.o
LOAD ./src/flood.o
LOAD ./src/hcsr04.o
LOAD ./src/intchain.o
LOAD ./src/main.o
LOAD ./src/rtos.o
LOAD ./src/serial.o
LOAD /usr/bin/../lib/gcc/arm-none-eabi/4.9.3/../../../../arm-none-eabi/lib/armv6-m/libstdc++_nano.a
LOAD /usr/bin/../lib/gcc/arm-none-eabi/4.9.3/../../../../arm-none-eabi/lib/armv6-m/libm.a
START GROUP
LOAD /usr/bin/../lib/gcc/arm-none-eabi/4.9.3/armv6-m/libgcc.a
LOAD /usr/bin/../lib/gcc/arm-none-eabi/4.9.3/../../../../arm-none-eabi/lib/armv6-m/libg_nano.a
LOAD /usr/bin/../lib/gcc/arm-none-eabi/4.9.3/../../../../arm-none-eabi/lib/armv6-m/libc_nano.a
END GROUP
START GROUP
LOAD /usr/bin/../lib/gcc/arm-none-eabi/4.9.3/armv6-m/libgcc.a
LOAD /usr/bin/../lib/gcc/arm-none-eabi/4.9.3/../../../../arm-none-eabi/lib/armv6-m/libc_nano.a
END GROUP
                0x0000000020001000                __stack = (ORIGIN (RAM) + 0x1000)
                0x0000000020001000                _estack = __stack
                0x0000000000000400                __Main_Stack_Size = 0x400
                0x0000000000000400                PROVIDE (_Main_Stack_Size, __Main_Stack_Size)
                0x0000000020000c00                __Main_Stack_Limit = (__stack - __Main_Stack_Size)
                0x0000000020000c00                PROVIDE (_Main_Stack_Limit, __Main_Stack_Limit)
                0x0000000000000100                _Minimum_Stack_Size = 0x100
                0x0000000020000b74                PROVIDE (_Heap_Begin, _end_noinit)
                0x0000000020000c00                PROVIDE (_Heap_Limit, (__stack - __Main_Stack_Size))

.isr_vector     0x0000000008000000      0x218
 FILL mask 0xff
                0x0000000008000000                __vectors_start = ABSOLUTE (.)
                0x0000000008000000                __vectors_start__ = ABSOLUTE (.)
 *(.isr_vector)
 .isr_vector    0x0000000008000000       0xc4 ./system/src/cmsis/vectors_stm32f0xx.o
                0x0000000008000000                g_pfnVectors
 *(.cfmconfig)
 *(.after_vectors .after_vectors.*)
 .after_vectors
                0x00000000080000c4      0x118 ./system/src/newlib/_startup.o
                0x00000000080000c4                _start
 .after_vectors
                0x00000000080001dc       0x38 ./system/src/cortexm/exception_handlers.o
                0x00000000080001dc                Reset_Handler
                0x00000000080001e4                NMI_Handler
                0x00000000080001e8                HardFault_Handler
                0x0000000008000200                HardFault_Handler_C
                0x0000000008000204                SVC_Handler
                0x0000000008000208                PendSV_Handler
 .after_vectors
                0x0000000008000214        0x4 ./system/src/cmsis/vectors_stm32f0xx.o
                0x0000000008000214                TIM1_CC_IRQHandler
                0x0000000008000214                TSC_IRQHandler
                0x0000000008000214                ADC1_COMP_IRQHandler
                0x0000000008000214                PVD_IRQHandler
                0x0000000008000214                I2C1_IRQHandler
                0x0000000008000214                RCC_CRS_IRQHandler
                0x0000000008000214                SPI1_IRQHandler
                0x0000000008000214                TIM6_DAC_IRQHandler
                0x0000000008000214                USART3_4_IRQHandler
                0x0000000008000214                ADC1_IRQHandler
                0x0000000008000214                I2C2_IRQHandler
                0x0000000008000214                TIM17_IRQHandler
                0x0000000008000214                CEC_CAN_IRQHandler
                0x0000000008000214                RTC_IRQHandler
                0x0000000008000214                PVD_VDDIO2_IRQHandler
                0x0000000008000214                DMA1_Channel4_5_6_7_IRQHandler
                0x0000000008000214                TIM16_IRQHandler
                0x0000000008000214                TIM3_IRQHandler
                0x0000000008000214                RCC_IRQHandler
                0x0000000008000214                Default_Handler
                0x0000000008000214                CEC_IRQHandler
                0x0000000008000214                TIM14_IRQHandler
                0x0000000008000214                TIM7_IRQHandler
                0x0000000008000214                TIM15_IRQHandler
                0x0000000008000214                USB_IRQHandler
                0x0000000008000214                SPI2_IRQHandler
                0x0000000008000214                TS_IRQHandler
                0x0000000008000214                WWDG_IRQHandler
                0x0000000008000214                TIM2_IRQHandler
                0x0000000008000214                USART2_IRQHandler
                0x0000000008000214                FLASH_IRQHandler
                0x0000000008000214                TIM1_BRK_UP_TRG_COM_IRQHandler

.inits          0x0000000008000218       0x34
                0x0000000008000218                __data_regions_array_start = .
                0x0000000008000218        0x4 LONG 0x8003e90 LOADADDR (.data)
                0x000000000800021c        0x4 LONG 0x20000000 ADDR (.data)
                0x0000000008000220        0x4 LONG 0x200000a0 (ADDR (.data) + SIZEOF (.data))
                0x0000000008000224        0x4 LONG 0x8003e90 LOADADDR (.data_CCMRAM)
                0x0000000008000228        0x4 LONG 0x0 ADDR (.data_CCMRAM)
                0x000000000800022c        0x4 LONG 0x0 (ADDR (.data_CCMRAM) + SIZEOF (.data_CCMRAM))
                0x0000000008000230                __data_regions_array_end = .
                0x0000000008000230                __bss_regions_array_start = .
                0x0000000008000230        0x4 LONG 0x200000a0 ADDR (.bss)
                0x0000000008000234        0x4 LONG 0x20000b74 (ADDR (.bss) + SIZEOF (.bss))
                0x0000000008000238        0x4 LONG 0x0 ADDR (.bss_CCMRAM)
                0x000000000800023c        0x4 LONG 0x0 (ADDR (.bss_CCMRAM) + SIZEOF (.bss_CCMRAM))
                0x0000000008000240                __bss_regions_array_end = .
 *(.init)
 *(.fini)
                0x0000000008000240                . = ALIGN (0x4)
                0x0000000008000240                PROVIDE (__preinit_array_start, .)
 *(.preinit_array_sysinit .preinit_array_sysinit.*)
 *(.preinit_array_platform .preinit_array_platform.*)
 *(.preinit_array .preinit_array.*)
                0x0000000008000240                PROVIDE (__preinit_array_end, .)
                0x0000000008000240                . = ALIGN (0x4)
                0x0000000008000240                PROVIDE (__init_array_start, .)
 *(SORT(.init_array.*))
 *(.init_array)
 .init_array    0x0000000008000240        0x4 ./src/dmachan.o
 .init_array    0x0000000008000244        0x4 ./src/main.o
                0x0000000008000248                PROVIDE (__init_array_end, .)
                0x0000000008000248                . = ALIGN (0x4)
                0x0000000008000248                PROVIDE (__fini_array_start, .)
 *(SORT(.fini_array.*))
 *(.fini_array)
 .fini_array    0x0000000008000248        0x4 ./src/main.o
                0x000000000800024c                PROVIDE (__fini_array_end, .)

.flashtext
 *(.flashtext .flashtext.*)

.text           0x0000000008000250     0x3c37
 *(.text .text.*)
 .text.DMA_DeInit
                0x0000000008000250       0xf8 ./system/src/stm32f0-stdperiph/stm32f0xx_dma.o
                0x0000000008000250                DMA_DeInit
 .text.DMA_GetFlagStatus
                0x0000000008000348       0xe4 ./system/src/stm32f0-stdperiph/stm32f0xx_dma.o
                0x0000000008000348                DMA_GetFlagStatus
 .text.DMA_ClearFlag
                0x000000000800042c       0x24 ./system/src/stm32f0-stdperiph/stm32f0xx_dma.o
                0x000000000800042c                DMA_ClearFlag
 .text.EXTI_Init
                0x0000000008000450       0xcc ./system/src/stm32f0-stdperiph/stm32f0xx_exti.o
                0x0000000008000450                EXTI_Init
 .text.EXTI_GetFlagStatus
                0x000000000800051c       0xe4 ./system/src/stm32f0-stdperiph/stm32f0xx_exti.o
                0x000000000800051c                EXTI_GetFlagStatus
 .text.EXTI_ClearFlag
                0x0000000008000600       0x28 ./system/src/stm32f0-stdperiph/stm32f0xx_exti.o
                0x0000000008000600                EXTI_ClearFlag
 .text.GPIO_Init
                0x0000000008000628      0x11c ./system/src/stm32f0-stdperiph/stm32f0xx_gpio.o
                0x0000000008000628                GPIO_Init
 .text.GPIO_ReadInputData
                0x0000000008000744       0x54 ./system/src/stm32f0-stdperiph/stm32f0xx_gpio.o
                0x0000000008000744                GPIO_ReadInputData
 .text.GPIO_SetBits
                0x0000000008000798       0x60 ./system/src/stm32f0-stdperiph/stm32f0xx_gpio.o
                0x0000000008000798                GPIO_SetBits
 .text.GPIO_ResetBits
                0x00000000080007f8       0x60 ./system/src/stm32f0-stdperiph/stm32f0xx_gpio.o
                0x00000000080007f8                GPIO_ResetBits
 .text.GPIO_WriteBit
                0x0000000008000858       0xd4 ./system/src/stm32f0-stdperiph/stm32f0xx_gpio.o
                0x0000000008000858                GPIO_WriteBit
 .text.GPIO_PinAFConfig
                0x000000000800092c       0x94 ./system/src/stm32f0-stdperiph/stm32f0xx_gpio.o
                0x000000000800092c                GPIO_PinAFConfig
 .text.NVIC_Init
                0x00000000080009c0       0x78 ./system/src/stm32f0-stdperiph/stm32f0xx_misc.o
                0x00000000080009c0                NVIC_Init
 .text.RCC_GetClocksFreq
                0x0000000008000a38      0x198 ./system/src/stm32f0-stdperiph/stm32f0xx_rcc.o
                0x0000000008000a38                RCC_GetClocksFreq
 .text.RCC_AHBPeriphClockCmd
                0x0000000008000bd0       0x50 ./system/src/stm32f0-stdperiph/stm32f0xx_rcc.o
                0x0000000008000bd0                RCC_AHBPeriphClockCmd
 .text.RCC_APB2PeriphClockCmd
                0x0000000008000c20       0x50 ./system/src/stm32f0-stdperiph/stm32f0xx_rcc.o
                0x0000000008000c20                RCC_APB2PeriphClockCmd
 .text.RCC_APB2PeriphResetCmd
                0x0000000008000c70       0x50 ./system/src/stm32f0-stdperiph/stm32f0xx_rcc.o
                0x0000000008000c70                RCC_APB2PeriphResetCmd
 .text.RCC_APB1PeriphResetCmd
                0x0000000008000cc0       0x50 ./system/src/stm32f0-stdperiph/stm32f0xx_rcc.o
                0x0000000008000cc0                RCC_APB1PeriphResetCmd
 .text.SYSCFG_EXTILineConfig
                0x0000000008000d10       0x48 ./system/src/stm32f0-stdperiph/stm32f0xx_syscfg.o
                0x0000000008000d10                SYSCFG_EXTILineConfig
 .text.USART_DeInit
                0x0000000008000d58       0xa8 ./system/src/stm32f0-stdperiph/stm32f0xx_usart.o
                0x0000000008000d58                USART_DeInit
 .text.USART_Init
                0x0000000008000e00      0x1a4 ./system/src/stm32f0-stdperiph/stm32f0xx_usart.o
                0x0000000008000e00                USART_Init
 .text.USART_Cmd
                0x0000000008000fa4       0x64 ./system/src/stm32f0-stdperiph/stm32f0xx_usart.o
                0x0000000008000fa4                USART_Cmd
 .text.USART_SendData
                0x0000000008001008       0x5c ./system/src/stm32f0-stdperiph/stm32f0xx_usart.o
                0x0000000008001008                USART_SendData
 .text.USART_ReceiveData
                0x0000000008001064       0x44 ./system/src/stm32f0-stdperiph/stm32f0xx_usart.o
                0x0000000008001064                USART_ReceiveData
 .text.USART_ITConfig
                0x00000000080010a8      0x104 ./system/src/stm32f0-stdperiph/stm32f0xx_usart.o
                0x00000000080010a8                USART_ITConfig
 .text.USART_GetFlagStatus
                0x00000000080011ac       0xe8 ./system/src/stm32f0-stdperiph/stm32f0xx_usart.o
                0x00000000080011ac                USART_GetFlagStatus
 .text.__cxa_pure_virtual
                0x0000000008001294        0x8 ./system/src/newlib/_cxx.o
                0x0000000008001294                __cxa_pure_virtual
 .text._exit    0x000000000800129c        0x4 ./system/src/newlib/_exit.o
                0x000000000800129c                _exit
 .text.abort    0x00000000080012a0        0x8 ./system/src/newlib/_exit.o
                0x00000000080012a0                abort
 .text.__initialize_args
                0x00000000080012a8       0x10 ./system/src/newlib/_syscalls.o
                0x00000000080012a8                __initialize_args
 .text.__assert_func
                0x00000000080012b8        0x8 ./system/src/newlib/assert.o
                0x00000000080012b8                __assert_func
 .text.assert_failed
                0x00000000080012c0        0x8 ./system/src/newlib/assert.o
                0x00000000080012c0                assert_failed
 .text.__initialize_hardware_early
                0x00000000080012c8        0x8 ./system/src/cortexm/_initialize_hardware.o
                0x00000000080012c8                __initialize_hardware_early
 .text.__initialize_hardware
                0x00000000080012d0        0x8 ./system/src/cortexm/_initialize_hardware.o
                0x00000000080012d0                __initialize_hardware
 .text.SystemCoreClockUpdate
                0x00000000080012d8       0x90 ./system/src/cmsis/system_stm32f0xx.o
                0x00000000080012d8                SystemCoreClockUpdate
 .text.SetSysClock
                0x0000000008001368      0x1ac ./system/src/cmsis/system_stm32f0xx.o
                0x0000000008001368                SetSysClock
 .text.SystemInit
                0x0000000008001514       0x68 ./system/src/cmsis/system_stm32f0xx.o
                0x0000000008001514                SystemInit
 .text._ZN5Timer10systemTickEv
                0x000000000800157c       0x1c ./src/Timer.o
                0x000000000800157c                Timer::systemTick()
 .text._ZN5Timer5setupEbb
                0x0000000008001598       0x7c ./src/Timer.o
                0x0000000008001598                Timer::setup(bool, bool)
 .text._ZN5Timer6msleepEm
                0x0000000008001614       0x2c ./src/Timer.o
                0x0000000008001614                Timer::msleep(unsigned long)
 .text._ZN5Timer11msleepUntilEy
                0x0000000008001640       0x1c ./src/Timer.o
                0x0000000008001640                Timer::msleepUntil(unsigned long long)
 .text._ZN5Timer6usleepEm
                0x000000000800165c       0x90 ./src/Timer.o
                0x000000000800165c                Timer::usleep(unsigned long)
 .text.SysTick_Handler
                0x00000000080016ec       0x10 ./src/Timer.o
                0x00000000080016ec                SysTick_Handler
 .text._ZN14bounded_bufferC2ER6buffer
                0x00000000080016fc       0x10 ./src/bbuffer.o
                0x00000000080016fc                bounded_buffer::bounded_buffer(buffer&)
                0x00000000080016fc                bounded_buffer::bounded_buffer(buffer&)
 .text._ZN14bounded_buffer19insertFromInterruptEh
                0x000000000800170c       0x48 ./src/bbuffer.o
                0x000000000800170c                bounded_buffer::insertFromInterrupt(unsigned char)
 .text._ZN14bounded_buffer8retrieveER6buffer
                0x0000000008001754       0x64 ./src/bbuffer.o
                0x0000000008001754                bounded_buffer::retrieve(buffer&)
 .text._ZN6buffer6assignERKS_mm
                0x00000000080017b8       0x24 ./src/buffer.o
                0x00000000080017b8                buffer::assign(buffer const&, unsigned long, unsigned long)
 .text._ZNK6buffer13common_prefixERKS_
                0x00000000080017dc       0x38 ./src/buffer.o
                0x00000000080017dc                buffer::common_prefix(buffer const&) const
 .text._ZN9Semaphore16incFromInterruptEm
                0x0000000008001814        0xc ./src/conditions.o
                0x0000000008001814                Semaphore::incFromInterrupt(unsigned long)
 .text._ZN9Semaphore3decEm
                0x0000000008001820       0x18 ./src/conditions.o
                0x0000000008001820                Semaphore::dec(unsigned long)
 .text._ZN5DHT22D2Ev
                0x0000000008001838        0xc ./src/dht22.o
                0x0000000008001838                DHT22::~DHT22()
                0x0000000008001838                DHT22::~DHT22()
 .text._ZN5DHT225onIRQEv
                0x0000000008001844       0xe8 ./src/dht22.o
                0x0000000008001844                DHT22::onIRQ()
 .text._ZN5DHT22D0Ev
                0x000000000800192c       0x14 ./src/dht22.o
                0x000000000800192c                DHT22::~DHT22()
 .text._ZN5DHT22C2EP12GPIO_TypeDefhhPP8IntChain
                0x0000000008001940       0x3c ./src/dht22.o
                0x0000000008001940                DHT22::DHT22(GPIO_TypeDef*, unsigned char, unsigned char, IntChain**)
                0x0000000008001940                DHT22::DHT22(GPIO_TypeDef*, unsigned char, unsigned char, IntChain**)
 .text._ZN5DHT225setupEv
                0x000000000800197c       0xac ./src/dht22.o
                0x000000000800197c                DHT22::setup()
 .text._ZN5DHT229startReadEv
                0x0000000008001a28       0x38 ./src/dht22.o
                0x0000000008001a28                DHT22::startRead()
 .text._ZN5DHT2211readSuccessEv
                0x0000000008001a60       0x50 ./src/dht22.o
                0x0000000008001a60                DHT22::readSuccess()
 .text._ZN5DHT2214getTemperatureEv
                0x0000000008001ab0       0x1c ./src/dht22.o
                0x0000000008001ab0                DHT22::getTemperature()
 .text._ZN5DHT2211getHumidityEv
                0x0000000008001acc       0x10 ./src/dht22.o
                0x0000000008001acc                DHT22::getHumidity()
 .text._ZN10DMAChannelC2EP19DMA_Channel_TypeDefmh
                0x0000000008001adc       0x38 ./src/dmachan.o
                0x0000000008001adc                DMAChannel::DMAChannel(DMA_Channel_TypeDef*, unsigned long, unsigned char)
                0x0000000008001adc                DMAChannel::DMAChannel(DMA_Channel_TypeDef*, unsigned long, unsigned char)
 .text._Z41__static_initialization_and_destruction_0ii
                0x0000000008001b14       0x7c ./src/dmachan.o
 .text._ZN10DMAChannel5onIRQEv
                0x0000000008001b90       0x2c ./src/dmachan.o
                0x0000000008001b90                DMAChannel::onIRQ()
 .text.DMA1_Channel1_IRQHandler
                0x0000000008001bbc       0x10 ./src/dmachan.o
                0x0000000008001bbc                DMA1_Channel1_IRQHandler
 .text.DMA1_Channel2_3_IRQHandler
                0x0000000008001bcc       0x18 ./src/dmachan.o
                0x0000000008001bcc                DMA1_Channel2_3_IRQHandler
 .text.DMA1_Channel4_5_IRQHandler
                0x0000000008001be4       0x18 ./src/dmachan.o
                0x0000000008001be4                DMA1_Channel4_5_IRQHandler
 .text._GLOBAL__sub_I__ZN11SemDelegate5onIRQEv
                0x0000000008001bfc       0x10 ./src/dmachan.o
 .text._ZL7hexcharj
                0x0000000008001c0c       0x30 ./src/dtostrf.o
 .text._ZL9fromdigitc
                0x0000000008001c3c       0x34 ./src/dtostrf.o
 .text._Z6itostrxjjcPc
                0x0000000008001c70       0xe8 ./src/dtostrf.o
                0x0000000008001c70                itostr(long long, unsigned int, unsigned int, char, char*)
 .text._Z6utostryjjcPc
                0x0000000008001d58       0xc8 ./src/dtostrf.o
                0x0000000008001d58                utostr(unsigned long long, unsigned int, unsigned int, char, char*)
 .text._Z7dtostrxxjjjjcPc
                0x0000000008001e20       0xf4 ./src/dtostrf.o
                0x0000000008001e20                dtostrx(long long, unsigned int, unsigned int, unsigned int, unsigned int, char, char*)
 .text._Z7strtoulRK6bufferj
                0x0000000008001f14       0xbc ./src/dtostrf.o
                0x0000000008001f14                strtoul(buffer const&, unsigned int)
 .text._ZN11FloodSensor6cmd_OKERK6buffer
                0x0000000008001fd0        0x4 ./src/flood.o
                0x0000000008001fd0                FloodSensor::cmd_OK(buffer const&)
 .text._ZN11FloodSensor10cmd_STATUSERK6buffer
                0x0000000008001fd4       0xd4 ./src/flood.o
                0x0000000008001fd4                FloodSensor::cmd_STATUS(buffer const&)
 .text._ZN11FloodSensor8cmd_TIMEERK6buffer
                0x00000000080020a8       0x38 ./src/flood.o
                0x00000000080020a8                FloodSensor::cmd_TIME(buffer const&)
 .text._ZN11FloodSensor10cmd_PERIODERK6buffer
                0x00000000080020e0       0x90 ./src/flood.o
                0x00000000080020e0                FloodSensor::cmd_PERIOD(buffer const&)
 .text._ZN11FloodSensor9cmd_COUNTERK6buffer
                0x0000000008002170       0x88 ./src/flood.o
                0x0000000008002170                FloodSensor::cmd_COUNT(buffer const&)
 .text._ZN11FloodSensorC2Ev
                0x00000000080021f8       0xc8 ./src/flood.o
                0x00000000080021f8                FloodSensor::FloodSensor()
                0x00000000080021f8                FloodSensor::FloodSensor()
 .text._ZN11FloodSensor14setSensorPowerEb
                0x00000000080022c0       0x24 ./src/flood.o
                0x00000000080022c0                FloodSensor::setSensorPower(bool)
 .text._ZN11FloodSensor10setPiPowerEb
                0x00000000080022e4       0x24 ./src/flood.o
                0x00000000080022e4                FloodSensor::setPiPower(bool)
 .text._ZN11FloodSensor5setupEv
                0x0000000008002308       0x5c ./src/flood.o
                0x0000000008002308                FloodSensor::setup()
 .text._ZN11FloodSensor7cmd_OFFERK6buffer
                0x0000000008002364        0xc ./src/flood.o
                0x0000000008002364                FloodSensor::cmd_OFF(buffer const&)
 .text._ZN11FloodSensor4dumpEv
                0x0000000008002370      0x110 ./src/flood.o
                0x0000000008002370                FloodSensor::dump()
 .text._ZN11FloodSensor8cmd_DUMPERK6buffer
                0x0000000008002480       0x1c ./src/flood.o
                0x0000000008002480                FloodSensor::cmd_DUMP(buffer const&)
 .text._ZN11FloodSensor10needUploadEv
                0x000000000800249c       0x24 ./src/flood.o
                0x000000000800249c                FloodSensor::needUpload()
 .text._ZN11FloodSensor14processCommandERK6buffer
                0x00000000080024c0       0xb8 ./src/flood.o
                0x00000000080024c0                FloodSensor::processCommand(buffer const&)
 .text._ZN11FloodSensor11haveCommandEv
                0x0000000008002578       0xcc ./src/flood.o
                0x0000000008002578                FloodSensor::haveCommand()
 .text._Z14selection_sortItEvPT_j
                0x0000000008002644       0x3c ./src/flood.o
                0x0000000008002644                void selection_sort<unsigned short>(unsigned short*, unsigned int)
 .text._ZN11FloodSensor7observeEv
                0x0000000008002680      0x170 ./src/flood.o
                0x0000000008002680                FloodSensor::observe()
 .text._ZN11FloodSensor11cmd_OBSERVEERK6buffer
                0x00000000080027f0       0x1c ./src/flood.o
                0x00000000080027f0                FloodSensor::cmd_OBSERVE(buffer const&)
 .text._ZN6HCSR04D2Ev
                0x000000000800280c        0xc ./src/hcsr04.o
                0x000000000800280c                HCSR04::~HCSR04()
                0x000000000800280c                HCSR04::~HCSR04()
 .text._ZN6HCSR045onIRQEv
                0x0000000008002818       0x8c ./src/hcsr04.o
                0x0000000008002818                HCSR04::onIRQ()
 .text._ZN6HCSR04D0Ev
                0x00000000080028a4       0x14 ./src/hcsr04.o
                0x00000000080028a4                HCSR04::~HCSR04()
 .text._ZN6HCSR04C2EP12GPIO_TypeDefhhhPP8IntChain
                0x00000000080028b8       0x38 ./src/hcsr04.o
                0x00000000080028b8                HCSR04::HCSR04(GPIO_TypeDef*, unsigned char, unsigned char, unsigned char, IntChain**)
                0x00000000080028b8                HCSR04::HCSR04(GPIO_TypeDef*, unsigned char, unsigned char, unsigned char, IntChain**)
 .text._ZN6HCSR045setupEv
                0x00000000080028f0       0xcc ./src/hcsr04.o
                0x00000000080028f0                HCSR04::setup()
 .text._ZN6HCSR049startReadEv
                0x00000000080029bc       0x30 ./src/hcsr04.o
                0x00000000080029bc                HCSR04::startRead()
 .text._ZN6HCSR048getRangeEv
                0x00000000080029ec       0x14 ./src/hcsr04.o
                0x00000000080029ec                HCSR04::getRange()
 .text._ZN8IntChain7installEPPS_
                0x0000000008002a00        0x8 ./src/intchain.o
                0x0000000008002a00                IntChain::install(IntChain**)
 .text.EXTI0_1_IRQHandler
                0x0000000008002a08       0x1c ./src/intchain.o
                0x0000000008002a08                EXTI0_1_IRQHandler
 .text.EXTI2_3_IRQHandler
                0x0000000008002a24       0x1c ./src/intchain.o
                0x0000000008002a24                EXTI2_3_IRQHandler
 .text.EXTI4_15_IRQHandler
                0x0000000008002a40       0x1c ./src/intchain.o
                0x0000000008002a40                EXTI4_15_IRQHandler
 .text._Z15enter_observingv
                0x0000000008002a5c        0x4 ./src/main.o
                0x0000000008002a5c                enter_observing()
 .text._Z13enter_waitingv
                0x0000000008002a60       0x1c ./src/main.o
                0x0000000008002a60                enter_waiting()
 .text._Z13enter_bootingv
                0x0000000008002a7c       0x1c ./src/main.o
                0x0000000008002a7c                enter_booting()
 .text._Z15enter_connectedv
                0x0000000008002a98       0x1c ./src/main.o
                0x0000000008002a98                enter_connected()
 .text._Z41__static_initialization_and_destruction_0ii
                0x0000000008002ab4       0x4c ./src/main.o
 .text._Z12change_stateh
                0x0000000008002b00       0x1c ./src/main.o
                0x0000000008002b00                change_state(unsigned char)
 .text._Z12poll_waitingv
                0x0000000008002b1c       0x28 ./src/main.o
                0x0000000008002b1c                poll_waiting()
 .text._Z14poll_observingv
                0x0000000008002b44       0x50 ./src/main.o
                0x0000000008002b44                poll_observing()
 .text._Z12poll_bootingv
                0x0000000008002b94       0x80 ./src/main.o
                0x0000000008002b94                poll_booting()
 .text._Z14poll_connectedv
                0x0000000008002c14       0x6c ./src/main.o
                0x0000000008002c14                poll_connected()
 .text.main     0x0000000008002c80       0x58 ./src/main.o
                0x0000000008002c80                main
 .text._GLOBAL__sub_I_txtbuf
                0x0000000008002cd8       0x10 ./src/main.o
 .text._GLOBAL__sub_D_txtbuf
                0x0000000008002ce8       0x10 ./src/main.o
 .text._ZN6SerialC2EP13USART_TypeDefP14bounded_buffer
                0x0000000008002cf8       0x38 ./src/serial.o
                0x0000000008002cf8                Serial::Serial(USART_TypeDef*, bounded_buffer*)
                0x0000000008002cf8                Serial::Serial(USART_TypeDef*, bounded_buffer*)
 .text._ZN6SerialD2Ev
                0x0000000008002d30       0x24 ./src/serial.o
                0x0000000008002d30                Serial::~Serial()
                0x0000000008002d30                Serial::~Serial()
 .text._ZN6Serial5setupEP17USART_InitTypeDef
                0x0000000008002d54       0xd8 ./src/serial.o
                0x0000000008002d54                Serial::setup(USART_InitTypeDef*)
 .text._ZN6Serial5setupEm
                0x0000000008002e2c       0x20 ./src/serial.o
                0x0000000008002e2c                Serial::setup(unsigned long)
 .text._ZN6Serial8transmitEmPKh
                0x0000000008002e4c       0x38 ./src/serial.o
                0x0000000008002e4c                Serial::transmit(unsigned long, unsigned char const*)
 .text._ZN6Serial8transmitERK6buffer
                0x0000000008002e84       0x10 ./src/serial.o
                0x0000000008002e84                Serial::transmit(buffer const&)
 .text._ZN6Serial5printEPKc
                0x0000000008002e94       0x18 ./src/serial.o
                0x0000000008002e94                Serial::print(char const*)
 .text._ZN6Serial7printlnEPKc
                0x0000000008002eac       0x18 ./src/serial.o
                0x0000000008002eac                Serial::println(char const*)
 .text._ZN6Serial11onInterruptEv
                0x0000000008002ec4       0x2c ./src/serial.o
                0x0000000008002ec4                Serial::onInterrupt()
 .text.USART1_IRQHandler
                0x0000000008002ef0       0x14 ./src/serial.o
                0x0000000008002ef0                USART1_IRQHandler
 .text._ZdlPv   0x0000000008002f04        0x8 /usr/bin/../lib/gcc/arm-none-eabi/4.9.3/../../../../arm-none-eabi/lib/armv6-m/libstdc++_nano.a(del_op.o)
                0x0000000008002f04                operator delete(void*)
 .text          0x0000000008002f0c      0x120 /usr/bin/../lib/gcc/arm-none-eabi/4.9.3/armv6-m/libgcc.a(_udivsi3.o)
                0x0000000008002f0c                __udivsi3
                0x0000000008002f0c                __aeabi_uidiv
                0x0000000008003018                __aeabi_uidivmod
 .text          0x000000000800302c      0x1e0 /usr/bin/../lib/gcc/arm-none-eabi/4.9.3/armv6-m/libgcc.a(_divsi3.o)
                0x000000000800302c                __aeabi_idiv
                0x000000000800302c                __divsi3
                0x00000000080031f8                __aeabi_idivmod
 .text          0x000000000800320c        0x4 /usr/bin/../lib/gcc/arm-none-eabi/4.9.3/armv6-m/libgcc.a(_dvmd_tls.o)
                0x000000000800320c                __aeabi_ldiv0
                0x000000000800320c                __aeabi_idiv0
 .text          0x0000000008003210       0x48 /usr/bin/../lib/gcc/arm-none-eabi/4.9.3/armv6-m/libgcc.a(_aeabi_ldivmod.o)
                0x0000000008003210                __aeabi_ldivmod
 .text          0x0000000008003258       0x40 /usr/bin/../lib/gcc/arm-none-eabi/4.9.3/armv6-m/libgcc.a(_aeabi_uldivmod.o)
                0x0000000008003258                __aeabi_uldivmod
 .text          0x0000000008003298       0x54 /usr/bin/../lib/gcc/arm-none-eabi/4.9.3/armv6-m/libgcc.a(_muldi3.o)
                0x0000000008003298                __aeabi_lmul
                0x0000000008003298                __muldi3
 .text          0x00000000080032ec       0x6c /usr/bin/../lib/gcc/arm-none-eabi/4.9.3/armv6-m/libgcc.a(bpabi.o)
                0x00000000080032ec                __gnu_ldivmod_helper
                0x0000000008003324                __gnu_uldivmod_helper
 .text          0x0000000008003358       0x3c /usr/bin/../lib/gcc/arm-none-eabi/4.9.3/armv6-m/libgcc.a(_clzsi2.o)
                0x0000000008003358                __clzsi2
 .text          0x0000000008003394      0x1f0 /usr/bin/../lib/gcc/arm-none-eabi/4.9.3/armv6-m/libgcc.a(_divdi3.o)
                0x0000000008003394                __divdi3
 .text          0x0000000008003584      0x158 /usr/bin/../lib/gcc/arm-none-eabi/4.9.3/armv6-m/libgcc.a(_udivdi3.o)
                0x0000000008003584                __udivdi3
 .text          0x00000000080036dc       0x18 /usr/bin/../lib/gcc/arm-none-eabi/4.9.3/armv6-m/libgcc.a(_clzdi2.o)
                0x00000000080036dc                __clzdi2
 .text.isspace  0x00000000080036f4       0x14 /usr/bin/../lib/gcc/arm-none-eabi/4.9.3/../../../../arm-none-eabi/lib/armv6-m/libg_nano.a(lib_a-isspace.o)
                0x00000000080036f4                isspace
 .text.free     0x0000000008003708       0x14 /usr/bin/../lib/gcc/arm-none-eabi/4.9.3/../../../../arm-none-eabi/lib/armv6-m/libg_nano.a(lib_a-malloc.o)
                0x0000000008003708                free
 .text._free_r  0x000000000800371c       0x8c /usr/bin/../lib/gcc/arm-none-eabi/4.9.3/../../../../arm-none-eabi/lib/armv6-m/libg_nano.a(lib_a-nano-freer.o)
                0x000000000800371c                _free_r
 .text.strlen   0x00000000080037a8        0xe /usr/bin/../lib/gcc/arm-none-eabi/4.9.3/../../../../arm-none-eabi/lib/armv6-m/libg_nano.a(lib_a-strlen.o)
                0x00000000080037a8                strlen
 *fill*         0x00000000080037b6        0x2 
 .text.toupper  0x00000000080037b8       0x18 /usr/bin/../lib/gcc/arm-none-eabi/4.9.3/../../../../arm-none-eabi/lib/armv6-m/libg_nano.a(lib_a-toupper.o)
                0x00000000080037b8                toupper
 *(.rodata .rodata.* .constdata .constdata.*)
 .rodata.str1.4
                0x00000000080037d0       0x30 ./system/src/stm32f0-stdperiph/stm32f0xx_dma.o
 .rodata.str1.4
                0x0000000008003800       0x31 ./system/src/stm32f0-stdperiph/stm32f0xx_exti.o
 *fill*         0x0000000008003831        0x3 
 .rodata.str1.4
                0x0000000008003834       0x31 ./system/src/stm32f0-stdperiph/stm32f0xx_gpio.o
 *fill*         0x0000000008003865        0x3 
 .rodata.str1.4
                0x0000000008003868       0x31 ./system/src/stm32f0-stdperiph/stm32f0xx_misc.o
 *fill*         0x0000000008003899        0x3 
 .rodata.str1.4
                0x000000000800389c       0x30 ./system/src/stm32f0-stdperiph/stm32f0xx_rcc.o
 .rodata.str1.4
                0x00000000080038cc       0x33 ./system/src/stm32f0-stdperiph/stm32f0xx_syscfg.o
 *fill*         0x00000000080038ff        0x1 
 .rodata.str1.4
                0x0000000008003900       0x32 ./system/src/stm32f0-stdperiph/stm32f0xx_usart.o
 *fill*         0x0000000008003932        0x6 
 .rodata._ZTV11IRQDelegate
                0x0000000008003938       0x14 ./src/dht22.o
                0x0000000008003938                vtable for IRQDelegate
 *fill*         0x000000000800394c        0x4 
 .rodata._ZTV5DHT22
                0x0000000008003950       0x14 ./src/dht22.o
                0x0000000008003950                vtable for DHT22
 .rodata._ZZ6utostryjjcPcE19__PRETTY_FUNCTION__
                0x0000000008003964       0x40 ./src/dtostrf.o
 .rodata._ZZL7hexcharjE19__PRETTY_FUNCTION__
                0x00000000080039a4       0x1b ./src/dtostrf.o
 *fill*         0x00000000080039bf        0x1 
 .rodata._ZZ6itostrxjjcPcE19__PRETTY_FUNCTION__
                0x00000000080039c0       0x3f ./src/dtostrf.o
 *fill*         0x00000000080039ff        0x1 
 .rodata._ZZ7dtostrxxjjjjcPcE19__PRETTY_FUNCTION__
                0x0000000008003a00       0x5c ./src/dtostrf.o
 .rodata._ZZ7strtoulRK6bufferjE19__PRETTY_FUNCTION__
                0x0000000008003a5c       0x2e ./src/dtostrf.o
 *fill*         0x0000000008003a8a        0x2 
 .rodata.str1.4
                0x0000000008003a8c       0xdc ./src/dtostrf.o
 .rodata.str1.4
                0x0000000008003b68       0xe4 ./src/flood.o
 .rodata._ZN11FloodSensor8COMMANDSE
                0x0000000008003c4c       0x60 ./src/flood.o
                0x0000000008003c4c                FloodSensor::COMMANDS
 *fill*         0x0000000008003cac        0x4 
 .rodata._ZTV6HCSR04
                0x0000000008003cb0       0x14 ./src/hcsr04.o
                0x0000000008003cb0                vtable for HCSR04
 .rodata._ZL5enter
                0x0000000008003cc4       0x10 ./src/main.o
 .rodata.str1.4
                0x0000000008003cd4       0x11 ./src/main.o
 *fill*         0x0000000008003ce5        0x3 
 .rodata._ZL4poll
                0x0000000008003ce8       0x10 ./src/main.o
 .rodata._ZZN6Serial5setupEP17USART_InitTypeDefE19__PRETTY_FUNCTION__
                0x0000000008003cf8       0x27 ./src/serial.o
 *fill*         0x0000000008003d1f        0x1 
 .rodata._ZZN6SerialC4EP13USART_TypeDefP14bounded_bufferE19__PRETTY_FUNCTION__
                0x0000000008003d20       0x30 ./src/serial.o
 .rodata.str1.4
                0x0000000008003d50       0x34 ./src/serial.o
                                         0x33 (size before relaxing)
 .rodata.str1.1
                0x0000000008003d84        0x2 /usr/bin/../lib/gcc/arm-none-eabi/4.9.3/../../../../arm-none-eabi/lib/armv6-m/libg_nano.a(lib_a-impure.o)
 .rodata._ctype_
                0x0000000008003d86      0x101 /usr/bin/../lib/gcc/arm-none-eabi/4.9.3/../../../../arm-none-eabi/lib/armv6-m/libg_nano.a(lib_a-ctype_.o)
                0x0000000008003d86                _ctype_
 *(vtable)
 *(.eh_frame*)
 *(.glue_7)
 .glue_7        0x0000000000000000        0x0 linker stubs
 *(.glue_7t)
 .glue_7t       0x0000000000000000        0x0 linker stubs

.vfp11_veneer   0x0000000008003e88        0x0
 .vfp11_veneer  0x0000000000000000        0x0 linker stubs

.v4_bx          0x0000000008003e88        0x0
 .v4_bx         0x0000000000000000        0x0 linker stubs

.iplt           0x0000000008003e88        0x0
 .iplt          0x0000000000000000        0x0 ./system/src/stm32f0-stdperiph/stm32f0xx_adc.o

.ARM.extab
 *(.ARM.extab* .gnu.linkonce.armextab.*)
                0x0000000008003e88                . = ALIGN (0x4)
                0x0000000008003e88                __exidx_start = .

.ARM.exidx      0x0000000008003e88        0x8
 *(.ARM.exidx* .gnu.linkonce.armexidx.*)
 .ARM.exidx     0x0000000008003e88        0x8 /usr/bin/../lib/gcc/arm-none-eabi/4.9.3/armv6-m/libgcc.a(_divdi3.o)
 .ARM.exidx     0x0000000008003e90        0x0 /usr/bin/../lib/gcc/arm-none-eabi/4.9.3/armv6-m/libgcc.a(_udivdi3.o)
                                          0x8 (size before relaxing)
                0x0000000008003e90                __exidx_end = .

.rel.dyn        0x0000000008003e90        0x0
 .rel.iplt      0x0000000000000000        0x0 ./system/src/stm32f0-stdperiph/stm32f0xx_adc.o
                0x0000000008003e90                . = ALIGN (0x4)
                0x0000000008003e90                _etext = .
                0x0000000008003e90                __etext = .

.data_CCMRAM    0x0000000000000000        0x0 load address 0x0000000008003e90
 FILL mask 0xff
 *(.data.CCMRAM .data.CCMRAM.*)
                0x0000000000000000                . = ALIGN (0x4)
                0x0000000008003e90                _sidata = LOADADDR (.data)

.data           0x0000000020000000       0xa0 load address 0x0000000008003e90
 FILL mask 0xff
                0x0000000020000000                _sdata = .
                0x0000000020000000                __data_start__ = .
 *(.data_begin .data_begin.*)
 .data_begin    0x0000000020000000        0x4 ./system/src/newlib/_startup.o
 *(.data .data.*)
 .data.APBAHBPrescTable
                0x0000000020000004       0x10 ./system/src/stm32f0-stdperiph/stm32f0xx_rcc.o
 .data.argv.4157
                0x0000000020000014        0x8 ./system/src/newlib/_syscalls.o
 .data.AHBPrescTable
                0x000000002000001c       0x10 ./system/src/cmsis/system_stm32f0xx.o
                0x000000002000001c                AHBPrescTable
 .data.SystemCoreClock
                0x000000002000002c        0x4 ./system/src/cmsis/system_stm32f0xx.o
                0x000000002000002c                SystemCoreClock
 .data._ZN5Timer8tickfuncE
                0x0000000020000030        0x4 ./src/Timer.o
                0x0000000020000030                Timer::tickfunc
 .data.impure_data
                0x0000000020000034       0x60 /usr/bin/../lib/gcc/arm-none-eabi/4.9.3/../../../../arm-none-eabi/lib/armv6-m/libg_nano.a(lib_a-impure.o)
 .data._impure_ptr
                0x0000000020000094        0x4 /usr/bin/../lib/gcc/arm-none-eabi/4.9.3/../../../../arm-none-eabi/lib/armv6-m/libg_nano.a(lib_a-impure.o)
                0x0000000020000094                _impure_ptr
 .data.__ctype_ptr__
                0x0000000020000098        0x4 /usr/bin/../lib/gcc/arm-none-eabi/4.9.3/../../../../arm-none-eabi/lib/armv6-m/libg_nano.a(lib_a-ctype_.o)
                0x0000000020000098                __ctype_ptr__
 *(.data_end .data_end.*)
 .data_end      0x000000002000009c        0x4 ./system/src/newlib/_startup.o
                0x00000000200000a0                . = ALIGN (0x4)
                0x00000000200000a0                _edata = .
                0x00000000200000a0                __data_end__ = .

.igot.plt       0x00000000200000a0        0x0 load address 0x0000000008003f30
 .igot.plt      0x0000000000000000        0x0 ./system/src/stm32f0-stdperiph/stm32f0xx_adc.o

.bss_CCMRAM     0x0000000000000000        0x0
 *(.bss.CCMRAM .bss.CCMRAM.*)

.bss            0x00000000200000a0      0xad4
                0x00000000200000a0                __bss_start__ = .
                0x00000000200000a0                _sbss = .
 *(.bss_begin .bss_begin.*)
 .bss_begin     0x00000000200000a0        0x4 ./system/src/newlib/_startup.o
 *(.bss .bss.*)
 .bss.name.4156
                0x00000000200000a4        0x1 ./system/src/newlib/_syscalls.o
 *fill*         0x00000000200000a5        0x3 
 .bss._ZN5Timer12TICKS_PER_MSE
                0x00000000200000a8        0x4 ./src/Timer.o
                0x00000000200000a8                Timer::TICKS_PER_MS
 *fill*         0x00000000200000ac        0x4 
 .bss._ZN5Timer10ms_elapsedE
                0x00000000200000b0        0x8 ./src/Timer.o
                0x00000000200000b0                Timer::ms_elapsed
 .bss._ZN5Timer12TICKS_PER_USE
                0x00000000200000b8        0x4 ./src/Timer.o
                0x00000000200000b8                Timer::TICKS_PER_US
 .bss._ZN6buffer6canaryE
                0x00000000200000bc        0x1 ./src/buffer.o
                0x00000000200000bc                buffer::canary
 *fill*         0x00000000200000bd        0x3 
 .bss._ZN10DMAChannel13dma1_channel1E
                0x00000000200000c0       0x10 ./src/dmachan.o
                0x00000000200000c0                DMAChannel::dma1_channel1
 .bss._ZN10DMAChannel13dma1_channel2E
                0x00000000200000d0       0x10 ./src/dmachan.o
                0x00000000200000d0                DMAChannel::dma1_channel2
 .bss._ZN10DMAChannel13dma1_channel3E
                0x00000000200000e0       0x10 ./src/dmachan.o
                0x00000000200000e0                DMAChannel::dma1_channel3
 .bss._ZN10DMAChannel13dma1_channel4E
                0x00000000200000f0       0x10 ./src/dmachan.o
                0x00000000200000f0                DMAChannel::dma1_channel4
 .bss._ZN10DMAChannel13dma1_channel5E
                0x0000000020000100       0x10 ./src/dmachan.o
                0x0000000020000100                DMAChannel::dma1_channel5
 .bss.irqc_EXTI4_15
                0x0000000020000110        0x4 ./src/intchain.o
                0x0000000020000110                irqc_EXTI4_15
 .bss.irqc_EXTI2_3
                0x0000000020000114        0x4 ./src/intchain.o
                0x0000000020000114                irqc_EXTI2_3
 .bss.irqc_EXTI0_1
                0x0000000020000118        0x4 ./src/intchain.o
                0x0000000020000118                irqc_EXTI0_1
 .bss.state     0x000000002000011c        0x1 ./src/main.o
                0x000000002000011c                state
 *fill*         0x000000002000011d        0x3 
 .bss.flood     0x0000000020000120      0xa40 ./src/main.o
                0x0000000020000120                flood
 .bss.next_obs  0x0000000020000b60        0x8 ./src/main.o
                0x0000000020000b60                next_obs
 .bss._ZN6Serial5uart1E
                0x0000000020000b68        0x4 ./src/serial.o
                0x0000000020000b68                Serial::uart1
 .bss.__malloc_free_list
                0x0000000020000b6c        0x4 /usr/bin/../lib/gcc/arm-none-eabi/4.9.3/../../../../arm-none-eabi/lib/armv6-m/libg_nano.a(lib_a-nano-mallocr.o)
                0x0000000020000b6c                __malloc_free_list
 *(COMMON)
 *(.bss_end .bss_end.*)
 .bss_end       0x0000000020000b70        0x4 ./system/src/newlib/_startup.o
                0x0000000020000b74                . = ALIGN (0x4)
                0x0000000020000b74                __bss_end__ = .
                0x0000000020000b74                _ebss = .

.noinit_CCMRAM
 *(.noinit.CCMRAM .noinit.CCMRAM.*)

.noinit         0x0000000020000b74        0x0
                0x0000000020000b74                _noinit = .
 *(.noinit .noinit.*)
                0x0000000020000b74                . = ALIGN (0x4)
                0x0000000020000b74                _end_noinit = .
                0x0000000020000b74                PROVIDE (end, _end_noinit)
                0x0000000020000b74                PROVIDE (_end, _end_noinit)
                0x0000000020000b74                PROVIDE (__end, _end_noinit)
                0x0000000020000b74                PROVIDE (__end__, _end_noinit)

._check_stack   0x0000000020000b74      0x100
                0x0000000020000c74                . = (. + _Minimum_Stack_Size)
 *fill*         0x0000000020000b74      0x100 

.b1text
 *(.b1text)
 *(.b1rodata)
 *(.b1rodata.*)

.eb0text
 *(.eb0text)
 *(.eb0rodata)
 *(.eb0rodata.*)

.eb1text
 *(.eb1text)
 *(.eb1rodata)
 *(.eb1rodata.*)

.eb2text
 *(.eb2text)
 *(.eb2rodata)
 *(.eb2rodata.*)

.eb3text
 *(.eb3text)
 *(.eb3rodata)
 *(.eb3rodata.*)

.stab
 *(.stab)

.stabstr
 *(.stabstr)

.stab.excl
 *(.stab.excl)

.stab.exclstr
 *(.stab.exclstr)

.stab.index
 *(.stab.index)

.stab.indexstr
 *(.stab.indexstr)

.comment        0x0000000000000000       0x70
 *(.comment)
 .comment       0x0000000000000000       0x70 ./system/src/stm32f0-stdperiph/stm32f0xx_dma.o
                                         0x71 (size before relaxing)
 .comment       0x0000000000000000       0x71 ./system/src/stm32f0-stdperiph/stm32f0xx_exti.o
 .comment       0x0000000000000000       0x71 ./system/src/stm32f0-stdperiph/stm32f0xx_gpio.o
 .comment       0x0000000000000000       0x71 ./system/src/stm32f0-stdperiph/stm32f0xx_misc.o
 .comment       0x0000000000000000       0x71 ./system/src/stm32f0-stdperiph/stm32f0xx_rcc.o
 .comment       0x0000000000000000       0x71 ./system/src/stm32f0-stdperiph/stm32f0xx_syscfg.o
 .comment       0x0000000000000000       0x71 ./system/src/stm32f0-stdperiph/stm32f0xx_usart.o
 .comment       0x0000000000000000       0x71 ./system/src/newlib/_cxx.o
 .comment       0x0000000000000000       0x71 ./system/src/newlib/_exit.o
 .comment       0x0000000000000000       0x71 ./system/src/newlib/_startup.o
 .comment       0x0000000000000000       0x71 ./system/src/newlib/_syscalls.o
 .comment       0x0000000000000000       0x71 ./system/src/newlib/assert.o
 .comment       0x0000000000000000       0x71 ./system/src/cortexm/_initialize_hardware.o
 .comment       0x0000000000000000       0x71 ./system/src/cortexm/exception_handlers.o
 .comment       0x0000000000000000       0x71 ./system/src/cmsis/system_stm32f0xx.o
 .comment       0x0000000000000000       0x71 ./system/src/cmsis/vectors_stm32f0xx.o
 .comment       0x0000000000000000       0x71 ./src/Timer.o
 .comment       0x0000000000000000       0x71 ./src/bbuffer.o
 .comment       0x0000000000000000       0x71 ./src/buffer.o
 .comment       0x0000000000000000       0x71 ./src/conditions.o
 .comment       0x0000000000000000       0x71 ./src/dht22.o
 .comment       0x0000000000000000       0x71 ./src/dmachan.o
 .comment       0x0000000000000000       0x71 ./src/dtostrf.o
 .comment       0x0000000000000000       0x71 ./src/flood.o
 .comment       0x0000000000000000       0x71 ./src/hcsr04.o
 .comment       0x0000000000000000       0x71 ./src/intchain.o
 .comment       0x0000000000000000       0x71 ./src/main.o
 .comment       0x0000000000000000       0x71 ./src/serial.o

.ARM.attributes
                0x0000000000000000       0x31
 .ARM.attributes
                0x0000000000000000       0x31 ./system/src/stm32f0-stdperiph/stm32f0xx_dma.o
 .ARM.attributes
                0x0000000000000031       0x31 ./system/src/stm32f0-stdperiph/stm32f0xx_exti.o
 .ARM.attributes
                0x0000000000000062       0x31 ./system/src/stm32f0-stdperiph/stm32f0xx_gpio.o
 .ARM.attributes
                0x0000000000000093       0x31 ./system/src/stm32f0-stdperiph/stm32f0xx_misc.o
 .ARM.attributes
                0x00000000000000c4       0x31 ./system/src/stm32f0-stdperiph/stm32f0xx_rcc.o
 .ARM.attributes
                0x00000000000000f5       0x31 ./system/src/stm32f0-stdperiph/stm32f0xx_syscfg.o
 .ARM.attributes
                0x0000000000000126       0x31 ./system/src/stm32f0-stdperiph/stm32f0xx_usart.o
 .ARM.attributes
                0x0000000000000157       0x31 ./system/src/newlib/_cxx.o
 .ARM.attributes
                0x0000000000000188       0x31 ./system/src/newlib/_exit.o
 .ARM.attributes
                0x00000000000001b9       0x31 ./system/src/newlib/_startup.o
 .ARM.attributes
                0x00000000000001ea       0x31 ./system/src/newlib/_syscalls.o
 .ARM.attributes
                0x000000000000021b       0x31 ./system/src/newlib/assert.o
 .ARM.attributes
                0x000000000000024c       0x31 ./system/src/cortexm/_initialize_hardware.o
 .ARM.attributes
                0x000000000000027d       0x31 ./system/src/cortexm/exception_handlers.o
 .ARM.attributes
                0x00000000000002ae       0x31 ./system/src/cmsis/system_stm32f0xx.o
 .ARM.attributes
                0x00000000000002df       0x31 ./system/src/cmsis/vectors_stm32f0xx.o
 .ARM.attributes
                0x0000000000000310       0x31 ./src/Timer.o
 .ARM.attributes
                0x0000000000000341       0x31 ./src/bbuffer.o
 .ARM.attributes
                0x0000000000000372       0x31 ./src/buffer.o
 .ARM.attributes
                0x00000000000003a3       0x31 ./src/conditions.o
 .ARM.attributes
                0x00000000000003d4       0x31 ./src/dht22.o
 .ARM.attributes
                0x0000000000000405       0x31 ./src/dmachan.o
 .ARM.attributes
                0x0000000000000436       0x31 ./src/dtostrf.o
 .ARM.attributes
                0x0000000000000467       0x31 ./src/flood.o
 .ARM.attributes
                0x0000000000000498       0x31 ./src/hcsr04.o
 .ARM.attributes
                0x00000000000004c9       0x31 ./src/intchain.o
 .ARM.attributes
                0x00000000000004fa       0x31 ./src/main.o
 .ARM.attributes
                0x000000000000052b       0x31 ./src/serial.o
 .ARM.attributes
                0x000000000000055c       0x2c /usr/bin/../lib/gcc/arm-none-eabi/4.9.3/../../../../arm-none-eabi/lib/armv6-m/libstdc++_nano.a(del_op.o)
 .ARM.attributes
                0x0000000000000588       0x1e /usr/bin/../lib/gcc/arm-none-eabi/4.9.3/armv6-m/libgcc.a(_udivsi3.o)
 .ARM.attributes
                0x00000000000005a6       0x1e /usr/bin/../lib/gcc/arm-none-eabi/4.9.3/armv6-m/libgcc.a(_divsi3.o)
 .ARM.attributes
                0x00000000000005c4       0x1e /usr/bin/../lib/gcc/arm-none-eabi/4.9.3/armv6-m/libgcc.a(_dvmd_tls.o)
 .ARM.attributes
                0x00000000000005e2       0x1e /usr/bin/../lib/gcc/arm-none-eabi/4.9.3/armv6-m/libgcc.a(_aeabi_ldivmod.o)
 .ARM.attributes
                0x0000000000000600       0x1e /usr/bin/../lib/gcc/arm-none-eabi/4.9.3/armv6-m/libgcc.a(_aeabi_uldivmod.o)
 .ARM.attributes
                0x000000000000061e       0x2c /usr/bin/../lib/gcc/arm-none-eabi/4.9.3/armv6-m/libgcc.a(_muldi3.o)
 .ARM.attributes
                0x000000000000064a       0x2c /usr/bin/../lib/gcc/arm-none-eabi/4.9.3/armv6-m/libgcc.a(bpabi.o)
 .ARM.attributes
                0x0000000000000676       0x1e /usr/bin/../lib/gcc/arm-none-eabi/4.9.3/armv6-m/libgcc.a(_clzsi2.o)
 .ARM.attributes
                0x0000000000000694       0x2c /usr/bin/../lib/gcc/arm-none-eabi/4.9.3/armv6-m/libgcc.a(_divdi3.o)
 .ARM.attributes
                0x00000000000006c0       0x2c /usr/bin/../lib/gcc/arm-none-eabi/4.9.3/armv6-m/libgcc.a(_udivdi3.o)
 .ARM.attributes
                0x00000000000006ec       0x1e /usr/bin/../lib/gcc/arm-none-eabi/4.9.3/armv6-m/libgcc.a(_clzdi2.o)
 .ARM.attributes
                0x000000000000070a       0x2c /usr/bin/../lib/gcc/arm-none-eabi/4.9.3/../../../../arm-none-eabi/lib/armv6-m/libg_nano.a(lib_a-impure.o)
 .ARM.attributes
                0x0000000000000736       0x2c /usr/bin/../lib/gcc/arm-none-eabi/4.9.3/../../../../arm-none-eabi/lib/armv6-m/libg_nano.a(lib_a-isspace.o)
 .ARM.attributes
                0x0000000000000762       0x2c /usr/bin/../lib/gcc/arm-none-eabi/4.9.3/../../../../arm-none-eabi/lib/armv6-m/libg_nano.a(lib_a-malloc.o)
 .ARM.attributes
                0x000000000000078e       0x2c /usr/bin/../lib/gcc/arm-none-eabi/4.9.3/../../../../arm-none-eabi/lib/armv6-m/libg_nano.a(lib_a-nano-freer.o)
 .ARM.attributes
                0x00000000000007ba       0x2c /usr/bin/../lib/gcc/arm-none-eabi/4.9.3/../../../../arm-none-eabi/lib/armv6-m/libg_nano.a(lib_a-nano-mallocr.o)
 .ARM.attributes
                0x00000000000007e6       0x2c /usr/bin/../lib/gcc/arm-none-eabi/4.9.3/../../../../arm-none-eabi/lib/armv6-m/libg_nano.a(lib_a-strlen.o)
 .ARM.attributes
                0x0000000000000812       0x2c /usr/bin/../lib/gcc/arm-none-eabi/4.9.3/../../../../arm-none-eabi/lib/armv6-m/libg_nano.a(lib_a-toupper.o)
 .ARM.attributes
                0x000000000000083e       0x2c /usr/bin/../lib/gcc/arm-none-eabi/4.9.3/../../../../arm-none-eabi/lib/armv6-m/libg_nano.a(lib_a-ctype_.o)

.debug
 *(.debug)

.line
 *(.line)

.debug_srcinfo
 *(.debug_srcinfo)

.debug_sfnames
 *(.debug_sfnames)

.debug_aranges  0x0000000000000000      0xae0
 *(.debug_aranges)
 .debug_aranges
                0x0000000000000000       0x70 ./system/src/stm32f0-stdperiph/stm32f0xx_dma.o
 .debug_aranges
                0x0000000000000070       0x58 ./system/src/stm32f0-stdperiph/stm32f0xx_exti.o
 .debug_aranges
                0x00000000000000c8       0x80 ./system/src/stm32f0-stdperiph/stm32f0xx_gpio.o
 .debug_aranges
                0x0000000000000148       0x30 ./system/src/stm32f0-stdperiph/stm32f0xx_misc.o
 .debug_aranges
                0x0000000000000178      0x160 ./system/src/stm32f0-stdperiph/stm32f0xx_rcc.o
 .debug_aranges
                0x00000000000002d8       0x58 ./system/src/stm32f0-stdperiph/stm32f0xx_syscfg.o
 .debug_aranges
                0x0000000000000330      0x1a0 ./system/src/stm32f0-stdperiph/stm32f0xx_usart.o
 .debug_aranges
                0x00000000000004d0       0x28 ./system/src/newlib/_cxx.o
 .debug_aranges
                0x00000000000004f8       0x28 ./system/src/newlib/_exit.o
 .debug_aranges
                0x0000000000000520       0x40 ./system/src/newlib/_startup.o
 .debug_aranges
                0x0000000000000560       0x30 ./system/src/newlib/_syscalls.o
 .debug_aranges
                0x0000000000000590       0x28 ./system/src/newlib/assert.o
 .debug_aranges
                0x00000000000005b8       0x28 ./system/src/cortexm/_initialize_hardware.o
 .debug_aranges
                0x00000000000005e0       0x50 ./system/src/cortexm/exception_handlers.o
 .debug_aranges
                0x0000000000000630       0x30 ./system/src/cmsis/system_stm32f0xx.o
 .debug_aranges
                0x0000000000000660       0x20 ./system/src/cmsis/vectors_stm32f0xx.o
 .debug_aranges
                0x0000000000000680       0x50 ./src/Timer.o
 .debug_aranges
                0x00000000000006d0       0x40 ./src/bbuffer.o
 .debug_aranges
                0x0000000000000710       0x40 ./src/buffer.o
 .debug_aranges
                0x0000000000000750       0x30 ./src/conditions.o
 .debug_aranges
                0x0000000000000780       0x60 ./src/dht22.o
 .debug_aranges
                0x00000000000007e0       0x80 ./src/dmachan.o
 .debug_aranges
                0x0000000000000860       0x60 ./src/dtostrf.o
 .debug_aranges
                0x00000000000008c0       0xa8 ./src/flood.o
 .debug_aranges
                0x0000000000000968       0x50 ./src/hcsr04.o
 .debug_aranges
                0x00000000000009b8       0x40 ./src/intchain.o
 .debug_aranges
                0x00000000000009f8       0x80 ./src/main.o
 .debug_aranges
                0x0000000000000a78       0x68 ./src/serial.o

.debug_pubnames
 *(.debug_pubnames)

.debug_info     0x0000000000000000    0x10538
 *(.debug_info .gnu.linkonce.wi.*)
 .debug_info    0x0000000000000000      0x6b9 ./system/src/stm32f0-stdperiph/stm32f0xx_dma.o
 .debug_info    0x00000000000006b9      0x437 ./system/src/stm32f0-stdperiph/stm32f0xx_exti.o
 .debug_info    0x0000000000000af0      0xa17 ./system/src/stm32f0-stdperiph/stm32f0xx_gpio.o
 .debug_info    0x0000000000001507      0x406 ./system/src/stm32f0-stdperiph/stm32f0xx_misc.o
 .debug_info    0x000000000000190d      0xf56 ./system/src/stm32f0-stdperiph/stm32f0xx_rcc.o
 .debug_info    0x0000000000002863      0x3d1 ./system/src/stm32f0-stdperiph/stm32f0xx_syscfg.o
 .debug_info    0x0000000000002c34     0x1aef ./system/src/stm32f0-stdperiph/stm32f0xx_usart.o
 .debug_info    0x0000000000004723      0x597 ./system/src/newlib/_cxx.o
 .debug_info    0x0000000000004cba       0xee ./system/src/newlib/_exit.o
 .debug_info    0x0000000000004da8      0x474 ./system/src/newlib/_startup.o
 .debug_info    0x000000000000521c      0x1a9 ./system/src/newlib/_syscalls.o
 .debug_info    0x00000000000053c5      0x168 ./system/src/newlib/assert.o
 .debug_info    0x000000000000552d       0xc3 ./system/src/cortexm/_initialize_hardware.o
 .debug_info    0x00000000000055f0      0x1c0 ./system/src/cortexm/exception_handlers.o
 .debug_info    0x00000000000057b0      0x313 ./system/src/cmsis/system_stm32f0xx.o
 .debug_info    0x0000000000005ac3       0xd1 ./system/src/cmsis/vectors_stm32f0xx.o
 .debug_info    0x0000000000005b94      0x748 ./src/Timer.o
 .debug_info    0x00000000000062dc      0xb9f ./src/bbuffer.o
 .debug_info    0x0000000000006e7b      0x72a ./src/buffer.o
 .debug_info    0x00000000000075a5      0x213 ./src/conditions.o
 .debug_info    0x00000000000077b8      0xf14 ./src/dht22.o
 .debug_info    0x00000000000086cc      0xbe8 ./src/dmachan.o
 .debug_info    0x00000000000092b4      0xe55 ./src/dtostrf.o
 .debug_info    0x000000000000a109     0x278d ./src/flood.o
 .debug_info    0x000000000000c896      0xea9 ./src/hcsr04.o
 .debug_info    0x000000000000d73f      0x348 ./src/intchain.o
 .debug_info    0x000000000000da87     0x17a8 ./src/main.o
 .debug_info    0x000000000000f22f     0x1309 ./src/serial.o

.debug_abbrev   0x0000000000000000     0x4362
 *(.debug_abbrev)
 .debug_abbrev  0x0000000000000000      0x196 ./system/src/stm32f0-stdperiph/stm32f0xx_dma.o
 .debug_abbrev  0x0000000000000196      0x1e6 ./system/src/stm32f0-stdperiph/stm32f0xx_exti.o
 .debug_abbrev  0x000000000000037c      0x1db ./system/src/stm32f0-stdperiph/stm32f0xx_gpio.o
 .debug_abbrev  0x0000000000000557      0x16e ./system/src/stm32f0-stdperiph/stm32f0xx_misc.o
 .debug_abbrev  0x00000000000006c5      0x23e ./system/src/stm32f0-stdperiph/stm32f0xx_rcc.o
 .debug_abbrev  0x0000000000000903      0x195 ./system/src/stm32f0-stdperiph/stm32f0xx_syscfg.o
 .debug_abbrev  0x0000000000000a98      0x1d2 ./system/src/stm32f0-stdperiph/stm32f0xx_usart.o
 .debug_abbrev  0x0000000000000c6a      0x1a7 ./system/src/newlib/_cxx.o
 .debug_abbrev  0x0000000000000e11       0xb7 ./system/src/newlib/_exit.o
 .debug_abbrev  0x0000000000000ec8      0x1e9 ./system/src/newlib/_startup.o
 .debug_abbrev  0x00000000000010b1       0xe7 ./system/src/newlib/_syscalls.o
 .debug_abbrev  0x0000000000001198       0xb6 ./system/src/newlib/assert.o
 .debug_abbrev  0x000000000000124e       0x63 ./system/src/cortexm/_initialize_hardware.o
 .debug_abbrev  0x00000000000012b1       0xfd ./system/src/cortexm/exception_handlers.o
 .debug_abbrev  0x00000000000013ae      0x163 ./system/src/cmsis/system_stm32f0xx.o
 .debug_abbrev  0x0000000000001511       0x9d ./system/src/cmsis/vectors_stm32f0xx.o
 .debug_abbrev  0x00000000000015ae      0x2ff ./src/Timer.o
 .debug_abbrev  0x00000000000018ad      0x2c5 ./src/bbuffer.o
 .debug_abbrev  0x0000000000001b72      0x2b8 ./src/buffer.o
 .debug_abbrev  0x0000000000001e2a      0x179 ./src/conditions.o
 .debug_abbrev  0x0000000000001fa3      0x4e4 ./src/dht22.o
 .debug_abbrev  0x0000000000002487      0x48b ./src/dmachan.o
 .debug_abbrev  0x0000000000002912      0x2c7 ./src/dtostrf.o
 .debug_abbrev  0x0000000000002bd9      0x69d ./src/flood.o
 .debug_abbrev  0x0000000000003276      0x4d0 ./src/hcsr04.o
 .debug_abbrev  0x0000000000003746      0x22f ./src/intchain.o
 .debug_abbrev  0x0000000000003975      0x587 ./src/main.o
 .debug_abbrev  0x0000000000003efc      0x466 ./src/serial.o

.debug_line     0x0000000000000000     0x8aaf
 *(.debug_line)
 .debug_line    0x0000000000000000      0x6b3 ./system/src/stm32f0-stdperiph/stm32f0xx_dma.o
 .debug_line    0x00000000000006b3      0x523 ./system/src/stm32f0-stdperiph/stm32f0xx_exti.o
 .debug_line    0x0000000000000bd6      0x6fd ./system/src/stm32f0-stdperiph/stm32f0xx_gpio.o
 .debug_line    0x00000000000012d3      0x383 ./system/src/stm32f0-stdperiph/stm32f0xx_misc.o
 .debug_line    0x0000000000001656      0x9ca ./system/src/stm32f0-stdperiph/stm32f0xx_rcc.o
 .debug_line    0x0000000000002020      0x471 ./system/src/stm32f0-stdperiph/stm32f0xx_syscfg.o
 .debug_line    0x0000000000002491      0xe3b ./system/src/stm32f0-stdperiph/stm32f0xx_usart.o
 .debug_line    0x00000000000032cc      0x2a8 ./system/src/newlib/_cxx.o
 .debug_line    0x0000000000003574      0x1fd ./system/src/newlib/_exit.o
 .debug_line    0x0000000000003771      0x25f ./system/src/newlib/_startup.o
 .debug_line    0x00000000000039d0      0x2a7 ./system/src/newlib/_syscalls.o
 .debug_line    0x0000000000003c77      0x222 ./system/src/newlib/assert.o
 .debug_line    0x0000000000003e99      0x33f ./system/src/cortexm/_initialize_hardware.o
 .debug_line    0x00000000000041d8      0x516 ./system/src/cortexm/exception_handlers.o
 .debug_line    0x00000000000046ee      0x3be ./system/src/cmsis/system_stm32f0xx.o
 .debug_line    0x0000000000004aac       0xd4 ./system/src/cmsis/vectors_stm32f0xx.o
 .debug_line    0x0000000000004b80      0x40d ./src/Timer.o
 .debug_line    0x0000000000004f8d      0x55b ./src/bbuffer.o
 .debug_line    0x00000000000054e8      0x4a2 ./src/buffer.o
 .debug_line    0x000000000000598a      0x4c2 ./src/conditions.o
 .debug_line    0x0000000000005e4c      0x45a ./src/dht22.o
 .debug_line    0x00000000000062a6      0x50a ./src/dmachan.o
 .debug_line    0x00000000000067b0      0x710 ./src/dtostrf.o
 .debug_line    0x0000000000006ec0      0x81a ./src/flood.o
 .debug_line    0x00000000000076da      0x403 ./src/hcsr04.o
 .debug_line    0x0000000000007add      0x38e ./src/intchain.o
 .debug_line    0x0000000000007e6b      0x6d1 ./src/main.o
 .debug_line    0x000000000000853c      0x573 ./src/serial.o

.debug_frame    0x0000000000000000     0x1e58
 *(.debug_frame)
 .debug_frame   0x0000000000000000      0x120 ./system/src/stm32f0-stdperiph/stm32f0xx_dma.o
 .debug_frame   0x0000000000000120       0xc0 ./system/src/stm32f0-stdperiph/stm32f0xx_exti.o
 .debug_frame   0x00000000000001e0      0x168 ./system/src/stm32f0-stdperiph/stm32f0xx_gpio.o
 .debug_frame   0x0000000000000348       0x60 ./system/src/stm32f0-stdperiph/stm32f0xx_misc.o
 .debug_frame   0x00000000000003a8      0x3f8 ./system/src/stm32f0-stdperiph/stm32f0xx_rcc.o
 .debug_frame   0x00000000000007a0       0xd4 ./system/src/stm32f0-stdperiph/stm32f0xx_syscfg.o
 .debug_frame   0x0000000000000874      0x550 ./system/src/stm32f0-stdperiph/stm32f0xx_usart.o
 .debug_frame   0x0000000000000dc4       0x40 ./system/src/newlib/_cxx.o
 .debug_frame   0x0000000000000e04       0x38 ./system/src/newlib/_exit.o
 .debug_frame   0x0000000000000e3c       0x80 ./system/src/newlib/_startup.o
 .debug_frame   0x0000000000000ebc       0x50 ./system/src/newlib/_syscalls.o
 .debug_frame   0x0000000000000f0c       0x40 ./system/src/newlib/assert.o
 .debug_frame   0x0000000000000f4c       0x40 ./system/src/cortexm/_initialize_hardware.o
 .debug_frame   0x0000000000000f8c       0x88 ./system/src/cortexm/exception_handlers.o
 .debug_frame   0x0000000000001014       0x54 ./system/src/cmsis/system_stm32f0xx.o
 .debug_frame   0x0000000000001068       0x20 ./system/src/cmsis/vectors_stm32f0xx.o
 .debug_frame   0x0000000000001088       0xb8 ./src/Timer.o
 .debug_frame   0x0000000000001140       0x8c ./src/bbuffer.o
 .debug_frame   0x00000000000011cc       0x94 ./src/buffer.o
 .debug_frame   0x0000000000001260       0x40 ./src/conditions.o
 .debug_frame   0x00000000000012a0       0xf4 ./src/dht22.o
 .debug_frame   0x0000000000001394      0x148 ./src/dmachan.o
 .debug_frame   0x00000000000014dc      0x158 ./src/dtostrf.o
 .debug_frame   0x0000000000001634      0x218 ./src/flood.o
 .debug_frame   0x000000000000184c       0xd4 ./src/hcsr04.o
 .debug_frame   0x0000000000001920       0x78 ./src/intchain.o
 .debug_frame   0x0000000000001998      0x148 ./src/main.o
 .debug_frame   0x0000000000001ae0      0x11c ./src/serial.o
 .debug_frame   0x0000000000001bfc       0x28 /usr/bin/../lib/gcc/arm-none-eabi/4.9.3/../../../../arm-none-eabi/lib/armv6-m/libstdc++_nano.a(del_op.o)
 .debug_frame   0x0000000000001c24       0x20 /usr/bin/../lib/gcc/arm-none-eabi/4.9.3/armv6-m/libgcc.a(_udivsi3.o)
 .debug_frame   0x0000000000001c44       0x20 /usr/bin/../lib/gcc/arm-none-eabi/4.9.3/armv6-m/libgcc.a(_divsi3.o)
 .debug_frame   0x0000000000001c64       0x34 /usr/bin/../lib/gcc/arm-none-eabi/4.9.3/armv6-m/libgcc.a(_muldi3.o)
 .debug_frame   0x0000000000001c98       0x50 /usr/bin/../lib/gcc/arm-none-eabi/4.9.3/armv6-m/libgcc.a(bpabi.o)
 .debug_frame   0x0000000000001ce8       0x3c /usr/bin/../lib/gcc/arm-none-eabi/4.9.3/armv6-m/libgcc.a(_divdi3.o)
 .debug_frame   0x0000000000001d24       0x3c /usr/bin/../lib/gcc/arm-none-eabi/4.9.3/armv6-m/libgcc.a(_udivdi3.o)
 .debug_frame   0x0000000000001d60       0x20 /usr/bin/../lib/gcc/arm-none-eabi/4.9.3/../../../../arm-none-eabi/lib/armv6-m/libg_nano.a(lib_a-isspace.o)
 .debug_frame   0x0000000000001d80       0x40 /usr/bin/../lib/gcc/arm-none-eabi/4.9.3/../../../../arm-none-eabi/lib/armv6-m/libg_nano.a(lib_a-malloc.o)
 .debug_frame   0x0000000000001dc0       0x2c /usr/bin/../lib/gcc/arm-none-eabi/4.9.3/../../../../arm-none-eabi/lib/armv6-m/libg_nano.a(lib_a-nano-freer.o)
 .debug_frame   0x0000000000001dec       0x2c /usr/bin/../lib/gcc/arm-none-eabi/4.9.3/../../../../arm-none-eabi/lib/armv6-m/libg_nano.a(lib_a-nano-mallocr.o)
 .debug_frame   0x0000000000001e18       0x20 /usr/bin/../lib/gcc/arm-none-eabi/4.9.3/../../../../arm-none-eabi/lib/armv6-m/libg_nano.a(lib_a-strlen.o)
 .debug_frame   0x0000000000001e38       0x20 /usr/bin/../lib/gcc/arm-none-eabi/4.9.3/../../../../arm-none-eabi/lib/armv6-m/libg_nano.a(lib_a-toupper.o)

.debug_str      0x0000000000000000    0x4a2f1
 *(.debug_str)
 .debug_str     0x0000000000000000    0x3f36f ./system/src/stm32f0-stdperiph/stm32f0xx_dma.o
                                      0x3f52a (size before relaxing)
 .debug_str     0x000000000003f36f      0x1a0 ./system/src/stm32f0-stdperiph/stm32f0xx_exti.o
                                      0x3f221 (size before relaxing)
 .debug_str     0x000000000003f50f      0x27e ./system/src/stm32f0-stdperiph/stm32f0xx_gpio.o
                                      0x3f35c (size before relaxing)
 .debug_str     0x000000000003f78d      0x126 ./system/src/stm32f0-stdperiph/stm32f0xx_misc.o
                                      0x3f1ab (size before relaxing)
 .debug_str     0x000000000003f8b3      0x645 ./system/src/stm32f0-stdperiph/stm32f0xx_rcc.o
                                      0x3f6f3 (size before relaxing)
 .debug_str     0x000000000003fef8      0x188 ./system/src/stm32f0-stdperiph/stm32f0xx_syscfg.o
                                      0x3f1d0 (size before relaxing)
 .debug_str     0x0000000000040080      0x7ee ./system/src/stm32f0-stdperiph/stm32f0xx_usart.o
                                      0x3f98a (size before relaxing)
 .debug_str     0x000000000004086e     0x4e12 ./system/src/newlib/_cxx.o
                                       0x7190 (size before relaxing)
 .debug_str     0x0000000000045680       0xca ./system/src/newlib/_exit.o
                                       0x5d14 (size before relaxing)
 .debug_str     0x000000000004574a      0x26b ./system/src/newlib/_startup.o
                                       0x405e (size before relaxing)
 .debug_str     0x00000000000459b5     0x15db ./system/src/newlib/_syscalls.o
                                       0x6480 (size before relaxing)
 .debug_str     0x0000000000046f90       0xe6 ./system/src/newlib/assert.o
                                       0x6824 (size before relaxing)
 .debug_str     0x0000000000047076       0x67 ./system/src/cortexm/_initialize_hardware.o
                                      0x3f079 (size before relaxing)
 .debug_str     0x00000000000470dd      0x15f ./system/src/cortexm/exception_handlers.o
                                      0x42924 (size before relaxing)
 .debug_str     0x000000000004723c       0x6e ./system/src/cmsis/system_stm32f0xx.o
                                      0x3f134 (size before relaxing)
 .debug_str     0x00000000000472aa       0x56 ./system/src/cmsis/vectors_stm32f0xx.o
                                       0x2f17 (size before relaxing)
 .debug_str     0x0000000000047300      0x468 ./src/Timer.o
                                      0x3f79a (size before relaxing)
 .debug_str     0x0000000000047768      0x3b4 ./src/bbuffer.o
                                      0x41c66 (size before relaxing)
 .debug_str     0x0000000000047b1c       0x67 ./src/buffer.o
                                      0x41ab9 (size before relaxing)
 .debug_str     0x0000000000047b83       0x43 ./src/conditions.o
                                      0x42010 (size before relaxing)
 .debug_str     0x0000000000047bc6      0x36f ./src/dht22.o
                                      0x3fb2f (size before relaxing)
 .debug_str     0x0000000000047f35      0x36e ./src/dmachan.o
                                      0x3ff37 (size before relaxing)
 .debug_str     0x00000000000482a3      0xc07 ./src/dtostrf.o
                                      0x426c6 (size before relaxing)
 .debug_str     0x0000000000048eaa      0x881 ./src/flood.o
                                      0x42bfb (size before relaxing)
 .debug_str     0x000000000004972b       0x86 ./src/hcsr04.o
                                      0x3fbcc (size before relaxing)
 .debug_str     0x00000000000497b1       0x76 ./src/intchain.o
                                      0x3f3c6 (size before relaxing)
 .debug_str     0x0000000000049827      0xa2d ./src/main.o
                                      0x444b8 (size before relaxing)
 .debug_str     0x000000000004a254       0x9d ./src/serial.o
                                      0x424a2 (size before relaxing)

.debug_loc      0x0000000000000000     0x65c5
 *(.debug_loc)
 .debug_loc     0x0000000000000000      0x2fc ./system/src/stm32f0-stdperiph/stm32f0xx_dma.o
 .debug_loc     0x00000000000002fc      0x1a7 ./system/src/stm32f0-stdperiph/stm32f0xx_exti.o
 .debug_loc     0x00000000000004a3      0x51a ./system/src/stm32f0-stdperiph/stm32f0xx_gpio.o
 .debug_loc     0x00000000000009bd       0xdf ./system/src/stm32f0-stdperiph/stm32f0xx_misc.o
 .debug_loc     0x0000000000000a9c      0xc92 ./system/src/stm32f0-stdperiph/stm32f0xx_rcc.o
 .debug_loc     0x000000000000172e      0x236 ./system/src/stm32f0-stdperiph/stm32f0xx_syscfg.o
 .debug_loc     0x0000000000001964     0x1408 ./system/src/stm32f0-stdperiph/stm32f0xx_usart.o
 .debug_loc     0x0000000000002d6c      0x265 ./system/src/newlib/_startup.o
 .debug_loc     0x0000000000002fd1       0x63 ./system/src/newlib/_syscalls.o
 .debug_loc     0x0000000000003034       0xc6 ./system/src/newlib/assert.o
 .debug_loc     0x00000000000030fa      0x188 ./system/src/cmsis/system_stm32f0xx.o
 .debug_loc     0x0000000000003282      0x20f ./src/Timer.o
 .debug_loc     0x0000000000003491      0x685 ./src/bbuffer.o
 .debug_loc     0x0000000000003b16      0x307 ./src/buffer.o
 .debug_loc     0x0000000000003e1d       0xb6 ./src/conditions.o
 .debug_loc     0x0000000000003ed3      0x3d3 ./src/dht22.o
 .debug_loc     0x00000000000042a6      0x1fc ./src/dmachan.o
 .debug_loc     0x00000000000044a2      0xd2c ./src/dtostrf.o
 .debug_loc     0x00000000000051ce      0xb85 ./src/flood.o
 .debug_loc     0x0000000000005d53      0x2ea ./src/hcsr04.o
 .debug_loc     0x000000000000603d       0x39 ./src/intchain.o
 .debug_loc     0x0000000000006076      0x163 ./src/main.o
 .debug_loc     0x00000000000061d9      0x3ec ./src/serial.o

.debug_macinfo
 *(.debug_macinfo)

.debug_weaknames
 *(.debug_weaknames)

.debug_funcnames
 *(.debug_funcnames)

.debug_typenames
 *(.debug_typenames)

.debug_varnames
 *(.debug_varnames)
OUTPUT(micro.elf elf32-littlearm)

.debug_ranges   0x0000000000000000      0xa10
 .debug_ranges  0x0000000000000000       0x60 ./system/src/stm32f0-stdperiph/stm32f0xx_dma.o
 .debug_ranges  0x0000000000000060       0x48 ./system/src/stm32f0-stdperiph/stm32f0xx_exti.o
 .debug_ranges  0x00000000000000a8       0x70 ./system/src/stm32f0-stdperiph/stm32f0xx_gpio.o
 .debug_ranges  0x0000000000000118       0x20 ./system/src/stm32f0-stdperiph/stm32f0xx_misc.o
 .debug_ranges  0x0000000000000138      0x150 ./system/src/stm32f0-stdperiph/stm32f0xx_rcc.o
 .debug_ranges  0x0000000000000288       0x48 ./system/src/stm32f0-stdperiph/stm32f0xx_syscfg.o
 .debug_ranges  0x00000000000002d0      0x190 ./system/src/stm32f0-stdperiph/stm32f0xx_usart.o
 .debug_ranges  0x0000000000000460       0x18 ./system/src/newlib/_cxx.o
 .debug_ranges  0x0000000000000478       0x18 ./system/src/newlib/_exit.o
 .debug_ranges  0x0000000000000490       0x48 ./system/src/newlib/_startup.o
 .debug_ranges  0x00000000000004d8       0x20 ./system/src/newlib/_syscalls.o
 .debug_ranges  0x00000000000004f8       0x18 ./system/src/newlib/assert.o
 .debug_ranges  0x0000000000000510       0x18 ./system/src/cortexm/_initialize_hardware.o
 .debug_ranges  0x0000000000000528       0x40 ./system/src/cortexm/exception_handlers.o
 .debug_ranges  0x0000000000000568       0x20 ./system/src/cmsis/system_stm32f0xx.o
 .debug_ranges  0x0000000000000588       0x10 ./system/src/cmsis/vectors_stm32f0xx.o
 .debug_ranges  0x0000000000000598       0x40 ./src/Timer.o
 .debug_ranges  0x00000000000005d8       0x30 ./src/bbuffer.o
 .debug_ranges  0x0000000000000608       0x30 ./src/buffer.o
 .debug_ranges  0x0000000000000638       0x20 ./src/conditions.o
 .debug_ranges  0x0000000000000658       0x80 ./src/dht22.o
 .debug_ranges  0x00000000000006d8       0x70 ./src/dmachan.o
 .debug_ranges  0x0000000000000748       0xb0 ./src/dtostrf.o
 .debug_ranges  0x00000000000007f8       0xe0 ./src/flood.o
 .debug_ranges  0x00000000000008d8       0x40 ./src/hcsr04.o
 .debug_ranges  0x0000000000000918       0x30 ./src/intchain.o
 .debug_ranges  0x0000000000000948       0x70 ./src/main.o
 .debug_ranges  0x00000000000009b8       0x58 ./src/serial.o

.debug_macro    0x0000000000000000     0x6f8e
 .debug_macro   0x0000000000000000      0x186 ./system/src/stm32f0-stdperiph/stm32f0xx_dma.o
 .debug_macro   0x0000000000000186      0x28f ./system/src/stm32f0-stdperiph/stm32f0xx_dma.o
 .debug_macro   0x0000000000000415      0x15c ./system/src/stm32f0-stdperiph/stm32f0xx_exti.o
 .debug_macro   0x0000000000000571       0xd1 ./system/src/stm32f0-stdperiph/stm32f0xx_exti.o
 .debug_macro   0x0000000000000642      0x156 ./system/src/stm32f0-stdperiph/stm32f0xx_gpio.o
 .debug_macro   0x0000000000000798      0x17f ./system/src/stm32f0-stdperiph/stm32f0xx_gpio.o
 .debug_macro   0x0000000000000917      0x156 ./system/src/stm32f0-stdperiph/stm32f0xx_misc.o
 .debug_macro   0x0000000000000a6d       0x34 ./system/src/stm32f0-stdperiph/stm32f0xx_misc.o
 .debug_macro   0x0000000000000aa1      0x174 ./system/src/stm32f0-stdperiph/stm32f0xx_rcc.o
 .debug_macro   0x0000000000000c15      0x51c ./system/src/stm32f0-stdperiph/stm32f0xx_rcc.o
 .debug_macro   0x0000000000001131      0x156 ./system/src/stm32f0-stdperiph/stm32f0xx_syscfg.o
 .debug_macro   0x0000000000001287      0x17e ./system/src/stm32f0-stdperiph/stm32f0xx_syscfg.o
 .debug_macro   0x0000000000001405      0x16e ./system/src/stm32f0-stdperiph/stm32f0xx_usart.o
 .debug_macro   0x0000000000001573      0x34d ./system/src/stm32f0-stdperiph/stm32f0xx_usart.o
 .debug_macro   0x00000000000018c0      0x164 ./system/src/newlib/_cxx.o
 .debug_macro   0x0000000000001a24      0x8aa ./system/src/newlib/_cxx.o
 .debug_macro   0x00000000000022ce       0xef ./system/src/newlib/_cxx.o
 .debug_macro   0x00000000000023bd      0x330 ./system/src/newlib/_cxx.o
 .debug_macro   0x00000000000026ed       0x58 ./system/src/newlib/_cxx.o
 .debug_macro   0x0000000000002745       0x22 ./system/src/newlib/_cxx.o
 .debug_macro   0x0000000000002767       0x35 ./system/src/newlib/_cxx.o
 .debug_macro   0x000000000000279c       0x9c ./system/src/newlib/_cxx.o
 .debug_macro   0x0000000000002838       0x16 ./system/src/newlib/_cxx.o
 .debug_macro   0x000000000000284e      0x10e ./system/src/newlib/_cxx.o
 .debug_macro   0x000000000000295c       0x8d ./system/src/newlib/_cxx.o
 .debug_macro   0x00000000000029e9       0x4a ./system/src/newlib/_cxx.o
 .debug_macro   0x0000000000002a33       0x52 ./system/src/newlib/_cxx.o
 .debug_macro   0x0000000000002a85       0x16 ./system/src/newlib/_cxx.o
 .debug_macro   0x0000000000002a9b       0x43 ./system/src/newlib/_cxx.o
 .debug_macro   0x0000000000002ade      0x180 ./system/src/newlib/_cxx.o
 .debug_macro   0x0000000000002c5e      0x2a4 ./system/src/newlib/_cxx.o
 .debug_macro   0x0000000000002f02       0x16 ./system/src/newlib/_cxx.o
 .debug_macro   0x0000000000002f18       0x29 ./system/src/newlib/_cxx.o
 .debug_macro   0x0000000000002f41       0xac ./system/src/newlib/_cxx.o
 .debug_macro   0x0000000000002fed       0x10 ./system/src/newlib/_cxx.o
 .debug_macro   0x0000000000002ffd       0x22 ./system/src/newlib/_cxx.o
 .debug_macro   0x000000000000301f       0x22 ./system/src/newlib/_cxx.o
 .debug_macro   0x0000000000003041       0xbe ./system/src/newlib/_cxx.o
 .debug_macro   0x00000000000030ff       0x16 ./system/src/newlib/_cxx.o
 .debug_macro   0x0000000000003115       0x35 ./system/src/newlib/_cxx.o
 .debug_macro   0x000000000000314a      0x48e ./system/src/newlib/_cxx.o
 .debug_macro   0x00000000000035d8      0x131 ./system/src/newlib/_exit.o
 .debug_macro   0x0000000000003709       0x9c ./system/src/newlib/_exit.o
 .debug_macro   0x00000000000037a5      0x10e ./system/src/newlib/_exit.o
 .debug_macro   0x00000000000038b3       0x86 ./system/src/newlib/_exit.o
 .debug_macro   0x0000000000003939       0x43 ./system/src/newlib/_exit.o
 .debug_macro   0x000000000000397c      0x27a ./system/src/newlib/_exit.o
 .debug_macro   0x0000000000003bf6       0x35 ./system/src/newlib/_exit.o
 .debug_macro   0x0000000000003c2b       0xe4 ./system/src/newlib/_startup.o
 .debug_macro   0x0000000000003d0f      0x1ad ./system/src/newlib/_syscalls.o
 .debug_macro   0x0000000000003ebc       0x1c ./system/src/newlib/_syscalls.o
 .debug_macro   0x0000000000003ed8       0x10 ./system/src/newlib/_syscalls.o
 .debug_macro   0x0000000000003ee8       0x10 ./system/src/newlib/_syscalls.o
 .debug_macro   0x0000000000003ef8       0x10 ./system/src/newlib/_syscalls.o
 .debug_macro   0x0000000000003f08       0x10 ./system/src/newlib/_syscalls.o
 .debug_macro   0x0000000000003f18       0x35 ./system/src/newlib/_syscalls.o
 .debug_macro   0x0000000000003f4d      0x122 ./system/src/newlib/_syscalls.o
 .debug_macro   0x000000000000406f       0x2e ./system/src/newlib/_syscalls.o
 .debug_macro   0x000000000000409d       0x82 ./system/src/newlib/_syscalls.o
 .debug_macro   0x000000000000411f       0x2b ./system/src/newlib/_syscalls.o
 .debug_macro   0x000000000000414a      0x118 ./system/src/newlib/_syscalls.o
 .debug_macro   0x0000000000004262      0x13e ./system/src/newlib/_syscalls.o
 .debug_macro   0x00000000000043a0       0x16 ./system/src/newlib/_syscalls.o
 .debug_macro   0x00000000000043b6      0x14d ./system/src/newlib/assert.o
 .debug_macro   0x0000000000004503       0x1c ./system/src/newlib/assert.o
 .debug_macro   0x000000000000451f      0x156 ./system/src/cortexm/_initialize_hardware.o
 .debug_macro   0x0000000000004675      0x284 ./system/src/cortexm/exception_handlers.o
 .debug_macro   0x00000000000048f9       0x22 ./system/src/cortexm/exception_handlers.o
 .debug_macro   0x000000000000491b       0x10 ./system/src/cortexm/exception_handlers.o
 .debug_macro   0x000000000000492b       0xc8 ./system/src/cortexm/exception_handlers.o
 .debug_macro   0x00000000000049f3       0xbe ./system/src/cortexm/exception_handlers.o
 .debug_macro   0x0000000000004ab1       0x10 ./system/src/cortexm/exception_handlers.o
 .debug_macro   0x0000000000004ac1      0x14c ./system/src/cmsis/system_stm32f0xx.o
 .debug_macro   0x0000000000004c0d       0x34 ./system/src/cmsis/vectors_stm32f0xx.o
 .debug_macro   0x0000000000004c41      0x172 ./src/Timer.o
 .debug_macro   0x0000000000004db3      0x242 ./src/Timer.o
 .debug_macro   0x0000000000004ff5       0x10 ./src/Timer.o
 .debug_macro   0x0000000000005005       0x16 ./src/Timer.o
 .debug_macro   0x000000000000501b      0x22e ./src/bbuffer.o
 .debug_macro   0x0000000000005249      0x174 ./src/bbuffer.o
 .debug_macro   0x00000000000053bd      0x21a ./src/buffer.o
 .debug_macro   0x00000000000055d7      0x262 ./src/conditions.o
 .debug_macro   0x0000000000005839       0xc5 ./src/conditions.o
 .debug_macro   0x00000000000058fe       0x16 ./src/conditions.o
 .debug_macro   0x0000000000005914      0x17e ./src/dht22.o
 .debug_macro   0x0000000000005a92      0x1c6 ./src/dmachan.o
 .debug_macro   0x0000000000005c58       0x19 ./src/dmachan.o
 .debug_macro   0x0000000000005c71      0x249 ./src/dtostrf.o
 .debug_macro   0x0000000000005eba      0x1da ./src/dtostrf.o
 .debug_macro   0x0000000000006094       0x52 ./src/dtostrf.o
 .debug_macro   0x00000000000060e6      0x29a ./src/flood.o
 .debug_macro   0x0000000000006380      0x178 ./src/hcsr04.o
 .debug_macro   0x00000000000064f8      0x160 ./src/intchain.o
 .debug_macro   0x0000000000006658      0x355 ./src/main.o
 .debug_macro   0x00000000000069ad       0x16 ./src/main.o
 .debug_macro   0x00000000000069c3       0x97 ./src/main.o
 .debug_macro   0x0000000000006a5a       0xfd ./src/main.o
 .debug_macro   0x0000000000006b57       0x10 ./src/main.o
 .debug_macro   0x0000000000006b67       0x16 ./src/main.o
 .debug_macro   0x0000000000006b7d      0x197 ./src/main.o
 .debug_macro   0x0000000000006d14       0x16 ./src/main.o
 .debug_macro   0x0000000000006d2a      0x264 ./src/serial.o
